Verification started (UTC): 2026-09-20T05:53:22Z
Repository commit: c270fb9cce5548ebd939467312b60dad4f081441
 M README.md
 M android/build.gradle.kts
 M android/src/androidTest/java/app/plink/android/PlinkDeviceTestRunner.kt
 M android/src/main/java/app/plink/android/notifications/RemoteInputReplyExecutor.kt
 M android/src/main/java/app/plink/android/notifications/ReplyRoute.kt
 M android/src/main/java/app/plink/android/permissions/AndroidPermissionReader.kt
 M android/src/main/java/app/plink/android/services/InboundCommandHandler.kt
 M android/src/main/java/app/plink/android/services/PlinkNotificationListenerService.kt
 M android/src/main/java/app/plink/android/services/PlinkSessionController.kt
 M android/src/main/java/app/plink/android/ui/ConnectionRing.kt
 M android/src/main/java/app/plink/android/ui/FloatingNavigation.kt
 M android/src/main/java/app/plink/android/ui/ManualPairingCard.kt
 M android/src/main/java/app/plink/android/ui/PlinkAppScreen.kt
 M android/src/main/java/app/plink/android/ui/theme/Type.kt
 M android/src/test/java/app/plink/android/notifications/ReplyRouteTest.kt
 M docs/manual-test-plan.md
 M docs/production-handoff.md
 M macos/Sources/PlinkCore/MacContinuity.swift
 M macos/Sources/PlinkCore/ReplyRouter.swift
 M macos/Sources/PlinkCore/SecureEnvelope.swift
 M macos/Sources/PlinkMac/BluetoothCallController.swift
 M macos/Sources/PlinkMac/NotificationBridge.swift
 M macos/Sources/PlinkMac/PlinkMacApp.swift
 M macos/Sources/PlinkMacDebugReceiver/main.swift
 M macos/Tests/PlinkCoreTests/MacContinuityTests.swift
 M macos/Tests/PlinkCoreTests/ReplyRouterTests.swift
 M scripts/verify.sh
 M third_party/tomato/PROVENANCE.json
?? docs/evidence/iteration-3/
?? macos/Sources/PlinkCore/MacNotificationBookkeeping.swift
?? macos/Tests/PlinkCoreTests/MacNotificationBookkeepingTests.swift
ProductName:		macOS
ProductVersion:		27.0
BuildVersion:		26A428
openjdk version "17.0.20.1" 2026-08-18
OpenJDK Runtime Environment Homebrew (build 17.0.20.1+0)
OpenJDK 64-Bit Server VM Homebrew (build 17.0.20.1+0, mixed mode, sharing)

------------------------------------------------------------
Gradle 9.3.1
------------------------------------------------------------

Build time:    2026-01-29 14:15:01 UTC
Revision:      44f4e8d3122ee6e7cbf5a248d7e20b4ca666bda3

Kotlin:        2.2.21
Groovy:        4.0.29
Ant:           Apache Ant(TM) version 1.10.15 compiled on August 25 2024
Launcher JVM:  17.0.20.1 (Homebrew 17.0.20.1+0)
Daemon JVM:    /opt/homebrew/Cellar/openjdk@17/17.0.20.1/libexec/openjdk.jdk/Contents/Home (no Daemon JVM specified, using current Java home)
OS:            Mac OS X 27.0 aarch64

swift-driver version: 1.168.6 Apple Swift version 6.4 (swiftlang-6.4.0.34.1 clang-2100.3.34.1)
Target: arm64-apple-macosx27.0.0
Xcode 27.0
Build version 27A266a
27.0
To honour the JVM settings for this build a single-use Daemon process will be forked. For more on this, please refer to https://docs.gradle.org/9.3.1/userguide/gradle_daemon.html#sec:disabling_the_daemon in the Gradle documentation.
Daemon will be stopped at the end of the build 
Warning: SDK processing. This version only understands SDK XML versions up to 3 but an SDK XML file of version 4 was encountered. This can happen if you use versions of Android Studio and the command-line tools that were released at different times.

> Task :android:printBuildEnvironment
Android compile SDK: 36
Android build tools: 36.0.0
Android minimum SDK: 26
Android target SDK: 36

> Task :android:clean
> Task :android:preBuild UP-TO-DATE
> Task :android:preDebugBuild UP-TO-DATE
> Task :android:mergeDebugNativeDebugMetadata NO-SOURCE
> Task :android:generateDebugResources
> Task :android:packageDebugResources
> Task :android:processDebugNavigationResources
> Task :android:generateDebugAssets UP-TO-DATE
> Task :android:javaPreCompileDebug
> Task :android:mergeDebugAssets
> Task :android:compressDebugAssets
> Task :android:desugarDebugFileDependencies
> Task :android:parseDebugLocalResources
> Task :android:checkDebugAarMetadata
> Task :android:compileDebugNavigationResources
> Task :android:mapDebugSourceSetPaths
> Task :android:generateDebugRFile
> Task :android:createDebugCompatibleScreenManifests
> Task :android:extractDeepLinksDebug
> Task :android:mergeDebugResources
> Task :android:processDebugMainManifest
> Task :android:processDebugManifest
> Task :android:mergeDebugJniLibFolders
> Task :android:checkDebugDuplicateClasses
> Task :android:mergeDebugNativeLibs
> Task :android:mergeLibDexDebug
> Task :android:validateSigningDebug
> Task :android:writeDebugAppMetadata

> Task :android:stripDebugDebugSymbols
Unable to strip the following libraries, packaging them as they are: libandroidx.graphics.path.so. Run with --info option to learn more.

> Task :android:writeDebugSigningConfigVersions
> Task :android:preReleaseBuild UP-TO-DATE
> Task :android:mergeReleaseJniLibFolders
> Task :android:mergeReleaseNativeLibs
> Task :android:generateReleaseResources

> Task :android:stripReleaseDebugSymbols
Unable to strip the following libraries, packaging them as they are: libandroidx.graphics.path.so. Run with --info option to learn more.

> Task :android:checkReleaseDuplicateClasses
> Task :android:extractReleaseNativeSymbolTables
> Task :android:packageReleaseResources
> Task :android:mergeReleaseNativeDebugMetadata NO-SOURCE
> Task :android:processReleaseNavigationResources
> Task :android:javaPreCompileRelease
> Task :android:parseReleaseLocalResources
> Task :android:mergeReleaseArtProfile
> Task :android:generateReleaseRFile
> Task :android:compileReleaseNavigationResources
> Task :android:checkReleaseAarMetadata
> Task :android:mapReleaseSourceSetPaths
> Task :android:createReleaseCompatibleScreenManifests
> Task :android:extractDeepLinksRelease
> Task :android:processReleaseMainManifest
> Task :android:processReleaseManifest
> Task :android:extractProguardFiles
> Task :android:mergeReleaseStartupProfile UP-TO-DATE
> Task :android:generateReleaseAssets UP-TO-DATE
> Task :android:mergeReleaseAssets
> Task :android:processReleaseManifestForPackage
> Task :android:compressReleaseAssets
> Task :android:mergeReleaseResources
> Task :android:extractReleaseVersionControlInfo
> Task :android:collectReleaseDependencies
> Task :android:sdkReleaseDependencyData
> Task :android:writeReleaseAppMetadata
> Task :android:writeReleaseSigningConfigVersions
> Task :android:preDebugAndroidTestBuild SKIPPED
> Task :android:generateDebugAndroidTestResources
> Task :android:packageDebugAndroidTestResources
> Task :android:processDebugAndroidTestNavigationResources
> Task :android:generateDebugAndroidTestAssets UP-TO-DATE
> Task :android:javaPreCompileDebugAndroidTest
> Task :android:parseDebugAndroidTestLocalResources
> Task :android:mergeDebugAndroidTestAssets
> Task :android:compressDebugAndroidTestAssets
> Task :android:desugarDebugAndroidTestFileDependencies
> Task :android:generateDebugAndroidTestRFile
> Task :android:checkDebugAndroidTestAarMetadata
> Task :android:compileDebugAndroidTestNavigationResources
> Task :android:mapDebugAndroidTestSourceSetPaths
> Task :android:mergeDebugAndroidTestResources
> Task :android:processDebugAndroidTestManifest
> Task :android:checkDebugAndroidTestDuplicateClasses
> Task :android:mergeDebugAndroidTestJniLibFolders
> Task :android:mergeExtDexDebugAndroidTest
> Task :android:mergeDebugAndroidTestNativeLibs NO-SOURCE
> Task :android:stripDebugAndroidTestDebugSymbols NO-SOURCE
> Task :android:mergeLibDexDebugAndroidTest
> Task :android:validateSigningDebugAndroidTest
> Task :android:writeDebugAndroidTestSigningConfigVersions
> Task :android:preDebugUnitTestBuild UP-TO-DATE
> Task :android:javaPreCompileDebugUnitTest
> Task :android:processDebugManifestForPackage
> Task :android:processReleaseResources
> Task :android:processDebugAndroidTestResources
> Task :android:optimizeReleaseResources
> Task :android:processDebugResources
> Task :android:compileDebugKotlin
> Task :android:compileDebugJavaWithJavac NO-SOURCE
> Task :android:compileReleaseKotlin
> Task :android:dexBuilderDebug
> Task :android:processDebugJavaRes
> Task :android:mergeDebugGlobalSynthetics
> Task :android:compileReleaseJavaWithJavac NO-SOURCE
> Task :android:mergeReleaseGeneratedProguardFiles UP-TO-DATE
> Task :android:processReleaseJavaRes
> Task :android:mergeProjectDexDebug
> Task :android:generateReleaseLintVitalReportModel
> Task :android:generateDebugLintReportModel
> Task :android:bundleDebugClassesToCompileJar
> Task :android:generateDebugAndroidTestLintModel
> Task :android:generateDebugUnitTestLintModel
> Task :android:bundleDebugClassesToRuntimeJar
> Task :android:expandReleaseArtProfileWildcards
> Task :android:mergeReleaseJavaResource
> Task :android:mergeDebugJavaResource

> Task :android:compileDebugAndroidTestKotlin
w: file:///Users/michaelwong/Developer/Plink/android/src/androidTest/java/app/plink/android/PlinkDeviceTestRunner.kt:101:16 'constructor(p0: String!, p1: String!, p2: Int, p3: String!, p4: Int, p5: Int, p6: Int, p7: Notification!, p8: UserHandle!, p9: Long): StatusBarNotification' is deprecated. Deprecated in Java.

> Task :android:compileDebugAndroidTestJavaWithJavac NO-SOURCE
> Task :android:dexBuilderDebugAndroidTest
> Task :android:processDebugAndroidTestJavaRes
> Task :android:mergeDebugAndroidTestGlobalSynthetics
> Task :android:mergeDebugAndroidTestJavaResource
> Task :android:mergeProjectDexDebugAndroidTest
> Task :android:packageDebugAndroidTest
> Task :android:createDebugAndroidTestApkListingFileRedirect
> Task :android:assembleDebugAndroidTest

> Task :android:compileDebugUnitTestKotlin
w: file:///Users/michaelwong/Developer/Plink/android/src/test/java/app/plink/android/protocol/FileTransferPayloadPolicyTest.kt:14:42 Java type mismatch: inferred type is 'String?', but 'String' was expected.

> Task :android:compileDebugUnitTestJavaWithJavac NO-SOURCE
> Task :android:processDebugUnitTestJavaRes
> Task :android:produceReleaseComposeMapping
> Task :android:mergeExtDexDebug
> Task :android:testDebugUnitTest
> Task :android:reportReleaseComposeMappingErrors
> Task :android:packageDebug
> Task :android:createDebugApkListingFileRedirect
> Task :android:assembleDebug
> Task :android:lintAnalyzeDebugAndroidTest
> Task :android:lintAnalyzeDebugUnitTest
> Task :android:lintVitalAnalyzeRelease
> Task :android:lintVitalReportRelease
> Task :android:lintVitalRelease
> Task :android:minifyReleaseWithR8
> Task :android:mergeReleaseComposeMapping
> Task :android:compileReleaseArtProfile
> Task :android:packageRelease
> Task :android:createReleaseApkListingFileRedirect
> Task :android:assembleRelease
> Task :android:lintAnalyzeDebug

> Task :android:lintReportDebug
Wrote HTML report to file:///Users/michaelwong/Developer/Plink/android/build/reports/lint-results-debug.html

> Task :android:lintDebug

BUILD SUCCESSFUL in 29s
129 actionable tasks: 127 executed, 2 up-to-date
Consider enabling configuration cache to speed up this build: https://docs.gradle.org/9.3.1/userguide/configuration_cache_enabling.html
Building for debugging...
[2 / 20]
[3 / 21] PlinkCore
[5 / 22] PlinkCore
[8 / 11] PlinkMac-product
[11 / 14] PlinkMac-product
[12 / 14] PlinkMac-product
[14 / 16] PlinkMac-product
Build complete! (1.85 sec)
Test Suite 'All tests' started at 2026-09-20 01:53:56.239.
Test Suite 'PlinkCoreTests.xctest' started at 2026-09-20 01:53:56.240.
Test Suite 'MacContinuityTests' started at 2026-09-20 01:53:56.240.
Test Case '-[PlinkCoreTests.MacContinuityTests testAckRequiresMatchingActionPeerAndPendingCommand]' started.
Test Case '-[PlinkCoreTests.MacContinuityTests testAckRequiresMatchingActionPeerAndPendingCommand]' passed (0.000 seconds).
Test Case '-[PlinkCoreTests.MacContinuityTests testActiveRefreshDoesNotReenablePendingHangup]' started.
Test Case '-[PlinkCoreTests.MacContinuityTests testActiveRefreshDoesNotReenablePendingHangup]' passed (0.000 seconds).
Test Case '-[PlinkCoreTests.MacContinuityTests testAwaitingUserDoesNotClaimExecutionAndAcceptsLaterOutcome]' started.
Test Case '-[PlinkCoreTests.MacContinuityTests testAwaitingUserDoesNotClaimExecutionAndAcceptsLaterOutcome]' passed (0.000 seconds).
Test Case '-[PlinkCoreTests.MacContinuityTests testCallActionsRequireCurrentIdentityAndObservedState]' started.
Test Case '-[PlinkCoreTests.MacContinuityTests testCallActionsRequireCurrentIdentityAndObservedState]' passed (0.000 seconds).
Test Case '-[PlinkCoreTests.MacContinuityTests testDisconnectAndCallCancellationInvalidateActions]' started.
Test Case '-[PlinkCoreTests.MacContinuityTests testDisconnectAndCallCancellationInvalidateActions]' passed (0.000 seconds).
Test Case '-[PlinkCoreTests.MacContinuityTests testEveryCallActionCancelsOnTerminalStateWithoutMigratingIdentity]' started.
Test Case '-[PlinkCoreTests.MacContinuityTests testEveryCallActionCancelsOnTerminalStateWithoutMigratingIdentity]' passed (0.000 seconds).
Test Case '-[PlinkCoreTests.MacContinuityTests testExecutingInvocationQuarantinesEvenAfterRemoteEnd]' started.
Test Case '-[PlinkCoreTests.MacContinuityTests testExecutingInvocationQuarantinesEvenAfterRemoteEnd]' passed (0.000 seconds).
Test Case '-[PlinkCoreTests.MacContinuityTests testExpiredExecutingWorkStaysQuarantinedAfterLateReturn]' started.
Test Case '-[PlinkCoreTests.MacContinuityTests testExpiredExecutingWorkStaysQuarantinedAfterLateReturn]' passed (0.000 seconds).
Test Case '-[PlinkCoreTests.MacContinuityTests testHeldOrDifferentCallIndexMakesTopologyAmbiguous]' started.
Test Case '-[PlinkCoreTests.MacContinuityTests testHeldOrDifferentCallIndexMakesTopologyAmbiguous]' passed (0.000 seconds).
Test Case '-[PlinkCoreTests.MacContinuityTests testIncorrectAckDoesNotConsumePendingCommand]' started.
Test Case '-[PlinkCoreTests.MacContinuityTests testIncorrectAckDoesNotConsumePendingCommand]' passed (0.000 seconds).
Test Case '-[PlinkCoreTests.MacContinuityTests testLateOperationAndOldGenerationCannotCompleteReplacement]' started.
Test Case '-[PlinkCoreTests.MacContinuityTests testLateOperationAndOldGenerationCannotCompleteReplacement]' passed (0.000 seconds).
Test Case '-[PlinkCoreTests.MacContinuityTests testNativeContinuationIsDeniedAfterExpiryOrCancellation]' started.
Test Case '-[PlinkCoreTests.MacContinuityTests testNativeContinuationIsDeniedAfterExpiryOrCancellation]' passed (0.000 seconds).
Test Case '-[PlinkCoreTests.MacContinuityTests testQueuedExpiredWorkNeverStartsAndReturnedCompletionCanBeDelayed]' started.
Test Case '-[PlinkCoreTests.MacContinuityTests testQueuedExpiredWorkNeverStartsAndReturnedCompletionCanBeDelayed]' passed (0.000 seconds).
Test Case '-[PlinkCoreTests.MacContinuityTests testReplyContextsExpireReplaceAndClear]' started.
Test Case '-[PlinkCoreTests.MacContinuityTests testReplyContextsExpireReplaceAndClear]' passed (0.000 seconds).
Test Case '-[PlinkCoreTests.MacContinuityTests testReplyRevocationIsScopedToPeerAndNotification]' started.
Test Case '-[PlinkCoreTests.MacContinuityTests testReplyRevocationIsScopedToPeerAndNotification]' passed (0.000 seconds).
Test Case '-[PlinkCoreTests.MacContinuityTests testReturnedInvocationTimesOutRecoverablyAndInvalidatesCallActions]' started.
Test Case '-[PlinkCoreTests.MacContinuityTests testReturnedInvocationTimesOutRecoverablyAndInvalidatesCallActions]' passed (0.000 seconds).
Test Case '-[PlinkCoreTests.MacContinuityTests testSCOAndGenericActiveCannotResolveUnconfirmedAnswer]' started.
Test Case '-[PlinkCoreTests.MacContinuityTests testSCOAndGenericActiveCannotResolveUnconfirmedAnswer]' passed (0.000 seconds).
Test Case '-[PlinkCoreTests.MacContinuityTests testSCOCannotCompleteAnswerOrHangup]' started.
Test Case '-[PlinkCoreTests.MacContinuityTests testSCOCannotCompleteAnswerOrHangup]' passed (0.000 seconds).
Test Case '-[PlinkCoreTests.MacContinuityTests testSCOCannotCreateCallOrGrantActions]' started.
Test Case '-[PlinkCoreTests.MacContinuityTests testSCOCannotCreateCallOrGrantActions]' passed (0.000 seconds).
Test Case '-[PlinkCoreTests.MacContinuityTests testSocketWriteIsNotExecutionAndTimeoutIsUnknown]' started.
Test Case '-[PlinkCoreTests.MacContinuityTests testSocketWriteIsNotExecutionAndTimeoutIsUnknown]' passed (0.000 seconds).
Test Case '-[PlinkCoreTests.MacContinuityTests testStatusRejectsInvalidBatteryAndMediaCommands]' started.
Test Case '-[PlinkCoreTests.MacContinuityTests testStatusRejectsInvalidBatteryAndMediaCommands]' passed (0.000 seconds).
Test Case '-[PlinkCoreTests.MacContinuityTests testWaitingCallCannotReuseOriginalActionIdentityAfterSetupEnds]' started.
Test Case '-[PlinkCoreTests.MacContinuityTests testWaitingCallCannotReuseOriginalActionIdentityAfterSetupEnds]' passed (0.000 seconds).
Test Case '-[PlinkCoreTests.MacContinuityTests testWaitingCallDoesNotBecomeActionableWithoutCallIndexSupport]' started.
Test Case '-[PlinkCoreTests.MacContinuityTests testWaitingCallDoesNotBecomeActionableWithoutCallIndexSupport]' passed (0.000 seconds).
Test Suite 'MacContinuityTests' passed at 2026-09-20 01:53:56.243.
	 Executed 23 tests, with 0 failures (0 unexpected) in 0.002 (0.003) seconds
Test Suite 'MacDeviceIdentityTests' started at 2026-09-20 01:53:56.243.
Test Case '-[PlinkCoreTests.MacDeviceIdentityTests testDifferentInstallationsGetDifferentIdentities]' started.
Test Case '-[PlinkCoreTests.MacDeviceIdentityTests testDifferentInstallationsGetDifferentIdentities]' passed (0.002 seconds).
Test Case '-[PlinkCoreTests.MacDeviceIdentityTests testFreshIdentityPersistsAcrossInstances]' started.
Test Case '-[PlinkCoreTests.MacDeviceIdentityTests testFreshIdentityPersistsAcrossInstances]' passed (0.001 seconds).
Test Case '-[PlinkCoreTests.MacDeviceIdentityTests testLegacyPairingGetsDurableFreshOfferIdentity]' started.
Test Case '-[PlinkCoreTests.MacDeviceIdentityTests testLegacyPairingGetsDurableFreshOfferIdentity]' passed (0.001 seconds).
Test Case '-[PlinkCoreTests.MacDeviceIdentityTests testMalformedPersistedIdentityFailsClosedWithoutReplacement]' started.
Test Case '-[PlinkCoreTests.MacDeviceIdentityTests testMalformedPersistedIdentityFailsClosedWithoutReplacement]' passed (0.001 seconds).
Test Case '-[PlinkCoreTests.MacDeviceIdentityTests testTwoUpgradedMacsHaveDifferentFreshOfferIdentities]' started.
Test Case '-[PlinkCoreTests.MacDeviceIdentityTests testTwoUpgradedMacsHaveDifferentFreshOfferIdentities]' passed (0.002 seconds).
Test Suite 'MacDeviceIdentityTests' passed at 2026-09-20 01:53:56.249.
	 Executed 5 tests, with 0 failures (0 unexpected) in 0.006 (0.006) seconds
Test Suite 'MacFileTransferTests' started at 2026-09-20 01:53:56.249.
Test Case '-[PlinkCoreTests.MacFileTransferTests testAbsoluteDeadlineCannotBeExtendedBySuccessfulProgress]' started.
Test Case '-[PlinkCoreTests.MacFileTransferTests testAbsoluteDeadlineCannotBeExtendedBySuccessfulProgress]' passed (0.002 seconds).
Test Case '-[PlinkCoreTests.MacFileTransferTests testBidirectionalBoundaryFilesSaveIdenticalBytesOnlyAfterConsent]' started.
Test Case '-[PlinkCoreTests.MacFileTransferTests testBidirectionalBoundaryFilesSaveIdenticalBytesOnlyAfterConsent]' passed (2.075 seconds).
Test Case '-[PlinkCoreTests.MacFileTransferTests testBusyAndStaleConsentCannotTakeOverExistingTransfer]' started.
Test Case '-[PlinkCoreTests.MacFileTransferTests testBusyAndStaleConsentCannotTakeOverExistingTransfer]' passed (0.001 seconds).
Test Case '-[PlinkCoreTests.MacFileTransferTests testCancellationFeatureOffAndSessionResetRevokeConsentAndClean]' started.
Test Case '-[PlinkCoreTests.MacFileTransferTests testCancellationFeatureOffAndSessionResetRevokeConsentAndClean]' passed (0.001 seconds).
Test Case '-[PlinkCoreTests.MacFileTransferTests testChooserRejectsChangedTransferAndGenerationBeforeMutation]' started.
Test Case '-[PlinkCoreTests.MacFileTransferTests testChooserRejectsChangedTransferAndGenerationBeforeMutation]' passed (0.000 seconds).
Test Case '-[PlinkCoreTests.MacFileTransferTests testDeadlineCrossingDuringExportPreservesExistingDestination]' started.
Test Case '-[PlinkCoreTests.MacFileTransferTests testDeadlineCrossingDuringExportPreservesExistingDestination]' passed (0.001 seconds).
Test Case '-[PlinkCoreTests.MacFileTransferTests testDeferredChooserCannotCancelReplacementOffer]' started.
Test Case '-[PlinkCoreTests.MacFileTransferTests testDeferredChooserCannotCancelReplacementOffer]' passed (0.000 seconds).
Test Case '-[PlinkCoreTests.MacFileTransferTests testDisabledBusyForeignAndUnacceptedMessagesCannotWrite]' started.
Test Case '-[PlinkCoreTests.MacFileTransferTests testDisabledBusyForeignAndUnacceptedMessagesCannotWrite]' passed (0.000 seconds).
Test Case '-[PlinkCoreTests.MacFileTransferTests testExportFailureNeverReportsSavedAndPathTraversalRejected]' started.
Test Case '-[PlinkCoreTests.MacFileTransferTests testExportFailureNeverReportsSavedAndPathTraversalRejected]' passed (0.001 seconds).
Test Case '-[PlinkCoreTests.MacFileTransferTests testMalformedActiveChunkStopsAndCleans]' started.
Test Case '-[PlinkCoreTests.MacFileTransferTests testMalformedActiveChunkStopsAndCleans]' passed (0.001 seconds).
Test Case '-[PlinkCoreTests.MacFileTransferTests testMonotonicOfferInactivityAndAbsoluteDeadlines]' started.
Test Case '-[PlinkCoreTests.MacFileTransferTests testMonotonicOfferInactivityAndAbsoluteDeadlines]' passed (0.001 seconds).
Test Case '-[PlinkCoreTests.MacFileTransferTests testNoncanonicalBase64IsRejectedBeforeWrite]' started.
Test Case '-[PlinkCoreTests.MacFileTransferTests testNoncanonicalBase64IsRejectedBeforeWrite]' passed (0.002 seconds).
Test Case '-[PlinkCoreTests.MacFileTransferTests testOversizeNeverOffersAndCleansSnapshot]' started.
Test Case '-[PlinkCoreTests.MacFileTransferTests testOversizeNeverOffersAndCleansSnapshot]' passed (0.013 seconds).
Test Case '-[PlinkCoreTests.MacFileTransferTests testRepeatedCancellationPreservesUnconfirmedSavedOutcome]' started.
Test Case '-[PlinkCoreTests.MacFileTransferTests testRepeatedCancellationPreservesUnconfirmedSavedOutcome]' passed (0.001 seconds).
Test Case '-[PlinkCoreTests.MacFileTransferTests testSenderNeverSendsBeforeAcceptOrTreatsTransportAsSaved]' started.
Test Case '-[PlinkCoreTests.MacFileTransferTests testSenderNeverSendsBeforeAcceptOrTreatsTransportAsSaved]' passed (0.001 seconds).
Test Case '-[PlinkCoreTests.MacFileTransferTests testSnapshotSurvivesInputMutationAndTerminalFramesDoNotResave]' started.
Test Case '-[PlinkCoreTests.MacFileTransferTests testSnapshotSurvivesInputMutationAndTerminalFramesDoNotResave]' passed (0.004 seconds).
Test Case '-[PlinkCoreTests.MacFileTransferTests testWrongIndexLengthAndDigestNeverSave]' started.
Test Case '-[PlinkCoreTests.MacFileTransferTests testWrongIndexLengthAndDigestNeverSave]' passed (0.002 seconds).
Test Suite 'MacFileTransferTests' passed at 2026-09-20 01:53:58.353.
	 Executed 17 tests, with 0 failures (0 unexpected) in 2.104 (2.105) seconds
Test Suite 'MacPairingFinalizationTests' started at 2026-09-20 01:53:58.353.
Test Case '-[PlinkCoreTests.MacPairingFinalizationTests testCommitFailureInvalidatesReplacementBeforeRollback]' started.
Test Case '-[PlinkCoreTests.MacPairingFinalizationTests testCommitFailureInvalidatesReplacementBeforeRollback]' passed (0.001 seconds).
Test Case '-[PlinkCoreTests.MacPairingFinalizationTests testCommitKeepsNewTrustAndExistingSessionKeyCannotBeOverwritten]' started.
Test Case '-[PlinkCoreTests.MacPairingFinalizationTests testCommitKeepsNewTrustAndExistingSessionKeyCannotBeOverwritten]' passed (0.001 seconds).
Test Case '-[PlinkCoreTests.MacPairingFinalizationTests testInterruptedDifferentPhonePairingRestoresPreviousSelection]' started.
Test Case '-[PlinkCoreTests.MacPairingFinalizationTests testInterruptedDifferentPhonePairingRestoresPreviousSelection]' passed (0.002 seconds).
Test Case '-[PlinkCoreTests.MacPairingFinalizationTests testLegacyV2RecordCannotActivateAfterFailedFreshPairing]' started.
Test Case '-[PlinkCoreTests.MacPairingFinalizationTests testLegacyV2RecordCannotActivateAfterFailedFreshPairing]' passed (0.001 seconds).
Test Case '-[PlinkCoreTests.MacPairingFinalizationTests testPairingDifferentPhoneRestoresExplicitLatestSelection]' started.
Test Case '-[PlinkCoreTests.MacPairingFinalizationTests testPairingDifferentPhoneRestoresExplicitLatestSelection]' passed (0.001 seconds).
Test Case '-[PlinkCoreTests.MacPairingFinalizationTests testPartiallyWrittenMetadataFailureRollsBackBothStores]' started.
Test Case '-[PlinkCoreTests.MacPairingFinalizationTests testPartiallyWrittenMetadataFailureRollsBackBothStores]' passed (0.001 seconds).
Test Case '-[PlinkCoreTests.MacPairingFinalizationTests testRecoveryAfterInterruptedSaveRestoresOldTrust]' started.
Test Case '-[PlinkCoreTests.MacPairingFinalizationTests testRecoveryAfterInterruptedSaveRestoresOldTrust]' passed (0.001 seconds).
Test Case '-[PlinkCoreTests.MacPairingFinalizationTests testRollbackRestoresPriorDeviceAndRemovesOnlyNewKey]' started.
Test Case '-[PlinkCoreTests.MacPairingFinalizationTests testRollbackRestoresPriorDeviceAndRemovesOnlyNewKey]' passed (0.001 seconds).
Test Case '-[PlinkCoreTests.MacPairingFinalizationTests testUnselectedStoredRecordsNeverChooseFirstPhone]' started.
Test Case '-[PlinkCoreTests.MacPairingFinalizationTests testUnselectedStoredRecordsNeverChooseFirstPhone]' passed (0.000 seconds).
Test Suite 'MacPairingFinalizationTests' passed at 2026-09-20 01:53:58.362.
	 Executed 9 tests, with 0 failures (0 unexpected) in 0.008 (0.008) seconds
Test Suite 'PlinkCoreTests.xctest' passed at 2026-09-20 01:53:58.362.
	 Executed 54 tests, with 0 failures (0 unexpected) in 2.120 (2.122) seconds
Test Suite 'All tests' passed at 2026-09-20 01:53:58.362.
	 Executed 54 tests, with 0 failures (0 unexpected) in 2.120 (2.123) seconds
◇ Test run started.
↳ Testing Library Version: 2084
↳ Target Platform: arm64e-apple-macos14.0
◇ Test strongVerificationBindsPublicKeys() started.
◇ Test encryptedFrameRejectsUnexpectedDeviceIds() started.
◇ Test encryptedFrameRoundTripsAndRejectsReplay() started.
◇ Test foundationSecureServerRejectsReplay() started.
◇ Test foundationSecureServerRejectsWrongDeviceId() started.
◇ Test legacyTrustDoesNotAcquireDurableTransportVersion() started.
◇ Test pairingConsentFieldsHaveUnambiguousBoundaries() started.
◇ Test expectedLengthWaitsForCompletePayload() started.
◇ Test confirmCreatesTrustedDevice() started.
◇ Test invalidLocalTextLeavesReplyContextAvailable() started.
◇ Test pairingConsentRejectsLegacyUnconfirmedPayload() started.
◇ Test pairingConsentProofBindsBothIdentitiesEndpointAndStage() started.
◇ Test secureEnvelopeRejectsTampering() started.
◇ Test messageBookkeepingEvictsOnlyOldestMessageAtCapacity() started.
◇ Test lateCleanupCannotRemoveReplacementOrSameKeyFromAnotherPeer() started.
◇ Test maximumFileChunkFitsEncryptedFrame() started.
◇ Test fileTransferSharedContractVectors() started.
◇ Test bonjourRecordRoundTripsPairingOffer() started.
◇ Test messageEnvelopeCreatesReplyNotificationPlan() started.
◇ Test replyRouterBuildsPairedDeviceReplyEnvelope() started.
◇ Test receiveShowsKeyBoundVerificationCode() started.
◇ Test confirmRejectsMissingPublicKey() started.
◇ Test messageBookkeepingRemovesIndexesOnReplyDismissalFailureAndExpiry() started.
◇ Test confirmWithoutOfferFailsClosed() started.
◇ Test decodesAndroidFractionalIsoDates() started.
◇ Test durableFrameStateFailsClosedOnCorruption() started.
◇ Test deriveIsStable() started.
◇ Test parallelReservationsAcrossStoreInstancesAreUnique() started.
◇ Test durableFrameStateSurvivesRecreationAndAcceptsReordering() started.
◇ Test replyContextDerivesFromMessageEnvelope() started.
◇ Test startReportsBindFailureSynchronously() started.
◇ Test replyContextStoreConsumesOnce() started.
◇ Test acceptsManualPairingConfirmation() started.
◇ Test foundationSecureServerReceivesAndroidCompatibleFrame() started.
◇ Test deriveChangesWithNonce() started.
◇ Test replyRouterRejectsTextAboveExistingLimit() started.
◇ Test envelopeRoundTrips() started.
◇ Test codecPersistsOnlyFullyAuthenticatedFramesAndBindsScope() started.
◇ Test bonjourRecordRejectsUnsupportedProtocol() started.
◇ Test manualPairingPayloadRoundTripsOffer() started.
◇ Test replyRouterRejectsBlankReplies() started.
◇ Test emptyLengthPrefixedFrameFailsClosed() started.
◇ Test clipboardEnvelopeCreatesHandoffAction() started.
◇ Test replyContextRequiresReplyCapabilityAndRouteFields() started.
◇ Test partialSocketDeadlineAllowsNextCompleteFrame() started.
◇ Test redactionMasksSensitivePayloadValues() started.
◇ Test bonjourRecordFallsBackToResolvedEndpoint() started.
◇ Test pairingNumericHighBitVectorMatchesAndroid() started.
◇ Test replyRouterPreservesExactUTF8Bytes(_:) started.
◇ Test transcriptEndpointAndTupleAreBound() started.
◇ Test secureEnvelopeOpensValidMessage() started.
◇ Test demoPairingCodeMatchesSharedFixture() started.
◇ Test encryptedFrameRejectsTampering() started.
◇ Test unsafeWebURLFailsPolicy() started.
◇ Test replyLengthMatchesAndroidUTF16Units(_:) started.
◇ Test stopClosesAcceptedClientAndAllowsRebind() started.
◇ Test replayWindowKeepsDuplicateRejectionAfterEviction() started.
◇ Test lengthPrefixedFrameRoundTrips() started.
◇ Test persistenceFailurePreventsAuthenticatedDispatch() started.
◇ Test inMemorySecretStoreRoundTripsSessionKey() started.
◇ Test case passing 1 argument text → "  reply  " to replyRouterPreservesExactUTF8Bytes(_:) started.
◇ Test case passing 1 argument text → "	first
second
 " to replyRouterPreservesExactUTF8Bytes(_:) started.
◇ Test case passing 1 argument text → "é|é|👩🏽‍💻|🇺🇳|終
" to replyRouterPreservesExactUTF8Bytes(_:) started.
◇ Test case passing 1 argument text → "
	 x 	
" to replyRouterPreservesExactUTF8Bytes(_:) started.
◇ Test case passing 1 argument unit → "😀" to replyLengthMatchesAndroidUTF16Units(_:) started.
◇ Test case passing 1 argument unit → "é" to replyLengthMatchesAndroidUTF16Units(_:) started.
✔ Test pairingConsentFieldsHaveUnambiguousBoundaries() passed after 0.005 seconds.
✔ Test strongVerificationBindsPublicKeys() passed after 0.005 seconds.
✔ Test lateCleanupCannotRemoveReplacementOrSameKeyFromAnotherPeer() passed after 0.005 seconds.
✔ Test expectedLengthWaitsForCompletePayload() passed after 0.005 seconds.
✔ Test legacyTrustDoesNotAcquireDurableTransportVersion() passed after 0.005 seconds.
✔ Test messageEnvelopeCreatesReplyNotificationPlan() passed after 0.005 seconds.
✔ Test pairingConsentProofBindsBothIdentitiesEndpointAndStage() passed after 0.005 seconds.
✔ Test invalidLocalTextLeavesReplyContextAvailable() passed after 0.005 seconds.
✔ Test messageBookkeepingRemovesIndexesOnReplyDismissalFailureAndExpiry() passed after 0.005 seconds.
✔ Test deriveIsStable() passed after 0.005 seconds.
✔ Test replyRouterBuildsPairedDeviceReplyEnvelope() passed after 0.005 seconds.
✔ Test bonjourRecordRoundTripsPairingOffer() passed after 0.005 seconds.
✔ Test replyContextDerivesFromMessageEnvelope() passed after 0.005 seconds.
✔ Test confirmRejectsMissingPublicKey() passed after 0.005 seconds.
✔ Test confirmWithoutOfferFailsClosed() passed after 0.005 seconds.
✔ Test confirmCreatesTrustedDevice() passed after 0.005 seconds.
✔ Test deriveChangesWithNonce() passed after 0.005 seconds.
✔ Test replyRouterRejectsTextAboveExistingLimit() passed after 0.005 seconds.
✔ Test envelopeRoundTrips() passed after 0.005 seconds.
✔ Test messageBookkeepingEvictsOnlyOldestMessageAtCapacity() passed after 0.005 seconds.
✔ Test replyContextStoreConsumesOnce() passed after 0.005 seconds.
✔ Test receiveShowsKeyBoundVerificationCode() passed after 0.005 seconds.
✔ Test bonjourRecordRejectsUnsupportedProtocol() passed after 0.005 seconds.
✔ Test replyRouterRejectsBlankReplies() passed after 0.005 seconds.
✔ Test emptyLengthPrefixedFrameFailsClosed() passed after 0.005 seconds.
✔ Test clipboardEnvelopeCreatesHandoffAction() passed after 0.005 seconds.
✔ Test replyContextRequiresReplyCapabilityAndRouteFields() passed after 0.005 seconds.
✔ Test pairingConsentRejectsLegacyUnconfirmedPayload() passed after 0.006 seconds.
✔ Test redactionMasksSensitivePayloadValues() passed after 0.005 seconds.
✔ Test manualPairingPayloadRoundTripsOffer() passed after 0.005 seconds.
✔ Test pairingNumericHighBitVectorMatchesAndroid() passed after 0.005 seconds.
✔ Test bonjourRecordFallsBackToResolvedEndpoint() passed after 0.006 seconds.
✔ Test replyRouterPreservesExactUTF8Bytes(_:) with 4 test cases passed after 0.005 seconds.
✔ Test acceptsManualPairingConfirmation() passed after 0.006 seconds.
✔ Test demoPairingCodeMatchesSharedFixture() passed after 0.005 seconds.
✔ Test transcriptEndpointAndTupleAreBound() passed after 0.005 seconds.
✔ Test durableFrameStateFailsClosedOnCorruption() passed after 0.006 seconds.
✔ Test unsafeWebURLFailsPolicy() passed after 0.005 seconds.
✔ Test decodesAndroidFractionalIsoDates() passed after 0.006 seconds.
✔ Test durableFrameStateSurvivesRecreationAndAcceptsReordering() passed after 0.006 seconds.
✔ Test replayWindowKeepsDuplicateRejectionAfterEviction() passed after 0.005 seconds.
✔ Test encryptedFrameRejectsUnexpectedDeviceIds() passed after 0.006 seconds.
✔ Test lengthPrefixedFrameRoundTrips() passed after 0.005 seconds.
✔ Test inMemorySecretStoreRoundTripsSessionKey() passed after 0.005 seconds.
✔ Test replyLengthMatchesAndroidUTF16Units(_:) with 2 test cases passed after 0.006 seconds.
✔ Test encryptedFrameRejectsTampering() passed after 0.006 seconds.
✔ Test secureEnvelopeRejectsTampering() passed after 0.006 seconds.
✔ Test secureEnvelopeOpensValidMessage() passed after 0.006 seconds.
✔ Test persistenceFailurePreventsAuthenticatedDispatch() passed after 0.009 seconds.
✔ Test encryptedFrameRoundTripsAndRejectsReplay() passed after 0.010 seconds.
✔ Test maximumFileChunkFitsEncryptedFrame() passed after 0.011 seconds.
✔ Test parallelReservationsAcrossStoreInstancesAreUnique() passed after 0.016 seconds.
✔ Test codecPersistsOnlyFullyAuthenticatedFramesAndBindsScope() passed after 0.016 seconds.
✔ Test stopClosesAcceptedClientAndAllowsRebind() passed after 0.043 seconds.
✔ Test fileTransferSharedContractVectors() passed after 0.059 seconds.
✔ Test startReportsBindFailureSynchronously() passed after 0.103 seconds.
✔ Test foundationSecureServerReceivesAndroidCompatibleFrame() passed after 0.205 seconds.
✔ Test foundationSecureServerRejectsWrongDeviceId() passed after 0.206 seconds.
✔ Test foundationSecureServerRejectsReplay() passed after 0.221 seconds.
✔ Test partialSocketDeadlineAllowsNextCompleteFrame() passed after 0.254 seconds.
✔ Test run with 60 tests in 0 suites passed after 0.255 seconds.
Building for debugging...
Build complete! (0.15 sec)
Building for production...
[3 / 11] PlinkCore
[5 / 12] PlinkCore
[8 / 11] PlinkMac-product
/Users/michaelwong/Developer/Plink/macos/Sources/PlinkMac/BluetoothCallController.swift:170:14: warning: result of call to 'abort' is unused [#NoUsage]
168 | 
169 |     private func cancelStart(_ operation: MacBluetoothOperationGate.Operation) {
170 |         gate.abort(operation)
    |              `- warning: result of call to 'abort' is unused [#NoUsage]
171 |         worker.cancel(operation)
172 |         finishUI()

[#NoUsage]: <https://docs.swift.org/compiler/documentation/diagnostics/no-usage>
[10 / 12] PlinkMac-product
[12 / 12] PlinkMac-product
[14 / 14] PlinkMac-product
Build complete! (6.20 sec)
/Users/michaelwong/Developer/Plink/build/PlinkMac.app: replacing existing signature
/Users/michaelwong/Developer/Plink/build/PlinkMac.app
/Users/michaelwong/Developer/Plink/build/PlinkMac.app.zip
 M README.md
 M android/build.gradle.kts
 M android/src/androidTest/java/app/plink/android/PlinkDeviceTestRunner.kt
 M android/src/main/java/app/plink/android/notifications/RemoteInputReplyExecutor.kt
 M android/src/main/java/app/plink/android/notifications/ReplyRoute.kt
 M android/src/main/java/app/plink/android/permissions/AndroidPermissionReader.kt
 M android/src/main/java/app/plink/android/services/InboundCommandHandler.kt
 M android/src/main/java/app/plink/android/services/PlinkNotificationListenerService.kt
 M android/src/main/java/app/plink/android/services/PlinkSessionController.kt
 M android/src/main/java/app/plink/android/ui/ConnectionRing.kt
 M android/src/main/java/app/plink/android/ui/FloatingNavigation.kt
 M android/src/main/java/app/plink/android/ui/ManualPairingCard.kt
 M android/src/main/java/app/plink/android/ui/PlinkAppScreen.kt
 M android/src/main/java/app/plink/android/ui/theme/Type.kt
 M android/src/test/java/app/plink/android/notifications/ReplyRouteTest.kt
 M docs/manual-test-plan.md
 M docs/production-handoff.md
 M macos/Sources/PlinkCore/MacContinuity.swift
 M macos/Sources/PlinkCore/ReplyRouter.swift
 M macos/Sources/PlinkCore/SecureEnvelope.swift
 M macos/Sources/PlinkMac/BluetoothCallController.swift
 M macos/Sources/PlinkMac/NotificationBridge.swift
 M macos/Sources/PlinkMac/PlinkMacApp.swift
 M macos/Sources/PlinkMacDebugReceiver/main.swift
 M macos/Tests/PlinkCoreTests/MacContinuityTests.swift
 M macos/Tests/PlinkCoreTests/ReplyRouterTests.swift
 M scripts/verify.sh
 M third_party/tomato/PROVENANCE.json
?? docs/evidence/iteration-3/
?? macos/Sources/PlinkCore/MacNotificationBookkeeping.swift
?? macos/Tests/PlinkCoreTests/MacNotificationBookkeepingTests.swift
