Building for debugging...
[5 / 31] PlinkNotificationIconBridge
[9 / 36] PlinkCore
[13 / 24] PlinkMac-product
[33 / 57] PlinkMac-product
[41 / 57] PlinkMac-product
[46 / 57] PlinkMac
[50 / 61] PlinkMac-product
[50 / 61] PlinkMac
[52 / 61] PlinkMac-product
[54 / 63] PlinkMac-product
[57 / 62] PlinkMacTests-product
[67 / 72] PlinkMacTests-product
[71 / 74] PlinkMacTests-product
[73 / 77] PlinkMacTests-product
Build complete! (4.24 sec)
Test Suite 'All tests' started at 2026-09-21 13:15:54.079.
Test Suite 'All tests' passed at 2026-09-21 13:15:54.080.
	 Executed 0 tests, with 0 failures (0 unexpected) in 0.000 (0.001) seconds
Test Suite 'All tests' started at 2026-09-21 13:15:54.143.
Test Suite 'PlinkCoreTests.xctest' started at 2026-09-21 13:15:54.143.
Test Suite 'MacContinuityTests' started at 2026-09-21 13:15:54.144.
Test Case '-[PlinkCoreTests.MacContinuityTests testAckRequiresMatchingActionPeerAndPendingCommand]' started.
Test Case '-[PlinkCoreTests.MacContinuityTests testAckRequiresMatchingActionPeerAndPendingCommand]' passed (0.000 seconds).
Test Case '-[PlinkCoreTests.MacContinuityTests testActiveRefreshDoesNotReenablePendingHangup]' started.
Test Case '-[PlinkCoreTests.MacContinuityTests testActiveRefreshDoesNotReenablePendingHangup]' passed (0.000 seconds).
Test Case '-[PlinkCoreTests.MacContinuityTests testAwaitingUserDoesNotClaimExecutionAndAcceptsLaterOutcome]' started.
Test Case '-[PlinkCoreTests.MacContinuityTests testAwaitingUserDoesNotClaimExecutionAndAcceptsLaterOutcome]' passed (0.000 seconds).
Test Case '-[PlinkCoreTests.MacContinuityTests testCallActionsRequireCurrentIdentityAndObservedState]' started.
Test Case '-[PlinkCoreTests.MacContinuityTests testCallActionsRequireCurrentIdentityAndObservedState]' passed (0.000 seconds).
Test Case '-[PlinkCoreTests.MacContinuityTests testDisconnectAndCallCancellationInvalidateActions]' started.
Test Case '-[PlinkCoreTests.MacContinuityTests testDisconnectAndCallCancellationInvalidateActions]' passed (0.000 seconds).
Test Case '-[PlinkCoreTests.MacContinuityTests testEveryCallActionCancelsOnTerminalStateWithoutMigratingIdentity]' started.
Test Case '-[PlinkCoreTests.MacContinuityTests testEveryCallActionCancelsOnTerminalStateWithoutMigratingIdentity]' passed (0.000 seconds).
Test Case '-[PlinkCoreTests.MacContinuityTests testExecutingInvocationQuarantinesEvenAfterRemoteEnd]' started.
Test Case '-[PlinkCoreTests.MacContinuityTests testExecutingInvocationQuarantinesEvenAfterRemoteEnd]' passed (0.000 seconds).
Test Case '-[PlinkCoreTests.MacContinuityTests testExpiredExecutingWorkStaysQuarantinedAfterLateReturn]' started.
Test Case '-[PlinkCoreTests.MacContinuityTests testExpiredExecutingWorkStaysQuarantinedAfterLateReturn]' passed (0.000 seconds).
Test Case '-[PlinkCoreTests.MacContinuityTests testHeldOrDifferentCallIndexMakesTopologyAmbiguous]' started.
Test Case '-[PlinkCoreTests.MacContinuityTests testHeldOrDifferentCallIndexMakesTopologyAmbiguous]' passed (0.000 seconds).
Test Case '-[PlinkCoreTests.MacContinuityTests testIncorrectAckDoesNotConsumePendingCommand]' started.
Test Case '-[PlinkCoreTests.MacContinuityTests testIncorrectAckDoesNotConsumePendingCommand]' passed (0.000 seconds).
Test Case '-[PlinkCoreTests.MacContinuityTests testLateOperationAndOldGenerationCannotCompleteReplacement]' started.
Test Case '-[PlinkCoreTests.MacContinuityTests testLateOperationAndOldGenerationCannotCompleteReplacement]' passed (0.000 seconds).
Test Case '-[PlinkCoreTests.MacContinuityTests testNativeContinuationIsDeniedAfterExpiryOrCancellation]' started.
Test Case '-[PlinkCoreTests.MacContinuityTests testNativeContinuationIsDeniedAfterExpiryOrCancellation]' passed (0.000 seconds).
Test Case '-[PlinkCoreTests.MacContinuityTests testQueuedExpiredWorkNeverStartsAndReturnedCompletionCanBeDelayed]' started.
Test Case '-[PlinkCoreTests.MacContinuityTests testQueuedExpiredWorkNeverStartsAndReturnedCompletionCanBeDelayed]' passed (0.000 seconds).
Test Case '-[PlinkCoreTests.MacContinuityTests testReplyContextsExpireReplaceAndClear]' started.
Test Case '-[PlinkCoreTests.MacContinuityTests testReplyContextsExpireReplaceAndClear]' passed (0.000 seconds).
Test Case '-[PlinkCoreTests.MacContinuityTests testReplyRevocationIsScopedToPeerAndNotification]' started.
Test Case '-[PlinkCoreTests.MacContinuityTests testReplyRevocationIsScopedToPeerAndNotification]' passed (0.000 seconds).
Test Case '-[PlinkCoreTests.MacContinuityTests testReturnedInvocationTimesOutRecoverablyAndInvalidatesCallActions]' started.
Test Case '-[PlinkCoreTests.MacContinuityTests testReturnedInvocationTimesOutRecoverablyAndInvalidatesCallActions]' passed (0.000 seconds).
Test Case '-[PlinkCoreTests.MacContinuityTests testSCOAndGenericActiveCannotResolveUnconfirmedAnswer]' started.
Test Case '-[PlinkCoreTests.MacContinuityTests testSCOAndGenericActiveCannotResolveUnconfirmedAnswer]' passed (0.000 seconds).
Test Case '-[PlinkCoreTests.MacContinuityTests testSCOCannotCompleteAnswerOrHangup]' started.
Test Case '-[PlinkCoreTests.MacContinuityTests testSCOCannotCompleteAnswerOrHangup]' passed (0.000 seconds).
Test Case '-[PlinkCoreTests.MacContinuityTests testSCOCannotCreateCallOrGrantActions]' started.
Test Case '-[PlinkCoreTests.MacContinuityTests testSCOCannotCreateCallOrGrantActions]' passed (0.000 seconds).
Test Case '-[PlinkCoreTests.MacContinuityTests testSocketWriteIsNotExecutionAndTimeoutIsUnknown]' started.
Test Case '-[PlinkCoreTests.MacContinuityTests testSocketWriteIsNotExecutionAndTimeoutIsUnknown]' passed (0.000 seconds).
Test Case '-[PlinkCoreTests.MacContinuityTests testStatusRejectsInvalidBatteryAndMediaCommands]' started.
Test Case '-[PlinkCoreTests.MacContinuityTests testStatusRejectsInvalidBatteryAndMediaCommands]' passed (0.000 seconds).
Test Case '-[PlinkCoreTests.MacContinuityTests testWaitingCallCannotReuseOriginalActionIdentityAfterSetupEnds]' started.
Test Case '-[PlinkCoreTests.MacContinuityTests testWaitingCallCannotReuseOriginalActionIdentityAfterSetupEnds]' passed (0.000 seconds).
Test Case '-[PlinkCoreTests.MacContinuityTests testWaitingCallDoesNotBecomeActionableWithoutCallIndexSupport]' started.
Test Case '-[PlinkCoreTests.MacContinuityTests testWaitingCallDoesNotBecomeActionableWithoutCallIndexSupport]' passed (0.000 seconds).
Test Suite 'MacContinuityTests' passed at 2026-09-21 13:15:54.146.
	 Executed 23 tests, with 0 failures (0 unexpected) in 0.002 (0.003) seconds
Test Suite 'MacDeviceIdentityTests' started at 2026-09-21 13:15:54.146.
Test Case '-[PlinkCoreTests.MacDeviceIdentityTests testDifferentInstallationsGetDifferentIdentities]' started.
Test Case '-[PlinkCoreTests.MacDeviceIdentityTests testDifferentInstallationsGetDifferentIdentities]' passed (0.002 seconds).
Test Case '-[PlinkCoreTests.MacDeviceIdentityTests testFreshIdentityPersistsAcrossInstances]' started.
Test Case '-[PlinkCoreTests.MacDeviceIdentityTests testFreshIdentityPersistsAcrossInstances]' passed (0.001 seconds).
Test Case '-[PlinkCoreTests.MacDeviceIdentityTests testLegacyPairingGetsDurableFreshOfferIdentity]' started.
Test Case '-[PlinkCoreTests.MacDeviceIdentityTests testLegacyPairingGetsDurableFreshOfferIdentity]' passed (0.001 seconds).
Test Case '-[PlinkCoreTests.MacDeviceIdentityTests testMalformedPersistedIdentityFailsClosedWithoutReplacement]' started.
Test Case '-[PlinkCoreTests.MacDeviceIdentityTests testMalformedPersistedIdentityFailsClosedWithoutReplacement]' passed (0.001 seconds).
Test Case '-[PlinkCoreTests.MacDeviceIdentityTests testTwoUpgradedMacsHaveDifferentFreshOfferIdentities]' started.
Test Case '-[PlinkCoreTests.MacDeviceIdentityTests testTwoUpgradedMacsHaveDifferentFreshOfferIdentities]' passed (0.002 seconds).
Test Suite 'MacDeviceIdentityTests' passed at 2026-09-21 13:15:54.153.
	 Executed 5 tests, with 0 failures (0 unexpected) in 0.006 (0.007) seconds
Test Suite 'MacFileTransferTests' started at 2026-09-21 13:15:54.153.
Test Case '-[PlinkCoreTests.MacFileTransferTests testAbsoluteDeadlineCannotBeExtendedBySuccessfulProgress]' started.
Test Case '-[PlinkCoreTests.MacFileTransferTests testAbsoluteDeadlineCannotBeExtendedBySuccessfulProgress]' passed (0.002 seconds).
Test Case '-[PlinkCoreTests.MacFileTransferTests testBidirectionalBoundaryFilesSaveIdenticalBytesOnlyAfterConsent]' started.
Test Case '-[PlinkCoreTests.MacFileTransferTests testBidirectionalBoundaryFilesSaveIdenticalBytesOnlyAfterConsent]' passed (2.060 seconds).
Test Case '-[PlinkCoreTests.MacFileTransferTests testBusyAndStaleConsentCannotTakeOverExistingTransfer]' started.
Test Case '-[PlinkCoreTests.MacFileTransferTests testBusyAndStaleConsentCannotTakeOverExistingTransfer]' passed (0.001 seconds).
Test Case '-[PlinkCoreTests.MacFileTransferTests testCancellationFeatureOffAndSessionResetRevokeConsentAndClean]' started.
Test Case '-[PlinkCoreTests.MacFileTransferTests testCancellationFeatureOffAndSessionResetRevokeConsentAndClean]' passed (0.001 seconds).
Test Case '-[PlinkCoreTests.MacFileTransferTests testChooserRejectsChangedTransferAndGenerationBeforeMutation]' started.
Test Case '-[PlinkCoreTests.MacFileTransferTests testChooserRejectsChangedTransferAndGenerationBeforeMutation]' passed (0.000 seconds).
Test Case '-[PlinkCoreTests.MacFileTransferTests testDeadlineCrossingDuringExportPreservesExistingDestination]' started.
Test Case '-[PlinkCoreTests.MacFileTransferTests testDeadlineCrossingDuringExportPreservesExistingDestination]' passed (0.001 seconds).
Test Case '-[PlinkCoreTests.MacFileTransferTests testDeferredChooserCannotCancelReplacementOffer]' started.
Test Case '-[PlinkCoreTests.MacFileTransferTests testDeferredChooserCannotCancelReplacementOffer]' passed (0.000 seconds).
Test Case '-[PlinkCoreTests.MacFileTransferTests testDisabledBusyForeignAndUnacceptedMessagesCannotWrite]' started.
Test Case '-[PlinkCoreTests.MacFileTransferTests testDisabledBusyForeignAndUnacceptedMessagesCannotWrite]' passed (0.000 seconds).
Test Case '-[PlinkCoreTests.MacFileTransferTests testExportFailureNeverReportsSavedAndPathTraversalRejected]' started.
Test Case '-[PlinkCoreTests.MacFileTransferTests testExportFailureNeverReportsSavedAndPathTraversalRejected]' passed (0.001 seconds).
Test Case '-[PlinkCoreTests.MacFileTransferTests testMalformedActiveChunkStopsAndCleans]' started.
Test Case '-[PlinkCoreTests.MacFileTransferTests testMalformedActiveChunkStopsAndCleans]' passed (0.001 seconds).
Test Case '-[PlinkCoreTests.MacFileTransferTests testMonotonicOfferInactivityAndAbsoluteDeadlines]' started.
Test Case '-[PlinkCoreTests.MacFileTransferTests testMonotonicOfferInactivityAndAbsoluteDeadlines]' passed (0.001 seconds).
Test Case '-[PlinkCoreTests.MacFileTransferTests testNoncanonicalBase64IsRejectedBeforeWrite]' started.
Test Case '-[PlinkCoreTests.MacFileTransferTests testNoncanonicalBase64IsRejectedBeforeWrite]' passed (0.002 seconds).
Test Case '-[PlinkCoreTests.MacFileTransferTests testOversizeNeverOffersAndCleansSnapshot]' started.
Test Case '-[PlinkCoreTests.MacFileTransferTests testOversizeNeverOffersAndCleansSnapshot]' passed (0.014 seconds).
Test Case '-[PlinkCoreTests.MacFileTransferTests testRepeatedCancellationPreservesUnconfirmedSavedOutcome]' started.
Test Case '-[PlinkCoreTests.MacFileTransferTests testRepeatedCancellationPreservesUnconfirmedSavedOutcome]' passed (0.001 seconds).
Test Case '-[PlinkCoreTests.MacFileTransferTests testSenderNeverSendsBeforeAcceptOrTreatsTransportAsSaved]' started.
Test Case '-[PlinkCoreTests.MacFileTransferTests testSenderNeverSendsBeforeAcceptOrTreatsTransportAsSaved]' passed (0.001 seconds).
Test Case '-[PlinkCoreTests.MacFileTransferTests testSnapshotSurvivesInputMutationAndTerminalFramesDoNotResave]' started.
Test Case '-[PlinkCoreTests.MacFileTransferTests testSnapshotSurvivesInputMutationAndTerminalFramesDoNotResave]' passed (0.004 seconds).
Test Case '-[PlinkCoreTests.MacFileTransferTests testWrongIndexLengthAndDigestNeverSave]' started.
Test Case '-[PlinkCoreTests.MacFileTransferTests testWrongIndexLengthAndDigestNeverSave]' passed (0.003 seconds).
Test Suite 'MacFileTransferTests' passed at 2026-09-21 13:15:56.245.
	 Executed 17 tests, with 0 failures (0 unexpected) in 2.091 (2.092) seconds
Test Suite 'MacPairingFinalizationTests' started at 2026-09-21 13:15:56.245.
Test Case '-[PlinkCoreTests.MacPairingFinalizationTests testCommitFailureInvalidatesReplacementBeforeRollback]' started.
Test Case '-[PlinkCoreTests.MacPairingFinalizationTests testCommitFailureInvalidatesReplacementBeforeRollback]' passed (0.001 seconds).
Test Case '-[PlinkCoreTests.MacPairingFinalizationTests testCommitKeepsNewTrustAndExistingSessionKeyCannotBeOverwritten]' started.
Test Case '-[PlinkCoreTests.MacPairingFinalizationTests testCommitKeepsNewTrustAndExistingSessionKeyCannotBeOverwritten]' passed (0.001 seconds).
Test Case '-[PlinkCoreTests.MacPairingFinalizationTests testInterruptedDifferentPhonePairingRestoresPreviousSelection]' started.
Test Case '-[PlinkCoreTests.MacPairingFinalizationTests testInterruptedDifferentPhonePairingRestoresPreviousSelection]' passed (0.001 seconds).
Test Case '-[PlinkCoreTests.MacPairingFinalizationTests testLegacyV2RecordCannotActivateAfterFailedFreshPairing]' started.
Test Case '-[PlinkCoreTests.MacPairingFinalizationTests testLegacyV2RecordCannotActivateAfterFailedFreshPairing]' passed (0.001 seconds).
Test Case '-[PlinkCoreTests.MacPairingFinalizationTests testPairingDifferentPhoneRestoresExplicitLatestSelection]' started.
Test Case '-[PlinkCoreTests.MacPairingFinalizationTests testPairingDifferentPhoneRestoresExplicitLatestSelection]' passed (0.001 seconds).
Test Case '-[PlinkCoreTests.MacPairingFinalizationTests testPartiallyWrittenMetadataFailureRollsBackBothStores]' started.
Test Case '-[PlinkCoreTests.MacPairingFinalizationTests testPartiallyWrittenMetadataFailureRollsBackBothStores]' passed (0.001 seconds).
Test Case '-[PlinkCoreTests.MacPairingFinalizationTests testRecoveryAfterInterruptedSaveRestoresOldTrust]' started.
Test Case '-[PlinkCoreTests.MacPairingFinalizationTests testRecoveryAfterInterruptedSaveRestoresOldTrust]' passed (0.001 seconds).
Test Case '-[PlinkCoreTests.MacPairingFinalizationTests testRollbackRestoresPriorDeviceAndRemovesOnlyNewKey]' started.
Test Case '-[PlinkCoreTests.MacPairingFinalizationTests testRollbackRestoresPriorDeviceAndRemovesOnlyNewKey]' passed (0.001 seconds).
Test Case '-[PlinkCoreTests.MacPairingFinalizationTests testUnselectedStoredRecordsNeverChooseFirstPhone]' started.
Test Case '-[PlinkCoreTests.MacPairingFinalizationTests testUnselectedStoredRecordsNeverChooseFirstPhone]' passed (0.000 seconds).
Test Suite 'MacPairingFinalizationTests' passed at 2026-09-21 13:15:56.253.
	 Executed 9 tests, with 0 failures (0 unexpected) in 0.008 (0.009) seconds
Test Suite 'PlinkCoreTests.xctest' passed at 2026-09-21 13:15:56.253.
	 Executed 54 tests, with 0 failures (0 unexpected) in 2.108 (2.110) seconds
Test Suite 'All tests' passed at 2026-09-21 13:15:56.253.
	 Executed 54 tests, with 0 failures (0 unexpected) in 2.108 (2.111) seconds
◇ Test run started.
↳ Testing Library Version: 2084
↳ Target Platform: arm64e-apple-macos14.0
◇ Suite PixelWebcamControllerTests started.
◇ Suite BluetoothCallControllerTests started.
◇ Suite NotificationArtworkTests started.
◇ Suite ScreenPreviewControllerTests started.
◇ Suite ClipboardSyncControllerTests started.
◇ Suite NotificationBridgeTests started.
◇ Suite ReconnectLifecycleTests started.
◇ Test configuredAfterFirstSampleAttachesButStoppedGenerationCannotAttach() started.
◇ Suite StartupRecoveryTests started.
◇ Test freshPairingContinuationRequiresCurrentCommittedOwner(outcome:) started.
◇ Test backgroundCatalogAndSavedLookupDoNotInvokeSetup() started.
◇ Test catalogDeduplicatesCanonicalAddressesButNeverNames() started.
◇ Test constructionIsInertUntilExplicitActivation() started.
◇ Test explicitExactNameSetupCommitsOnceAfterCatalogAndKeepsSingleFlight() started.
◇ Test heldSetupRejectsStaleOrCancelledCompletion(reason:) started.
◇ Test chooserAndShortcutUseSameValidatedCommitPath() started.
◇ Test duplicateTeardownCannotClearOrUncancelReplacementStart() started.
◇ Test onlyBoundedStaticPNGCanRender() started.
◇ Test outstandingIconRequestsAreBoundedEvenWhenTheSameMessageIsReplaced() started.
◇ Test displayLabelsRemoveControlsAndBoundScalars() started.
◇ Test modalSelectionAndBondRecheckCannotCommitStaleResults() started.
◇ Test invalidOptionalArtworkDoesNotDropOrRerouteMessage() started.
◇ Test iconFailureRetriesOnlyWhileNotificationIsCurrent(outcome:) started.
◇ Test authorizationLossBehindBlockedDiscoveryPreventsNativeInputOrStart() started.
◇ Test selectedDisconnectInvalidatesImmediatelyAndReplugNeverRestarts() started.
◇ Test nonExactOrUnusableCandidatesRetainChooser(reason:) started.
◇ Test unavailablePrivateIconStillDeliversOrdinaryMessage() started.
◇ Test missingPrivateIconClassFallsBackWithoutMutatingContent() started.
◇ Test dismissCancelsPendingPlainFallbackAndIgnoresItsLateFailure() started.
◇ Test stalePlainFallbackFailureCannotEvictSameIDReplacement() started.
◇ Test conditionalReturnAppDispatchRechecksEligibilityAndExactDeadline() started.
◇ Test concealedBlankAndOversizedTextAreRefused() started.
◇ Test case passing 1 argument outcome → "cancelled" to freshPairingContinuationRequiresCurrentCommittedOwner(outcome:) started.
◇ Test case passing 1 argument outcome → "committed" to freshPairingContinuationRequiresCurrentCommittedOwner(outcome:) started.
◇ Test case passing 1 argument outcome → "failed" to freshPairingContinuationRequiresCurrentCommittedOwner(outcome:) started.
◇ Test case passing 1 argument outcome → "restored" to freshPairingContinuationRequiresCurrentCommittedOwner(outcome:) started.
◇ Test case passing 1 argument outcome → "superseded" to freshPairingContinuationRequiresCurrentCommittedOwner(outcome:) started.
◇ Test deferredSendRechecksUnlockedState() started.
◇ Test rejectedConditionalHandoffLeavesOrdinaryGenerationUntouched() started.
◇ Test pendingSendIsCanceledByLatestTextAndEveryOffState() started.
◇ Test mirroredRemovalRequiresTheSamePeerAndNotificationKey() started.
◇ Test disabledOrInactivePreviewCannotStart() started.
◇ Test queuedAmbiguousRejectionCannotCrossLocalStartAndQuitIsTerminal() started.
◇ Test conditionalHandoffChecksRealCleanupAndNeverPublishesLate(event:) started.
◇ Test case passing 1 argument reason → "peer" to heldSetupRejectsStaleOrCancelledCompletion(reason:) started.
◇ Test mirroredCallTombstoneNeverRemovesOrReplacesHFPNotification() started.
◇ Test decodedPixelsDisappearImmediatelyWhenPreviewStops() started.
◇ Test manualReconnectRejectsNonnumericAndNonstandardPortsBeforeCallback() started.
◇ Test changedRevisionDiscardsRacedSnapshotAndRemoteWrite() started.
◇ Test beginShutdownClosesStartGateAndAsyncShutdownWaitsForTeardown() started.
◇ Test syncDoesNotReplayInactiveContentAndSuppressesOnlyRemoteRevision() started.
◇ Test selectedReturnEquivalentRemovalFromOldBrowserCannotRemoveCurrentService() started.
◇ Test case passing 1 argument reason → "call" to heldSetupRejectsStaleOrCancelledCompletion(reason:) started.
◇ Test replacedDiscoveryIgnoresOldFindResolveAndTimerCallbacks() started.
◇ Test staleConnectionRejectionCannotEndReplacementPreview() started.
◇ Test clearContextsPreservesHFPNotificationAndContext() started.
◇ Test clearContextsRemovesKeyedAndUnkeyedMirrorsAndRevokesIdentity() started.
◇ Test case passing 1 argument reason → "quarantine" to heldSetupRejectsStaleOrCancelledCompletion(reason:) started.
◇ Test changedEnvironmentRejectsQueuedRecoveryFromOldGeneration() started.
◇ Test selectedReturnAcceptsEquivalentRemovalAndIgnoresDiscardedResolution() started.
◇ Test staleAndTerminatingPublicationsCannotReplaceCurrentPhase() started.
◇ Test case passing 1 argument reason → "busy" to heldSetupRejectsStaleOrCancelledCompletion(reason:) started.
◇ Test case passing 1 argument outcome → "failure" to iconFailureRetriesOnlyWhileNotificationIsCurrent(outcome:) started.
◇ Test missingAndInvalidFakeKeysCannotProduceReady() started.
◇ Test userCancelSurvivesEnvironmentChangesUntilExplicitResume() started.
◇ Test hidingStopsSynchronouslyAndReopeningNeedsExplicitStart() started.
◇ Test pairingOrTerminationInvalidationRejectsQueuedRecovery() started.
◇ Test case passing 1 argument reason → "cancel" to heldSetupRejectsStaleOrCancelledCompletion(reason:) started.
◇ Test case passing 1 argument reason → "alias" to nonExactOrUnusableCandidatesRetainChooser(reason:) started.
◇ Test recoveryWaitsForEligibilityAndConsumesOnlyOnce() started.
◇ Test case passing 1 argument outcome → "tombstone" to iconFailureRetriesOnlyWhileNotificationIsCurrent(outcome:) started.
◇ Test queuedRecoveryRechecksLifecycleBeforeStarting(event:) started.
◇ Test case passing 1 argument reason → "case" to nonExactOrUnusableCandidatesRetainChooser(reason:) started.
◇ Test lifecycleDiscoveryStopDoesNotBecomeUserCancellation() started.
◇ Test case passing 1 argument outcome → "pair-switch" to iconFailureRetriesOnlyWhileNotificationIsCurrent(outcome:) started.
◇ Test selectedReturnRechecksAppGateAndDropsBusyWorkWithoutRetry() started.
◇ Test restoredControllerIsInertUntilExplicitReconnect() started.
◇ Test case passing 1 argument reason → "blank" to nonExactOrUnusableCandidatesRetainChooser(reason:) started.
◇ Test case passing 1 argument reason → "ambiguous" to nonExactOrUnusableCandidatesRetainChooser(reason:) started.
◇ Test case passing 1 argument reason → "unpaired" to nonExactOrUnusableCandidatesRetainChooser(reason:) started.
◇ Test absentPairingAndSavedRecordsWithoutSelectionAreDifferent() started.
◇ Test selectedReturnCooldownSurvivesObserverRestartAndHasNoTimerRetry() started.
◇ Test selectedReturnRejectsUntrustedOrIneligibleResolution(fault:) started.
◇ Test duplicateEligibleWakeQueuesOneProductionDiscovery() started.
◇ Test oldMirroredCallRemovalPreservesReplacementUntilItsOwnRemoval() started.
◇ Test returnedFakeKeychainErrorsHaveTruthfulDistinctStates() started.
◇ Test case passing 1 argument reason → "non-hfp" to nonExactOrUnusableCandidatesRetainChooser(reason:) started.
◇ Test recoveryCannotReplaceHealthyConnectionOrRunningAttempt() started.
◇ Test case passing 1 argument outcome → "dismiss" to iconFailureRetriesOnlyWhileNotificationIsCurrent(outcome:) started.
◇ Test selectedReturnBoundsResolutionAndRejectsNonmatchingBaseline() started.
◇ Test case passing 1 argument reason → "none" to nonExactOrUnusableCandidatesRetainChooser(reason:) started.
◇ Test case passing 1 argument outcome → "replacement" to iconFailureRetriesOnlyWhileNotificationIsCurrent(outcome:) started.
◇ Test pendingKeyAccessStaysUnknownAndUsesConditionalPromptCopy() started.
◇ Test case passing 1 argument event → "deadline" to conditionalHandoffChecksRealCleanupAndNeverPublishesLate(event:) started.
◇ Test case passing 1 argument event → "replacement" to conditionalHandoffChecksRealCleanupAndNeverPublishesLate(event:) started.
◇ Test selectedReturnOriginalDeadlineExpiresDuringResolutionOrQueuedDispatch(expireWhileResolving:) started.
◇ Test case passing 1 argument event → "lock" to conditionalHandoffChecksRealCleanupAndNeverPublishesLate(event:) started.
◇ Test discoveryAndHandshakeCannotResetDeadlineAfterCleanup() started.
◇ Test selectedReturnInvalidationDropsHeldCallbacks(reason:whileResolving:) started.
◇ Test selectedReturnUsesConditionalAppDispatchOnceAndPreservesConnectedState() started.
◇ Test discoveryNotifiesLifecycleOwnerBeforeBrowsing() started.
◇ Test case passing 1 argument outcome → "reply" to iconFailureRetriesOnlyWhileNotificationIsCurrent(outcome:) started.
◇ Test heldCleanupCannotAdmitAfterAttemptExpiresOrChanges(event:) started.
◇ Test case passing 1 argument event → "lock" to queuedRecoveryRechecksLifecycleBeforeStarting(event:) started.
◇ Test case passing 1 argument event → "pair replacement" to conditionalHandoffChecksRealCleanupAndNeverPublishesLate(event:) started.
◇ Test case passing 1 argument event → "termination" to queuedRecoveryRechecksLifecycleBeforeStarting(event:) started.
◇ Test selectedReturnDeadlineBelongsToMatchingCandidate(rejected:) started.
◇ Test case passing 1 argument fault → "wrong-peer" to selectedReturnRejectsUntrustedOrIneligibleResolution(fault:) started.
◇ Test case passing 1 argument event → "pair replacement" to queuedRecoveryRechecksLifecycleBeforeStarting(event:) started.
◇ Test case passing 1 argument fault → "wrong-platform" to selectedReturnRejectsUntrustedOrIneligibleResolution(fault:) started.
◇ Test case passing 1 argument fault → "invalid-interface" to selectedReturnRejectsUntrustedOrIneligibleResolution(fault:) started.
◇ Test case passing 1 argument event → "termination" to conditionalHandoffChecksRealCleanupAndNeverPublishesLate(event:) started.
◇ Test case passing 1 argument event → "cancel" to conditionalHandoffChecksRealCleanupAndNeverPublishesLate(event:) started.
◇ Test cancelClosesDiscoveryStateAndNotifiesLifecycleOwnerOnce() started.
◇ Test case passing 1 argument expireWhileResolving → false to selectedReturnOriginalDeadlineExpiresDuringResolutionOrQueuedDispatch(expireWhileResolving:) started.
◇ Test case passing 1 argument fault → "oversized-txt" to selectedReturnRejectsUntrustedOrIneligibleResolution(fault:) started.
◇ Test case passing 2 arguments reason → "lock", whileResolving → false to selectedReturnInvalidationDropsHeldCallbacks(reason:whileResolving:) started.
◇ Test case passing 2 arguments reason → "pair replacement", whileResolving → true to selectedReturnInvalidationDropsHeldCallbacks(reason:whileResolving:) started.
◇ Test case passing 1 argument fault → "wrong-port" to selectedReturnRejectsUntrustedOrIneligibleResolution(fault:) started.
◇ Test case passing 1 argument event → "deadline" to heldCleanupCannotAdmitAfterAttemptExpiresOrChanges(event:) started.
◇ Test case passing 2 arguments reason → "pair replacement", whileResolving → false to selectedReturnInvalidationDropsHeldCallbacks(reason:whileResolving:) started.
◇ Test case passing 2 arguments reason → "network change", whileResolving → false to selectedReturnInvalidationDropsHeldCallbacks(reason:whileResolving:) started.
◇ Test case passing 2 arguments reason → "cancel", whileResolving → true to selectedReturnInvalidationDropsHeldCallbacks(reason:whileResolving:) started.
◇ Test case passing 2 arguments reason → "termination", whileResolving → false to selectedReturnInvalidationDropsHeldCallbacks(reason:whileResolving:) started.
◇ Test case passing 2 arguments reason → "termination", whileResolving → true to selectedReturnInvalidationDropsHeldCallbacks(reason:whileResolving:) started.
◇ Test case passing 1 argument rejected → "unrelated" to selectedReturnDeadlineBelongsToMatchingCandidate(rejected:) started.
◇ Test case passing 2 arguments reason → "network change", whileResolving → true to selectedReturnInvalidationDropsHeldCallbacks(reason:whileResolving:) started.
◇ Test case passing 1 argument event → "replacement" to heldCleanupCannotAdmitAfterAttemptExpiresOrChanges(event:) started.
◇ Test case passing 1 argument rejected → "malformed" to selectedReturnDeadlineBelongsToMatchingCandidate(rejected:) started.
◇ Test case passing 1 argument rejected → "failed" to selectedReturnDeadlineBelongsToMatchingCandidate(rejected:) started.
◇ Test case passing 2 arguments reason → "cancel", whileResolving → false to selectedReturnInvalidationDropsHeldCallbacks(reason:whileResolving:) started.
◇ Test case passing 1 argument expireWhileResolving → true to selectedReturnOriginalDeadlineExpiresDuringResolutionOrQueuedDispatch(expireWhileResolving:) started.
✔ Test pendingKeyAccessStaysUnknownAndUsesConditionalPromptCopy() passed after 0.001 seconds.
✔ Test returnedFakeKeychainErrorsHaveTruthfulDistinctStates() passed after 0.001 seconds.
✔ Test missingAndInvalidFakeKeysCannotProduceReady() passed after 0.001 seconds.
◇ Test case passing 2 arguments reason → "manual connect", whileResolving → true to selectedReturnInvalidationDropsHeldCallbacks(reason:whileResolving:) started.
◇ Test case passing 2 arguments reason → "manual connect", whileResolving → false to selectedReturnInvalidationDropsHeldCallbacks(reason:whileResolving:) started.
✔ Test constructionIsInertUntilExplicitActivation() passed after 0.001 seconds.
◇ Test case passing 1 argument event → "cancel" to queuedRecoveryRechecksLifecycleBeforeStarting(event:) started.
◇ Test case passing 1 argument event → "cancel" to heldCleanupCannotAdmitAfterAttemptExpiresOrChanges(event:) started.
◇ Test case passing 2 arguments reason → "lock", whileResolving → true to selectedReturnInvalidationDropsHeldCallbacks(reason:whileResolving:) started.
◇ Test case passing 1 argument reason → "generation" to heldSetupRejectsStaleOrCancelledCompletion(reason:) started.
✔ Test absentPairingAndSavedRecordsWithoutSelectionAreDifferent() passed after 0.001 seconds.
✔ Test staleAndTerminatingPublicationsCannotReplaceCurrentPhase() passed after 0.001 seconds.
✔ Suite StartupRecoveryTests passed after 0.001 seconds.
2026-09-21 13:15:56.428 swiftpm-testing-helper[64750:11717029] Plink selected peer observation established
2026-09-21 13:15:56.428 swiftpm-testing-helper[64750:11717029] Plink selected peer observation established
2026-09-21 13:15:56.428 swiftpm-testing-helper[64750:11717029] Plink selected peer observation established
2026-09-21 13:15:56.429 swiftpm-testing-helper[64750:11717029] Plink selected peer observation established
✔ Test freshPairingContinuationRequiresCurrentCommittedOwner(outcome:) with 5 test cases passed after 0.128 seconds.
2026-09-21 13:15:56.430 swiftpm-testing-helper[64750:11717029] Plink selected peer observation established
2026-09-21 13:15:56.430 swiftpm-testing-helper[64750:11717029] Plink selected peer observation established
2026-09-21 13:15:56.430 swiftpm-testing-helper[64750:11717029] Plink selected peer observation established
2026-09-21 13:15:56.430 swiftpm-testing-helper[64750:11717029] Plink selected peer observation established
2026-09-21 13:15:56.430 swiftpm-testing-helper[64750:11717029] Plink selected peer observation established
2026-09-21 13:15:56.430 swiftpm-testing-helper[64750:11717029] Plink selected peer observation established
2026-09-21 13:15:56.430 swiftpm-testing-helper[64750:11717029] Plink selected peer observation established
2026-09-21 13:15:56.430 swiftpm-testing-helper[64750:11717029] Plink selected peer observation established
2026-09-21 13:15:56.430 swiftpm-testing-helper[64750:11717029] Plink selected peer observation established
2026-09-21 13:15:56.430 swiftpm-testing-helper[64750:11717029] Plink selected peer observation established
2026-09-21 13:15:56.430 swiftpm-testing-helper[64750:11717029] Plink selected peer observation established
2026-09-21 13:15:56.430 swiftpm-testing-helper[64750:11717029] Plink selected peer observation established
2026-09-21 13:15:56.430 swiftpm-testing-helper[64750:11717029] Plink selected peer observation established
2026-09-21 13:15:56.430 swiftpm-testing-helper[64750:11717029] Plink selected peer observation established
2026-09-21 13:15:56.430 swiftpm-testing-helper[64750:11717029] Plink selected peer observation established
2026-09-21 13:15:56.430 swiftpm-testing-helper[64750:11717029] Plink selected peer observation established
2026-09-21 13:15:56.430 swiftpm-testing-helper[64750:11717029] Plink selected peer observation established
2026-09-21 13:15:56.431 swiftpm-testing-helper[64750:11717029] Plink selected peer observation established
2026-09-21 13:15:56.431 swiftpm-testing-helper[64750:11717029] Plink selected peer observation established
2026-09-21 13:15:56.431 swiftpm-testing-helper[64750:11717029] Plink selected peer observation established
2026-09-21 13:15:56.431 swiftpm-testing-helper[64750:11717029] Plink selected peer observation established
✔ Test catalogDeduplicatesCanonicalAddressesButNeverNames() passed after 0.130 seconds.
✔ Test backgroundCatalogAndSavedLookupDoNotInvokeSetup() passed after 0.130 seconds.
2026-09-21 13:15:56.431 swiftpm-testing-helper[64750:11717029] Plink selected peer observation established
2026-09-21 13:15:56.431 swiftpm-testing-helper[64750:11717029] Plink selected peer observation established
2026-09-21 13:15:56.431 swiftpm-testing-helper[64750:11717029] Plink selected peer observation established
2026-09-21 13:15:56.431 swiftpm-testing-helper[64750:11717029] Plink selected peer observation established
✔ Test explicitExactNameSetupCommitsOnceAfterCatalogAndKeepsSingleFlight() passed after 0.130 seconds.
✔ Test onlyBoundedStaticPNGCanRender() passed after 0.130 seconds.
2026-09-21 13:15:56.431 swiftpm-testing-helper[64750:11717029] Plink selected peer observation established
2026-09-21 13:15:56.431 swiftpm-testing-helper[64750:11717029] Plink selected peer observation established
2026-09-21 13:15:56.431 swiftpm-testing-helper[64750:11717029] Plink selected peer observation established
✔ Test displayLabelsRemoveControlsAndBoundScalars() passed after 0.130 seconds.
✔ Test invalidOptionalArtworkDoesNotDropOrRerouteMessage() passed after 0.130 seconds.
2026-09-21 13:15:56.431 swiftpm-testing-helper[64750:11717029] Plink selected peer observation established
✔ Test modalSelectionAndBondRecheckCannotCommitStaleResults() passed after 0.130 seconds.
2026-09-21 13:15:56.431 swiftpm-testing-helper[64750:11717029] Plink selected peer observation established
✔ Test missingPrivateIconClassFallsBackWithoutMutatingContent() passed after 0.130 seconds.
2026-09-21 13:15:56.431 swiftpm-testing-helper[64750:11717029] Plink selected peer observation established
✔ Test outstandingIconRequestsAreBoundedEvenWhenTheSameMessageIsReplaced() passed after 0.130 seconds.
2026-09-21 13:15:56.431 swiftpm-testing-helper[64750:11717029] Plink selected peer observation established
✔ Test stalePlainFallbackFailureCannotEvictSameIDReplacement() passed after 0.130 seconds.
✔ Test chooserAndShortcutUseSameValidatedCommitPath() passed after 0.131 seconds.
✔ Test conditionalReturnAppDispatchRechecksEligibilityAndExactDeadline() passed after 0.130 seconds.
✔ Test unavailablePrivateIconStillDeliversOrdinaryMessage() passed after 0.130 seconds.
✔ Test dismissCancelsPendingPlainFallbackAndIgnoresItsLateFailure() passed after 0.130 seconds.
2026-09-21 13:15:56.431 swiftpm-testing-helper[64750:11717029] Plink selected peer observation established
2026-09-21 13:15:56.432 swiftpm-testing-helper[64750:11717029] Plink selected peer observation established
2026-09-21 13:15:56.432 swiftpm-testing-helper[64750:11717029] Plink selected peer observation established
2026-09-21 13:15:56.432 swiftpm-testing-helper[64750:11717029] Plink selected peer observation established
2026-09-21 13:15:56.432 swiftpm-testing-helper[64750:11717029] Plink selected peer observation established
2026-09-21 13:15:56.432 swiftpm-testing-helper[64750:11717029] Plink selected peer observation established
2026-09-21 13:15:56.432 swiftpm-testing-helper[64750:11717029] Plink selected peer observation established
✔ Test rejectedConditionalHandoffLeavesOrdinaryGenerationUntouched() passed after 0.131 seconds.
✔ Test nonExactOrUnusableCandidatesRetainChooser(reason:) with 7 test cases passed after 0.131 seconds.
✔ Test mirroredRemovalRequiresTheSamePeerAndNotificationKey() passed after 0.132 seconds.
✔ Test mirroredCallTombstoneNeverRemovesOrReplacesHFPNotification() passed after 0.132 seconds.
✔ Test selectedReturnEquivalentRemovalFromOldBrowserCannotRemoveCurrentService() passed after 0.132 seconds.
✔ Test clearContextsPreservesHFPNotificationAndContext() passed after 0.132 seconds.
✔ Test replacedDiscoveryIgnoresOldFindResolveAndTimerCallbacks() passed after 0.132 seconds.
✔ Test userCancelSurvivesEnvironmentChangesUntilExplicitResume() passed after 0.132 seconds.
✔ Test selectedReturnAcceptsEquivalentRemovalAndIgnoresDiscardedResolution() passed after 0.132 seconds.
✔ Test manualReconnectRejectsNonnumericAndNonstandardPortsBeforeCallback() passed after 0.132 seconds.
✔ Test restoredControllerIsInertUntilExplicitReconnect() passed after 0.132 seconds.
✔ Test changedEnvironmentRejectsQueuedRecoveryFromOldGeneration() passed after 0.132 seconds.
✔ Test selectedReturnCooldownSurvivesObserverRestartAndHasNoTimerRetry() passed after 0.132 seconds.
✔ Test lifecycleDiscoveryStopDoesNotBecomeUserCancellation() passed after 0.132 seconds.
✔ Test clearContextsRemovesKeyedAndUnkeyedMirrorsAndRevokesIdentity() passed after 0.132 seconds.
✔ Test recoveryCannotReplaceHealthyConnectionOrRunningAttempt() passed after 0.131 seconds.
✔ Test pairingOrTerminationInvalidationRejectsQueuedRecovery() passed after 0.132 seconds.
✔ Test selectedReturnBoundsResolutionAndRejectsNonmatchingBaseline() passed after 0.132 seconds.
✔ Test selectedReturnOriginalDeadlineExpiresDuringResolutionOrQueuedDispatch(expireWhileResolving:) with 2 test cases passed after 0.132 seconds.
✔ Test iconFailureRetriesOnlyWhileNotificationIsCurrent(outcome:) with 6 test cases passed after 0.132 seconds.
✔ Test discoveryNotifiesLifecycleOwnerBeforeBrowsing() passed after 0.132 seconds.
✔ Test selectedReturnUsesConditionalAppDispatchOnceAndPreservesConnectedState() passed after 0.132 seconds.
✔ Test oldMirroredCallRemovalPreservesReplacementUntilItsOwnRemoval() passed after 0.132 seconds.
✔ Test cancelClosesDiscoveryStateAndNotifiesLifecycleOwnerOnce() passed after 0.132 seconds.
✔ Test queuedRecoveryRechecksLifecycleBeforeStarting(event:) with 4 test cases passed after 0.132 seconds.
✔ Test selectedReturnRejectsUntrustedOrIneligibleResolution(fault:) with 5 test cases passed after 0.132 seconds.
✔ Test duplicateEligibleWakeQueuesOneProductionDiscovery() passed after 0.132 seconds.
✔ Suite NotificationBridgeTests passed after 0.133 seconds.
✔ Suite NotificationArtworkTests passed after 0.133 seconds.
✔ Test selectedReturnRechecksAppGateAndDropsBusyWorkWithoutRetry() passed after 0.132 seconds.
✔ Test recoveryWaitsForEligibilityAndConsumesOnlyOnce() passed after 0.132 seconds.
✔ Test selectedReturnInvalidationDropsHeldCallbacks(reason:whileResolving:) with 12 test cases passed after 0.132 seconds.
✔ Test selectedReturnDeadlineBelongsToMatchingCandidate(rejected:) with 3 test cases passed after 0.131 seconds.
✔ Test disabledOrInactivePreviewCannotStart() passed after 0.132 seconds.
✔ Test heldSetupRejectsStaleOrCancelledCompletion(reason:) with 6 test cases passed after 0.132 seconds.
✔ Suite BluetoothCallControllerTests passed after 0.133 seconds.
✔ Test conditionalHandoffChecksRealCleanupAndNeverPublishesLate(event:) with 6 test cases passed after 0.133 seconds.
✔ Test concealedBlankAndOversizedTextAreRefused() passed after 0.134 seconds.
✔ Test deferredSendRechecksUnlockedState() passed after 0.134 seconds.
✔ Test authorizationLossBehindBlockedDiscoveryPreventsNativeInputOrStart() passed after 0.134 seconds.
✔ Test heldCleanupCannotAdmitAfterAttemptExpiresOrChanges(event:) with 3 test cases passed after 0.133 seconds.
✔ Test discoveryAndHandshakeCannotResetDeadlineAfterCleanup() passed after 0.133 seconds.
✔ Test staleConnectionRejectionCannotEndReplacementPreview() passed after 0.134 seconds.
✔ Suite ReconnectLifecycleTests passed after 0.134 seconds.
✔ Test syncDoesNotReplayInactiveContentAndSuppressesOnlyRemoteRevision() passed after 0.134 seconds.
✔ Test changedRevisionDiscardsRacedSnapshotAndRemoteWrite() passed after 0.134 seconds.
✔ Test pendingSendIsCanceledByLatestTextAndEveryOffState() passed after 0.135 seconds.
✔ Suite ClipboardSyncControllerTests passed after 0.135 seconds.
✔ Test selectedDisconnectInvalidatesImmediatelyAndReplugNeverRestarts() passed after 0.137 seconds.
✔ Test beginShutdownClosesStartGateAndAsyncShutdownWaitsForTeardown() passed after 0.137 seconds.
✔ Test hidingStopsSynchronouslyAndReopeningNeedsExplicitStart() passed after 0.138 seconds.
✔ Test duplicateTeardownCannotClearOrUncancelReplacementStart() passed after 0.140 seconds.
✔ Test configuredAfterFirstSampleAttachesButStoppedGenerationCannotAttach() passed after 0.143 seconds.
✔ Suite PixelWebcamControllerTests passed after 0.143 seconds.
✔ Test decodedPixelsDisappearImmediatelyWhenPreviewStops() passed after 0.144 seconds.
✔ Test queuedAmbiguousRejectionCannotCrossLocalStartAndQuitIsTerminal() passed after 0.144 seconds.
✔ Suite ScreenPreviewControllerTests passed after 0.145 seconds.
✔ Test run with 71 tests in 8 suites passed after 0.145 seconds.
◇ Test run started.
↳ Testing Library Version: 2084
↳ Target Platform: arm64e-apple-macos14.0
◇ Test productionDecoderRejectsMalformedAndUnsupportedImages() started.
◇ Test fileTransferSharedContractVectors() started.
◇ Test conditionalReconnectAdmissionPreservesUntilRetirementAndFencesReplacement() started.
◇ Test strongVerificationBindsPublicKeys() started.
◇ Test bonjourRecordRoundTripsPairingOffer() started.
◇ Test webcamPolicyReleasesOnlyAfterAuthorizationLossTeardownCompletes() started.
◇ Test acceptedSocketLeaseCannotRecaptureAfterReproof() started.
◇ Test matchingPeerStopNeverEchoesAtLeaseBoundary() started.
◇ Test pairingConsentFieldsHaveUnambiguousBoundaries() started.
◇ Test reconnectEncryptedVectorsMatchMacWirePolicy() started.
◇ Test inMemorySecretStoreRoundTripsSessionKey() started.
◇ Test deterministicEncryptedScreenVectorMatchesProductionCodec() started.
◇ Test monotonicSendDeadlineRejectsBoundaryAndLateSuccess() started.
◇ Test replyRouterRejectsTextAboveExistingLimit() started.
◇ Test conditionalReconnectStaleReverseCancellationPreservesReplacement() started.
◇ Test reconnectReceiveRejectsCompletionAfterReplayPersistenceDeadline(expiresAtCompletion:) started.
◇ Test conditionalReconnectSharedWireVectors() started.
◇ Test replyLengthMatchesAndroidUTF16Units(_:) started.
◇ Test invalidLocalTextLeavesReplyContextAvailable() started.
◇ Test failedSecureRandomDoesNotReturnAnIV() started.
◇ Test webcamPolicyWatchdogInvalidatesLateSamplesUntilTeardownCompletes() started.
◇ Test lengthPrefixedFrameRoundTrips() started.
◇ Test webcamPolicyInvalidatesAQueuedStartBeforeNativeConfiguration() started.
◇ Test replyContextRequiresReplyCapabilityAndRouteFields() started.
◇ Test acceptsManualPairingConfirmation() started.
◇ Test candidateDeadlineClosesReverseChannelWhileBlockedCommitJoins() started.
◇ Test failedIVGenerationBurnsReservedSequence() started.
◇ Test threeOversizeResponsesStopCapture() started.
◇ Test maximumFileChunkFitsEncryptedFrame() started.
◇ Test redactionMasksSensitivePayloadValues() started.
◇ Test replyRouterBuildsPairedDeviceReplyEnvelope() started.
◇ Test shutdownReturnsOnlyAfterActiveProducerCompletes() started.
◇ Test persistenceFailurePreventsAuthenticatedDispatch() started.
◇ Test messageEnvelopeCreatesReplyNotificationPlan() started.
◇ Test confirmCreatesTrustedDevice() started.
◇ Test reconnectEscapedClassificationMatchesMacWirePolicy() started.
◇ Test webcamPolicyUsesOnlyCurrentExternalUniqueIDAndStopsOnSelectionChange() started.
◇ Test pairingConsentRejectsLegacyUnconfirmedPayload() started.
◇ Test webcamPolicyRequiresPermissionSelectionAndExplicitStart() started.
◇ Test pairWriteGateGrantsQueuedLeasesInFIFOOrder() started.
◇ Test confirmRejectsMissingPublicKey() started.
◇ Test failedIVGenerationPreventsSealing() started.
◇ Test conditionalReconnectConnectWaitsForHeldOrdinaryGateAndDoesNotRetry() started.
◇ Test successorScreenExpiryAndCancellationRunWhilePredecessorIsHeld() started.
◇ Test webcamPolicyFailsClosedWhenSelectedDeviceDisappears() started.
◇ Test encryptedFrameRoundTripsAndRejectsReplay() started.
◇ Test reconnectWriteTimesOutWhenPeerStopsReading() started.
◇ Test foundationSecureServerReceivesAndroidCompatibleFrame() started.
◇ Test bonjourRecordRejectsUnsupportedProtocol() started.
◇ Test queuedScreenPayloadExpiresWhileOrdinaryWriteIsBlocked() started.
◇ Test startReportsBindFailureSynchronously() started.
◇ Test reconnectEndpointStoreRejectsInvalidUTF8ByteLength() started.
◇ Test reconnectListenerStopJoinsAuthenticatedReplayPersistence() started.
◇ Test scopedScreenCancellationAllowsOrdinaryTrafficToProgress() started.
◇ Test demoPairingCodeMatchesSharedFixture() started.
◇ Test screenQueueRejectsWorkBeyondControlAndFrameCaps() started.
◇ Test deriveChangesWithNonce() started.
◇ Test staleTrafficAndSanitizedRejectionsRespectCurrentSession() started.
◇ Test webcamPolicyRejectsAStaleDiscoveryResultAfterAStop() started.
◇ Test foundationSecureServerRejectsReplay() started.
◇ Test encryptedFrameRejectsTampering() started.
◇ Test deriveIsStable() started.
◇ Test reconnectFixtureCasesMatchMacWirePolicy() started.
◇ Test explicitFixtureIVStillSupportsDeterministicVectors() started.
◇ Test invalidateClosesAdmissionSynchronously() started.
◇ Test preframeIdleDoesNotRenewFirstFrameLease() started.
◇ Test conditionalReconnectAdmissionRejectsCompetingAndStaleUnadmittedCapture() started.
◇ Test confirmWithoutOfferFailsClosed() started.
◇ Test emptyLengthPrefixedFrameFailsClosed() started.
◇ Test reconnectEndpointVectorsUseProductionAuthenticationAndFilenameHelpers() started.
◇ Test reconnectNetworkFixturesUseProductionCandidatePolicy() started.
◇ Test invalidatedPairLifetimeClosesAdmissionAndQueuedWriter() started.
◇ Test lateCleanupCannotRemoveReplacementOrSameKeyFromAnotherPeer() started.
◇ Test secureEnvelopeRejectsTampering() started.
◇ Test pairingNumericHighBitVectorMatchesAndroid() started.
◇ Test webcamPolicyAcceptsConfiguredAfterFirstSampleForCurrentGenerationOnly() started.
◇ Test replayWindowKeepsDuplicateRejectionAfterEviction() started.
◇ Test decodesAndroidFractionalIsoDates() started.
◇ Test oldBoundClientCannotReactivateAfterSameBindingIsReproved() started.
◇ Test stopClosesAcceptedClientAndAllowsRebind() started.
◇ Test sharedSenderSerializesTrafficAndPrioritizesOrdinaryWork() started.
◇ Test case passing 1 argument unit → "😀" to replyLengthMatchesAndroidUTF16Units(_:) started.
◇ Test case passing 1 argument unit → "é" to replyLengthMatchesAndroidUTF16Units(_:) started.
◇ Test screenSessionUsesProductionDecoderAndPullCadence() started.
◇ Test secureEnvelopeOpensValidMessage() started.
◇ Test receiveShowsKeyBoundVerificationCode() started.
◇ Test pairingConsentProofBindsBothIdentitiesEndpointAndStage() started.
◇ Test replyRouterPreservesExactUTF8Bytes(_:) started.
◇ Test replyContextStoreConsumesOnce() started.
◇ Test transcriptEndpointAndTupleAreBound() started.
◇ Test authenticatedMalformedScreenVectorsAreSanitizedAfterReplayAcceptance() started.
◇ Test case passing 1 argument expiresAtCompletion → false to reconnectReceiveRejectsCompletionAfterReplayPersistenceDeadline(expiresAtCompletion:) started.
◇ Test screenPreviewSharedContractVectors() started.
◇ Test screenControlLimitUsesOriginalPlaintextBytes() started.
◇ Test durableFrameStateFailsClosedOnCorruption() started.
◇ Test replyContextDerivesFromMessageEnvelope() started.
◇ Test unsafeWebURLFailsPolicy() started.
◇ Test encryptedFrameRejectsUnexpectedDeviceIds() started.
◇ Test messageBookkeepingEvictsOnlyOldestMessageAtCapacity() started.
◇ Test case passing 1 argument expiresAtCompletion → true to reconnectReceiveRejectsCompletionAfterReplayPersistenceDeadline(expiresAtCompletion:) started.
◇ Test reconnectOuterTimestampsMatchMacWirePolicy() started.
◇ Test codecPersistsOnlyFullyAuthenticatedFramesAndBindsScope() started.
◇ Test clipboardEnvelopeCreatesHandoffAction() started.
◇ Test envelopeRoundTrips() started.
◇ Test conditionalReconnectHandshakePreservesUntilAcceptanceAndBindsAllPhases(reply:) started.
◇ Test expectedLengthWaitsForCompletePayload() started.
◇ Test manualPairingPayloadRoundTripsOffer() started.
◇ Test bonjourRecordFallsBackToResolvedEndpoint() started.
◇ Test replyRouterRejectsBlankReplies() started.
◇ Test webcamCaptureGateConsumesOnlyMatchingTeardownAndPreservesReplacementWatchdog() started.
◇ Test legacyTrustDoesNotAcquireDurableTransportVersion() started.
◇ Test closingSocketDuringReceiveCannotCloseReusedDescriptor() started.
◇ Test untrustedOrStaleMalformedFramesNeverBecomeScreenRejections() started.
◇ Test parallelReservationsAcrossStoreInstancesAreUnique() started.
◇ Test productionDecoderRejectsNonFrameInputWithoutAllocation() started.
◇ Test partialSocketDeadlineAllowsNextCompleteFrame() started.
◇ Test replacementWaitsForPredecessorShutdownCompletion() started.
◇ Test reconnectReceiveUsesOneDeadlineAcrossHeaderAndBody() started.
◇ Test boundedIngressReleasesFrameAndControlSlots() started.
◇ Test durableFrameStateSurvivesRecreationAndAcceptsReordering() started.
◇ Test cancellingStalledReconnectReceiveJoinsOwnedIO() started.
◇ Test expiredSendBurnsSequenceButWritesNoBytes() started.
◇ Test webcamCaptureGateRejectsCancelledAndCurrentAuthorizationLossBeforeNativeCalls() started.
◇ Test cancelledQueuedProducerCannotSendAfterBlockerClears() started.
◇ Test messageBookkeepingRemovesIndexesOnReplyDismissalFailureAndExpiry() started.
◇ Test foundationSecureServerRejectsWrongDeviceId() started.
◇ Test reconnectEndpointCommitIsAuthenticatedAndStaleCommitCannotReplaceIt() started.
◇ Test conditionalReconnectExchangesShareDurableReplayWindow(order:) started.
✔ Test monotonicSendDeadlineRejectsBoundaryAndLateSuccess() passed after 0.012 seconds.
✔ Test webcamPolicyReleasesOnlyAfterAuthorizationLossTeardownCompletes() passed after 0.012 seconds.
✔ Test strongVerificationBindsPublicKeys() passed after 0.014 seconds.
✔ Test inMemorySecretStoreRoundTripsSessionKey() passed after 0.014 seconds.
✔ Test webcamPolicyWatchdogInvalidatesLateSamplesUntilTeardownCompletes() passed after 0.016 seconds.
✔ Test invalidLocalTextLeavesReplyContextAvailable() passed after 0.017 seconds.
✔ Test webcamPolicyInvalidatesAQueuedStartBeforeNativeConfiguration() passed after 0.017 seconds.
✔ Test lengthPrefixedFrameRoundTrips() passed after 0.017 seconds.
✔ Test bonjourRecordRoundTripsPairingOffer() passed after 0.017 seconds.
✔ Test pairingConsentFieldsHaveUnambiguousBoundaries() passed after 0.017 seconds.
✔ Test conditionalReconnectAdmissionPreservesUntilRetirementAndFencesReplacement() passed after 0.017 seconds.
◇ Test case passing 1 argument text → "  reply  " to replyRouterPreservesExactUTF8Bytes(_:) started.
◇ Test case passing 1 argument text → "	first
second
 " to replyRouterPreservesExactUTF8Bytes(_:) started.
◇ Test case passing 1 argument text → "é|é|👩🏽‍💻|🇺🇳|終
" to replyRouterPreservesExactUTF8Bytes(_:) started.
◇ Test case passing 1 argument text → "
	 x
" to replyRouterPreservesExactUTF8Bytes(_:) started.
✔ Test acceptedSocketLeaseCannotRecaptureAfterReproof() passed after 0.020 seconds.
✔ Test replyContextRequiresReplyCapabilityAndRouteFields() passed after 0.020 seconds.
✔ Test failedSecureRandomDoesNotReturnAnIV() passed after 0.020 seconds.
✔ Test replyRouterRejectsTextAboveExistingLimit() passed after 0.020 seconds.
◇ Test case passing 1 argument reply → "conditional" to conditionalReconnectHandshakePreservesUntilAcceptanceAndBindsAllPhases(reply:) started.
✔ Test redactionMasksSensitivePayloadValues() passed after 0.042 seconds.
◇ Test case passing 1 argument reply → "legacy" to conditionalReconnectHandshakePreservesUntilAcceptanceAndBindsAllPhases(reply:) started.
◇ Test case passing 1 argument reply → "close" to conditionalReconnectHandshakePreservesUntilAcceptanceAndBindsAllPhases(reply:) started.
✔ Test replyRouterBuildsPairedDeviceReplyEnvelope() passed after 0.045 seconds.
✔ Test acceptsManualPairingConfirmation() passed after 0.061 seconds.
✔ Test webcamPolicyUsesOnlyCurrentExternalUniqueIDAndStopsOnSelectionChange() passed after 0.063 seconds.
◇ Test case passing 1 argument order → "ordinary-first" to conditionalReconnectExchangesShareDurableReplayWindow(order:) started.
◇ Test case passing 1 argument order → "hello-first" to conditionalReconnectExchangesShareDurableReplayWindow(order:) started.
◇ Test case passing 1 argument order → "boundary-accept" to conditionalReconnectExchangesShareDurableReplayWindow(order:) started.
◇ Test case passing 1 argument order → "boundary-expire" to conditionalReconnectExchangesShareDurableReplayWindow(order:) started.
✔ Test messageEnvelopeCreatesReplyNotificationPlan() passed after 0.072 seconds.
✔ Test confirmCreatesTrustedDevice() passed after 0.072 seconds.
✔ Test webcamPolicyRequiresPermissionSelectionAndExplicitStart() passed after 0.072 seconds.
✔ Test confirmRejectsMissingPublicKey() passed after 0.072 seconds.
✔ Test pairingConsentRejectsLegacyUnconfirmedPayload() passed after 0.072 seconds.
✔ Test webcamPolicyFailsClosedWhenSelectedDeviceDisappears() passed after 0.072 seconds.
✔ Test replyLengthMatchesAndroidUTF16Units(_:) with 2 test cases passed after 0.072 seconds.
✔ Test bonjourRecordRejectsUnsupportedProtocol() passed after 0.072 seconds.
✔ Test failedIVGenerationBurnsReservedSequence() passed after 0.072 seconds.
✔ Test failedIVGenerationPreventsSealing() passed after 0.072 seconds.
✔ Test demoPairingCodeMatchesSharedFixture() passed after 0.072 seconds.
✔ Test reconnectEndpointStoreRejectsInvalidUTF8ByteLength() passed after 0.072 seconds.
✔ Test deriveChangesWithNonce() passed after 0.072 seconds.
✔ Test webcamPolicyRejectsAStaleDiscoveryResultAfterAStop() passed after 0.072 seconds.
✔ Test staleTrafficAndSanitizedRejectionsRespectCurrentSession() passed after 0.072 seconds.
✔ Test threeOversizeResponsesStopCapture() passed after 0.072 seconds.
✔ Test deriveIsStable() passed after 0.072 seconds.
✔ Test encryptedFrameRejectsTampering() passed after 0.072 seconds.
✔ Test conditionalReconnectAdmissionRejectsCompetingAndStaleUnadmittedCapture() passed after 0.072 seconds.
✔ Test confirmWithoutOfferFailsClosed() passed after 0.072 seconds.
✔ Test emptyLengthPrefixedFrameFailsClosed() passed after 0.072 seconds.
✔ Test reconnectEndpointVectorsUseProductionAuthenticationAndFilenameHelpers() passed after 0.072 seconds.
✔ Test reconnectNetworkFixturesUseProductionCandidatePolicy() passed after 0.072 seconds.
✔ Test lateCleanupCannotRemoveReplacementOrSameKeyFromAnotherPeer() passed after 0.072 seconds.
✔ Test preframeIdleDoesNotRenewFirstFrameLease() passed after 0.072 seconds.
✔ Test pairingNumericHighBitVectorMatchesAndroid() passed after 0.072 seconds.
✔ Test webcamPolicyAcceptsConfiguredAfterFirstSampleForCurrentGenerationOnly() passed after 0.072 seconds.
✔ Test replayWindowKeepsDuplicateRejectionAfterEviction() passed after 0.072 seconds.
✔ Test persistenceFailurePreventsAuthenticatedDispatch() passed after 0.072 seconds.
✔ Test oldBoundClientCannotReactivateAfterSameBindingIsReproved() passed after 0.072 seconds.
✔ Test matchingPeerStopNeverEchoesAtLeaseBoundary() passed after 0.072 seconds.
✔ Test decodesAndroidFractionalIsoDates() passed after 0.072 seconds.
✔ Test secureEnvelopeRejectsTampering() passed after 0.072 seconds.
✔ Test receiveShowsKeyBoundVerificationCode() passed after 0.071 seconds.
✔ Test pairingConsentProofBindsBothIdentitiesEndpointAndStage() passed after 0.071 seconds.
✔ Test replyRouterPreservesExactUTF8Bytes(_:) with 4 test cases passed after 0.071 seconds.
✔ Test replyContextStoreConsumesOnce() passed after 0.071 seconds.
✔ Test transcriptEndpointAndTupleAreBound() passed after 0.071 seconds.
✔ Test secureEnvelopeOpensValidMessage() passed after 0.072 seconds.
✔ Test explicitFixtureIVStillSupportsDeterministicVectors() passed after 0.072 seconds.
✔ Test encryptedFrameRoundTripsAndRejectsReplay() passed after 0.072 seconds.
✔ Test maximumFileChunkFitsEncryptedFrame() passed after 0.072 seconds.
✔ Test replyContextDerivesFromMessageEnvelope() passed after 0.071 seconds.
✔ Test unsafeWebURLFailsPolicy() passed after 0.071 seconds.
✔ Test durableFrameStateFailsClosedOnCorruption() passed after 0.071 seconds.
✔ Test messageBookkeepingEvictsOnlyOldestMessageAtCapacity() passed after 0.071 seconds.
✔ Test encryptedFrameRejectsUnexpectedDeviceIds() passed after 0.071 seconds.
✔ Test codecPersistsOnlyFullyAuthenticatedFramesAndBindsScope() passed after 0.071 seconds.
✔ Test clipboardEnvelopeCreatesHandoffAction() passed after 0.071 seconds.
✔ Test envelopeRoundTrips() passed after 0.071 seconds.
✔ Test expectedLengthWaitsForCompletePayload() passed after 0.071 seconds.
✔ Test manualPairingPayloadRoundTripsOffer() passed after 0.080 seconds.
✔ Test bonjourRecordFallsBackToResolvedEndpoint() passed after 0.080 seconds.
✔ Test productionDecoderRejectsMalformedAndUnsupportedImages() passed after 0.081 seconds.
✔ Test replyRouterRejectsBlankReplies() passed after 0.080 seconds.
✔ Test webcamCaptureGateConsumesOnlyMatchingTeardownAndPreservesReplacementWatchdog() passed after 0.080 seconds.
✔ Test legacyTrustDoesNotAcquireDurableTransportVersion() passed after 0.080 seconds.
✔ Test reconnectEscapedClassificationMatchesMacWirePolicy() passed after 0.081 seconds.
✔ Test stopClosesAcceptedClientAndAllowsRebind() passed after 0.081 seconds.
✔ Test screenSessionUsesProductionDecoderAndPullCadence() passed after 0.080 seconds.
✔ Test productionDecoderRejectsNonFrameInputWithoutAllocation() passed after 0.080 seconds.
✔ Test deterministicEncryptedScreenVectorMatchesProductionCodec() passed after 0.081 seconds.
✔ Test parallelReservationsAcrossStoreInstancesAreUnique() passed after 0.080 seconds.
✔ Test webcamCaptureGateRejectsCancelledAndCurrentAuthorizationLossBeforeNativeCalls() passed after 0.080 seconds.
✔ Test messageBookkeepingRemovesIndexesOnReplyDismissalFailureAndExpiry() passed after 0.080 seconds.
✔ Test durableFrameStateSurvivesRecreationAndAcceptsReordering() passed after 0.080 seconds.
✔ Test reconnectEndpointCommitIsAuthenticatedAndStaleCommitCannotReplaceIt() passed after 0.079 seconds.
✔ Test reconnectOuterTimestampsMatchMacWirePolicy() passed after 0.080 seconds.
✔ Test screenControlLimitUsesOriginalPlaintextBytes() passed after 0.080 seconds.
✔ Test untrustedOrStaleMalformedFramesNeverBecomeScreenRejections() passed after 0.080 seconds.
✔ Test invalidateClosesAdmissionSynchronously() passed after 0.081 seconds.
✔ Test authenticatedMalformedScreenVectorsAreSanitizedAfterReplayAcceptance() passed after 0.082 seconds.
✔ Test boundedIngressReleasesFrameAndControlSlots() passed after 0.085 seconds.
✔ Test invalidatedPairLifetimeClosesAdmissionAndQueuedWriter() passed after 0.092 seconds.
✔ Test shutdownReturnsOnlyAfterActiveProducerCompletes() passed after 0.094 seconds.
✔ Test reconnectFixtureCasesMatchMacWirePolicy() passed after 0.099 seconds.
✔ Test pairWriteGateGrantsQueuedLeasesInFIFOOrder() passed after 0.103 seconds.
✔ Test startReportsBindFailureSynchronously() passed after 0.104 seconds.
✔ Test reconnectWriteTimesOutWhenPeerStopsReading() passed after 0.104 seconds.
✔ Test scopedScreenCancellationAllowsOrdinaryTrafficToProgress() passed after 0.109 seconds.
✔ Test reconnectReceiveRejectsCompletionAfterReplayPersistenceDeadline(expiresAtCompletion:) with 2 test cases passed after 0.114 seconds.
✔ Test closingSocketDuringReceiveCannotCloseReusedDescriptor() passed after 0.113 seconds.
✔ Test cancellingStalledReconnectReceiveJoinsOwnedIO() passed after 0.114 seconds.
✔ Test conditionalReconnectConnectWaitsForHeldOrdinaryGateAndDoesNotRetry() passed after 0.115 seconds.
✔ Test screenPreviewSharedContractVectors() passed after 0.120 seconds.
✔ Test screenQueueRejectsWorkBeyondControlAndFrameCaps() passed after 0.123 seconds.
✔ Test cancelledQueuedProducerCannotSendAfterBlockerClears() passed after 0.122 seconds.
✔ Test replacementWaitsForPredecessorShutdownCompletion() passed after 0.122 seconds.
✔ Test reconnectListenerStopJoinsAuthenticatedReplayPersistence() passed after 0.134 seconds.
✔ Test reconnectEncryptedVectorsMatchMacWirePolicy() passed after 0.139 seconds.
✔ Test conditionalReconnectStaleReverseCancellationPreservesReplacement() passed after 0.140 seconds.
✔ Test sharedSenderSerializesTrafficAndPrioritizesOrdinaryWork() passed after 0.146 seconds.
✔ Test conditionalReconnectExchangesShareDurableReplayWindow(order:) with 4 test cases passed after 0.155 seconds.
✔ Test conditionalReconnectSharedWireVectors() passed after 0.192 seconds.
✔ Test fileTransferSharedContractVectors() passed after 0.214 seconds.
✔ Test foundationSecureServerReceivesAndroidCompatibleFrame() passed after 0.217 seconds.
✔ Test foundationSecureServerRejectsReplay() passed after 0.229 seconds.
✔ Test foundationSecureServerRejectsWrongDeviceId() passed after 0.264 seconds.
✔ Test conditionalReconnectHandshakePreservesUntilAcceptanceAndBindsAllPhases(reply:) with 3 test cases passed after 0.270 seconds.
✔ Test partialSocketDeadlineAllowsNextCompleteFrame() passed after 0.297 seconds.
✔ Test reconnectReceiveUsesOneDeadlineAcrossHeaderAndBody() passed after 0.330 seconds.
✔ Test expiredSendBurnsSequenceButWritesNoBytes() passed after 1.060 seconds.
✔ Test queuedScreenPayloadExpiresWhileOrdinaryWriteIsBlocked() passed after 1.098 seconds.
✔ Test successorScreenExpiryAndCancellationRunWhilePredecessorIsHeld() passed after 1.105 seconds.
✔ Test candidateDeadlineClosesReverseChannelWhileBlockedCommitJoins() passed after 2.082 seconds.
✔ Test run with 124 tests in 0 suites passed after 2.083 seconds.
