Verification started (UTC): 2026-09-21T17:11:15Z
Repository commit: 4b8669ce1777946675cebd31d73dfc77c3875354
 M android/src/androidTest/java/app/plink/android/PlinkDeviceTestRunner.kt
 M android/src/main/AndroidManifest.xml
 M android/src/main/java/app/plink/android/services/DurableEventOutbox.kt
 M android/src/main/java/app/plink/android/services/PlinkNotificationListenerService.kt
 M android/src/main/res/drawable/ic_plink_launcher.xml
 M android/src/test/java/app/plink/android/services/DurableEventOutboxTest.kt
 M macos/Package.swift
 M macos/Resources/Plink.icns
 M macos/Sources/PlinkMac/NotificationBridge.swift
 M macos/Sources/PlinkMac/PlinkMacApp.swift
 M macos/Tests/PlinkMacTests/NotificationBridgeTests.swift
 M scripts/generate-macos-icon.swift
?? android/src/main/java/app/plink/android/notifications/NotificationArtwork.kt
?? android/src/main/res/mipmap-anydpi-v26/
?? android/src/main/res/values/launcher_colors.xml
?? android/src/test/java/app/plink/android/notifications/NotificationArtworkTest.kt
?? docs/evidence/iteration-11/
?? macos/Sources/PlinkMac/NotificationArtwork.swift
?? macos/Sources/PlinkNotificationIconBridge/
?? macos/Tests/PlinkMacTests/NotificationArtworkTests.swift
ProductName:		macOS
ProductVersion:		27.0
BuildVersion:		26A428
openjdk version "17.0.20.1" 2026-08-18
OpenJDK Runtime Environment Homebrew (build 17.0.20.1+0)
OpenJDK 64-Bit Server VM Homebrew (build 17.0.20.1+0, mixed mode, sharing)

------------------------------------------------------------
Gradle 9.3.1
------------------------------------------------------------

Build time:    2026-01-29 14:15:01 UTC
Revision:      44f4e8d3122ee6e7cbf5a248d7e20b4ca666bda3

Kotlin:        2.2.21
Groovy:        4.0.29
Ant:           Apache Ant(TM) version 1.10.15 compiled on August 25 2024
Launcher JVM:  17.0.20.1 (Homebrew 17.0.20.1+0)
Daemon JVM:    /opt/homebrew/Cellar/openjdk@17/17.0.20.1/libexec/openjdk.jdk/Contents/Home (no Daemon JVM specified, using current Java home)
OS:            Mac OS X 27.0 aarch64

swift-driver version: 1.168.6 Apple Swift version 6.4 (swiftlang-6.4.0.34.1 clang-2100.3.34.1)
Target: arm64-apple-macosx27.0.0
Xcode 27.0
Build version 27A266a
27.0
To honour the JVM settings for this build a single-use Daemon process will be forked. For more on this, please refer to https://docs.gradle.org/9.3.1/userguide/gradle_daemon.html#sec:disabling_the_daemon in the Gradle documentation.
Daemon will be stopped at the end of the build
Warning: SDK processing. This version only understands SDK XML versions up to 3 but an SDK XML file of version 4 was encountered. This can happen if you use versions of Android Studio and the command-line tools that were released at different times.

> Task :android:printBuildEnvironment
Android compile SDK: 36
Android build tools: 36.0.0
Android minimum SDK: 26
Android target SDK: 36

> Task :android:clean
> Task :android:preBuild UP-TO-DATE
> Task :android:preDebugBuild UP-TO-DATE
> Task :android:mergeDebugNativeDebugMetadata NO-SOURCE
> Task :android:generateDebugResources
> Task :android:compileDebugAidl
> Task :android:packageDebugResources
> Task :android:processDebugNavigationResources
> Task :android:generateDebugAssets UP-TO-DATE
> Task :android:javaPreCompileDebug
> Task :android:mergeDebugAssets
> Task :android:compressDebugAssets
> Task :android:desugarDebugFileDependencies
> Task :android:parseDebugLocalResources
> Task :android:checkDebugAarMetadata
> Task :android:compileDebugNavigationResources
> Task :android:mapDebugSourceSetPaths
> Task :android:generateDebugRFile
> Task :android:mergeDebugResources
> Task :android:createDebugCompatibleScreenManifests
> Task :android:extractDeepLinksDebug
> Task :android:processDebugMainManifest
> Task :android:processDebugManifest
> Task :android:processDebugManifestForPackage
> Task :android:checkDebugDuplicateClasses
> Task :android:mergeDebugJniLibFolders
> Task :android:mergeLibDexDebug
> Task :android:mergeDebugNativeLibs
> Task :android:validateSigningDebug
> Task :android:writeDebugAppMetadata

> Task :android:stripDebugDebugSymbols
Unable to strip the following libraries, packaging them as they are: libandroidx.graphics.path.so. Run with --info option to learn more.

> Task :android:writeDebugSigningConfigVersions
> Task :android:preReleaseBuild UP-TO-DATE
> Task :android:mergeReleaseJniLibFolders
> Task :android:mergeReleaseNativeLibs

> Task :android:stripReleaseDebugSymbols
Unable to strip the following libraries, packaging them as they are: libandroidx.graphics.path.so. Run with --info option to learn more.

> Task :android:checkReleaseDuplicateClasses
> Task :android:generateReleaseResources
> Task :android:extractReleaseNativeSymbolTables
> Task :android:packageReleaseResources
> Task :android:mergeReleaseNativeDebugMetadata NO-SOURCE
> Task :android:processReleaseNavigationResources
> Task :android:javaPreCompileRelease
> Task :android:compileReleaseAidl
> Task :android:parseReleaseLocalResources
> Task :android:mergeReleaseArtProfile
> Task :android:generateReleaseRFile
> Task :android:compileReleaseNavigationResources
> Task :android:checkReleaseAarMetadata
> Task :android:mapReleaseSourceSetPaths
> Task :android:createReleaseCompatibleScreenManifests
> Task :android:extractDeepLinksRelease
> Task :android:processDebugResources
> Task :android:processReleaseMainManifest
> Task :android:processReleaseManifest
> Task :android:extractProguardFiles
> Task :android:mergeReleaseStartupProfile UP-TO-DATE
> Task :android:generateReleaseAssets UP-TO-DATE
> Task :android:mergeReleaseAssets
> Task :android:compressReleaseAssets
> Task :android:mergeReleaseResources
> Task :android:extractReleaseVersionControlInfo
> Task :android:collectReleaseDependencies
> Task :android:sdkReleaseDependencyData
> Task :android:writeReleaseAppMetadata
> Task :android:writeReleaseSigningConfigVersions
> Task :android:preDebugAndroidTestBuild SKIPPED
> Task :android:compileDebugAndroidTestAidl NO-SOURCE
> Task :android:generateDebugAndroidTestResources
> Task :android:packageDebugAndroidTestResources
> Task :android:processDebugAndroidTestNavigationResources
> Task :android:generateDebugAndroidTestAssets UP-TO-DATE
> Task :android:javaPreCompileDebugAndroidTest
> Task :android:parseDebugAndroidTestLocalResources
> Task :android:mergeDebugAndroidTestAssets
> Task :android:compressDebugAndroidTestAssets
> Task :android:generateDebugAndroidTestRFile
> Task :android:desugarDebugAndroidTestFileDependencies
> Task :android:checkDebugAndroidTestAarMetadata
> Task :android:compileDebugAndroidTestNavigationResources
> Task :android:mapDebugAndroidTestSourceSetPaths
> Task :android:mergeDebugAndroidTestResources
> Task :android:processDebugAndroidTestManifest
> Task :android:checkDebugAndroidTestDuplicateClasses
> Task :android:mergeDebugAndroidTestJniLibFolders
> Task :android:mergeExtDexDebugAndroidTest
> Task :android:mergeDebugAndroidTestNativeLibs NO-SOURCE
> Task :android:stripDebugAndroidTestDebugSymbols NO-SOURCE
> Task :android:validateSigningDebugAndroidTest
> Task :android:mergeLibDexDebugAndroidTest
> Task :android:writeDebugAndroidTestSigningConfigVersions
> Task :android:preDebugUnitTestBuild UP-TO-DATE
> Task :android:javaPreCompileDebugUnitTest
> Task :android:processReleaseManifestForPackage
> Task :android:processDebugAndroidTestResources
> Task :android:processReleaseResources
> Task :android:optimizeReleaseResources

> Task :android:compileDebugKotlin
w: file://<workspace>/android/src/main/java/app/plink/android/reconnect/ReconnectDiscovery.kt:166:37 'val allNetworks: Array<(out) Network!>' is deprecated. Deprecated in Java.
w: file://<workspace>/android/src/main/java/app/plink/android/reconnect/ReconnectDiscovery.kt:204:36 'val allNetworks: Array<(out) Network!>' is deprecated. Deprecated in Java.
w: file://<workspace>/android/src/main/java/app/plink/android/screen/ScreenPreviewCoordinator.kt:67:32 Non-public primary constructor is exposed via the generated 'copy()' method of the 'data' class.

The generated 'copy()' will change its visibility in future releases.

To suppress the warning do one of the following:
- Annotate the data class with the '@ConsistentCopyVisibility' annotation.
- Use the '-Xconsistent-data-class-copy-visibility' compiler flag.
- Annotate the data class with the '@ExposedCopyVisibility' annotation
  (Discouraged, but can be used to keep binary compatibility).

To learn more, see the documentation of the '@ConsistentCopyVisibility' and '@ExposedCopyVisibility' annotations.

This will become an error in language version 2.5. See https://youtrack.jetbrains.com/issue/KT-11914.

> Task :android:compileReleaseKotlin
w: file://<workspace>/android/src/main/java/app/plink/android/reconnect/ReconnectDiscovery.kt:166:37 'val allNetworks: Array<(out) Network!>' is deprecated. Deprecated in Java.
w: file://<workspace>/android/src/main/java/app/plink/android/reconnect/ReconnectDiscovery.kt:204:36 'val allNetworks: Array<(out) Network!>' is deprecated. Deprecated in Java.
w: file://<workspace>/android/src/main/java/app/plink/android/screen/ScreenPreviewCoordinator.kt:67:32 Non-public primary constructor is exposed via the generated 'copy()' method of the 'data' class.

The generated 'copy()' will change its visibility in future releases.

To suppress the warning do one of the following:
- Annotate the data class with the '@ConsistentCopyVisibility' annotation.
- Use the '-Xconsistent-data-class-copy-visibility' compiler flag.
- Annotate the data class with the '@ExposedCopyVisibility' annotation
  (Discouraged, but can be used to keep binary compatibility).

To learn more, see the documentation of the '@ConsistentCopyVisibility' and '@ExposedCopyVisibility' annotations.

This will become an error in language version 2.5. See https://youtrack.jetbrains.com/issue/KT-11914.

> Task :android:compileDebugJavaWithJavac
> Task :android:mergeExtDexDebug
> Task :android:dexBuilderDebug
> Task :android:processDebugJavaRes
> Task :android:mergeDebugGlobalSynthetics
> Task :android:mergeProjectDexDebug
> Task :android:compileReleaseJavaWithJavac
> Task :android:mergeReleaseGeneratedProguardFiles UP-TO-DATE
> Task :android:processReleaseJavaRes
> Task :android:generateReleaseLintVitalReportModel
> Task :android:generateDebugLintReportModel
> Task :android:bundleDebugClassesToCompileJar
> Task :android:generateDebugAndroidTestLintModel
> Task :android:generateDebugUnitTestLintModel
> Task :android:bundleDebugClassesToRuntimeJar
> Task :android:mergeDebugJavaResource
> Task :android:mergeReleaseJavaResource
> Task :android:expandReleaseArtProfileWildcards

> Task :android:compileDebugAndroidTestKotlin
w: file://<workspace>/android/src/androidTest/java/app/plink/android/PlinkDeviceTestRunner.kt:148:16 'constructor(p0: String!, p1: String!, p2: Int, p3: String!, p4: Int, p5: Int, p6: Int, p7: Notification!, p8: UserHandle!, p9: Long): StatusBarNotification' is deprecated. Deprecated in Java.

> Task :android:compileDebugAndroidTestJavaWithJavac NO-SOURCE
> Task :android:dexBuilderDebugAndroidTest
> Task :android:processDebugAndroidTestJavaRes
> Task :android:mergeDebugAndroidTestJavaResource
> Task :android:packageDebug
> Task :android:createDebugApkListingFileRedirect
> Task :android:assembleDebug
> Task :android:mergeProjectDexDebugAndroidTest
> Task :android:produceReleaseComposeMapping
> Task :android:reportReleaseComposeMappingErrors

> Task :android:compileDebugUnitTestKotlin
w: file://<workspace>/android/src/test/java/app/plink/android/protocol/FileTransferPayloadPolicyTest.kt:14:42 Java type mismatch: inferred type is 'String?', but 'String' was expected.
w: file://<workspace>/android/src/test/java/app/plink/android/transport/SocketSecurityTest.kt:43:65 Redundant creation of Json format. Creating instances for each usage can be slow.

> Task :android:compileDebugUnitTestJavaWithJavac NO-SOURCE
> Task :android:processDebugUnitTestJavaRes
> Task :android:mergeDebugAndroidTestGlobalSynthetics
> Task :android:testDebugUnitTest
> Task :android:packageDebugAndroidTest
> Task :android:createDebugAndroidTestApkListingFileRedirect
> Task :android:assembleDebugAndroidTest
> Task :android:lintAnalyzeDebugAndroidTest
> Task :android:lintAnalyzeDebugUnitTest
> Task :android:minifyReleaseWithR8
> Task :android:mergeReleaseComposeMapping
> Task :android:compileReleaseArtProfile
> Task :android:lintVitalAnalyzeRelease
> Task :android:lintVitalReportRelease
> Task :android:lintVitalRelease
> Task :android:packageRelease
> Task :android:createReleaseApkListingFileRedirect
> Task :android:assembleRelease
> Task :android:lintAnalyzeDebug

> Task :android:lintReportDebug
Wrote HTML report to file://<workspace>/android/build/reports/lint-results-debug.html

> Task :android:lintDebug

BUILD SUCCESSFUL in 34s
133 actionable tasks: 131 executed, 2 up-to-date
Consider enabling configuration cache to speed up this build: https://docs.gradle.org/9.3.1/userguide/configuration_cache_enabling.html
Building for debugging...
[1 / 4]
Build complete! (0.23 sec)
Test Suite 'All tests' started at 2026-09-21 13:11:52.449.
Test Suite 'All tests' passed at 2026-09-21 13:11:52.449.
	 Executed 0 tests, with 0 failures (0 unexpected) in 0.000 (0.001) seconds
Test Suite 'All tests' started at 2026-09-21 13:11:52.514.
Test Suite 'PlinkCoreTests.xctest' started at 2026-09-21 13:11:52.514.
Test Suite 'MacContinuityTests' started at 2026-09-21 13:11:52.514.
Test Case '-[PlinkCoreTests.MacContinuityTests testAckRequiresMatchingActionPeerAndPendingCommand]' started.
Test Case '-[PlinkCoreTests.MacContinuityTests testAckRequiresMatchingActionPeerAndPendingCommand]' passed (0.000 seconds).
Test Case '-[PlinkCoreTests.MacContinuityTests testActiveRefreshDoesNotReenablePendingHangup]' started.
Test Case '-[PlinkCoreTests.MacContinuityTests testActiveRefreshDoesNotReenablePendingHangup]' passed (0.000 seconds).
Test Case '-[PlinkCoreTests.MacContinuityTests testAwaitingUserDoesNotClaimExecutionAndAcceptsLaterOutcome]' started.
Test Case '-[PlinkCoreTests.MacContinuityTests testAwaitingUserDoesNotClaimExecutionAndAcceptsLaterOutcome]' passed (0.000 seconds).
Test Case '-[PlinkCoreTests.MacContinuityTests testCallActionsRequireCurrentIdentityAndObservedState]' started.
Test Case '-[PlinkCoreTests.MacContinuityTests testCallActionsRequireCurrentIdentityAndObservedState]' passed (0.000 seconds).
Test Case '-[PlinkCoreTests.MacContinuityTests testDisconnectAndCallCancellationInvalidateActions]' started.
Test Case '-[PlinkCoreTests.MacContinuityTests testDisconnectAndCallCancellationInvalidateActions]' passed (0.000 seconds).
Test Case '-[PlinkCoreTests.MacContinuityTests testEveryCallActionCancelsOnTerminalStateWithoutMigratingIdentity]' started.
Test Case '-[PlinkCoreTests.MacContinuityTests testEveryCallActionCancelsOnTerminalStateWithoutMigratingIdentity]' passed (0.000 seconds).
Test Case '-[PlinkCoreTests.MacContinuityTests testExecutingInvocationQuarantinesEvenAfterRemoteEnd]' started.
Test Case '-[PlinkCoreTests.MacContinuityTests testExecutingInvocationQuarantinesEvenAfterRemoteEnd]' passed (0.000 seconds).
Test Case '-[PlinkCoreTests.MacContinuityTests testExpiredExecutingWorkStaysQuarantinedAfterLateReturn]' started.
Test Case '-[PlinkCoreTests.MacContinuityTests testExpiredExecutingWorkStaysQuarantinedAfterLateReturn]' passed (0.000 seconds).
Test Case '-[PlinkCoreTests.MacContinuityTests testHeldOrDifferentCallIndexMakesTopologyAmbiguous]' started.
Test Case '-[PlinkCoreTests.MacContinuityTests testHeldOrDifferentCallIndexMakesTopologyAmbiguous]' passed (0.000 seconds).
Test Case '-[PlinkCoreTests.MacContinuityTests testIncorrectAckDoesNotConsumePendingCommand]' started.
Test Case '-[PlinkCoreTests.MacContinuityTests testIncorrectAckDoesNotConsumePendingCommand]' passed (0.000 seconds).
Test Case '-[PlinkCoreTests.MacContinuityTests testLateOperationAndOldGenerationCannotCompleteReplacement]' started.
Test Case '-[PlinkCoreTests.MacContinuityTests testLateOperationAndOldGenerationCannotCompleteReplacement]' passed (0.000 seconds).
Test Case '-[PlinkCoreTests.MacContinuityTests testNativeContinuationIsDeniedAfterExpiryOrCancellation]' started.
Test Case '-[PlinkCoreTests.MacContinuityTests testNativeContinuationIsDeniedAfterExpiryOrCancellation]' passed (0.000 seconds).
Test Case '-[PlinkCoreTests.MacContinuityTests testQueuedExpiredWorkNeverStartsAndReturnedCompletionCanBeDelayed]' started.
Test Case '-[PlinkCoreTests.MacContinuityTests testQueuedExpiredWorkNeverStartsAndReturnedCompletionCanBeDelayed]' passed (0.000 seconds).
Test Case '-[PlinkCoreTests.MacContinuityTests testReplyContextsExpireReplaceAndClear]' started.
Test Case '-[PlinkCoreTests.MacContinuityTests testReplyContextsExpireReplaceAndClear]' passed (0.000 seconds).
Test Case '-[PlinkCoreTests.MacContinuityTests testReplyRevocationIsScopedToPeerAndNotification]' started.
Test Case '-[PlinkCoreTests.MacContinuityTests testReplyRevocationIsScopedToPeerAndNotification]' passed (0.000 seconds).
Test Case '-[PlinkCoreTests.MacContinuityTests testReturnedInvocationTimesOutRecoverablyAndInvalidatesCallActions]' started.
Test Case '-[PlinkCoreTests.MacContinuityTests testReturnedInvocationTimesOutRecoverablyAndInvalidatesCallActions]' passed (0.000 seconds).
Test Case '-[PlinkCoreTests.MacContinuityTests testSCOAndGenericActiveCannotResolveUnconfirmedAnswer]' started.
Test Case '-[PlinkCoreTests.MacContinuityTests testSCOAndGenericActiveCannotResolveUnconfirmedAnswer]' passed (0.000 seconds).
Test Case '-[PlinkCoreTests.MacContinuityTests testSCOCannotCompleteAnswerOrHangup]' started.
Test Case '-[PlinkCoreTests.MacContinuityTests testSCOCannotCompleteAnswerOrHangup]' passed (0.000 seconds).
Test Case '-[PlinkCoreTests.MacContinuityTests testSCOCannotCreateCallOrGrantActions]' started.
Test Case '-[PlinkCoreTests.MacContinuityTests testSCOCannotCreateCallOrGrantActions]' passed (0.000 seconds).
Test Case '-[PlinkCoreTests.MacContinuityTests testSocketWriteIsNotExecutionAndTimeoutIsUnknown]' started.
Test Case '-[PlinkCoreTests.MacContinuityTests testSocketWriteIsNotExecutionAndTimeoutIsUnknown]' passed (0.000 seconds).
Test Case '-[PlinkCoreTests.MacContinuityTests testStatusRejectsInvalidBatteryAndMediaCommands]' started.
Test Case '-[PlinkCoreTests.MacContinuityTests testStatusRejectsInvalidBatteryAndMediaCommands]' passed (0.000 seconds).
Test Case '-[PlinkCoreTests.MacContinuityTests testWaitingCallCannotReuseOriginalActionIdentityAfterSetupEnds]' started.
Test Case '-[PlinkCoreTests.MacContinuityTests testWaitingCallCannotReuseOriginalActionIdentityAfterSetupEnds]' passed (0.000 seconds).
Test Case '-[PlinkCoreTests.MacContinuityTests testWaitingCallDoesNotBecomeActionableWithoutCallIndexSupport]' started.
Test Case '-[PlinkCoreTests.MacContinuityTests testWaitingCallDoesNotBecomeActionableWithoutCallIndexSupport]' passed (0.000 seconds).
Test Suite 'MacContinuityTests' passed at 2026-09-21 13:11:52.518.
	 Executed 23 tests, with 0 failures (0 unexpected) in 0.002 (0.003) seconds
Test Suite 'MacDeviceIdentityTests' started at 2026-09-21 13:11:52.518.
Test Case '-[PlinkCoreTests.MacDeviceIdentityTests testDifferentInstallationsGetDifferentIdentities]' started.
Test Case '-[PlinkCoreTests.MacDeviceIdentityTests testDifferentInstallationsGetDifferentIdentities]' passed (0.002 seconds).
Test Case '-[PlinkCoreTests.MacDeviceIdentityTests testFreshIdentityPersistsAcrossInstances]' started.
Test Case '-[PlinkCoreTests.MacDeviceIdentityTests testFreshIdentityPersistsAcrossInstances]' passed (0.001 seconds).
Test Case '-[PlinkCoreTests.MacDeviceIdentityTests testLegacyPairingGetsDurableFreshOfferIdentity]' started.
Test Case '-[PlinkCoreTests.MacDeviceIdentityTests testLegacyPairingGetsDurableFreshOfferIdentity]' passed (0.001 seconds).
Test Case '-[PlinkCoreTests.MacDeviceIdentityTests testMalformedPersistedIdentityFailsClosedWithoutReplacement]' started.
Test Case '-[PlinkCoreTests.MacDeviceIdentityTests testMalformedPersistedIdentityFailsClosedWithoutReplacement]' passed (0.001 seconds).
Test Case '-[PlinkCoreTests.MacDeviceIdentityTests testTwoUpgradedMacsHaveDifferentFreshOfferIdentities]' started.
Test Case '-[PlinkCoreTests.MacDeviceIdentityTests testTwoUpgradedMacsHaveDifferentFreshOfferIdentities]' passed (0.002 seconds).
Test Suite 'MacDeviceIdentityTests' passed at 2026-09-21 13:11:52.525.
	 Executed 5 tests, with 0 failures (0 unexpected) in 0.007 (0.007) seconds
Test Suite 'MacFileTransferTests' started at 2026-09-21 13:11:52.525.
Test Case '-[PlinkCoreTests.MacFileTransferTests testAbsoluteDeadlineCannotBeExtendedBySuccessfulProgress]' started.
Test Case '-[PlinkCoreTests.MacFileTransferTests testAbsoluteDeadlineCannotBeExtendedBySuccessfulProgress]' passed (0.002 seconds).
Test Case '-[PlinkCoreTests.MacFileTransferTests testBidirectionalBoundaryFilesSaveIdenticalBytesOnlyAfterConsent]' started.
Test Case '-[PlinkCoreTests.MacFileTransferTests testBidirectionalBoundaryFilesSaveIdenticalBytesOnlyAfterConsent]' passed (2.080 seconds).
Test Case '-[PlinkCoreTests.MacFileTransferTests testBusyAndStaleConsentCannotTakeOverExistingTransfer]' started.
Test Case '-[PlinkCoreTests.MacFileTransferTests testBusyAndStaleConsentCannotTakeOverExistingTransfer]' passed (0.001 seconds).
Test Case '-[PlinkCoreTests.MacFileTransferTests testCancellationFeatureOffAndSessionResetRevokeConsentAndClean]' started.
Test Case '-[PlinkCoreTests.MacFileTransferTests testCancellationFeatureOffAndSessionResetRevokeConsentAndClean]' passed (0.001 seconds).
Test Case '-[PlinkCoreTests.MacFileTransferTests testChooserRejectsChangedTransferAndGenerationBeforeMutation]' started.
Test Case '-[PlinkCoreTests.MacFileTransferTests testChooserRejectsChangedTransferAndGenerationBeforeMutation]' passed (0.000 seconds).
Test Case '-[PlinkCoreTests.MacFileTransferTests testDeadlineCrossingDuringExportPreservesExistingDestination]' started.
Test Case '-[PlinkCoreTests.MacFileTransferTests testDeadlineCrossingDuringExportPreservesExistingDestination]' passed (0.001 seconds).
Test Case '-[PlinkCoreTests.MacFileTransferTests testDeferredChooserCannotCancelReplacementOffer]' started.
Test Case '-[PlinkCoreTests.MacFileTransferTests testDeferredChooserCannotCancelReplacementOffer]' passed (0.000 seconds).
Test Case '-[PlinkCoreTests.MacFileTransferTests testDisabledBusyForeignAndUnacceptedMessagesCannotWrite]' started.
Test Case '-[PlinkCoreTests.MacFileTransferTests testDisabledBusyForeignAndUnacceptedMessagesCannotWrite]' passed (0.000 seconds).
Test Case '-[PlinkCoreTests.MacFileTransferTests testExportFailureNeverReportsSavedAndPathTraversalRejected]' started.
Test Case '-[PlinkCoreTests.MacFileTransferTests testExportFailureNeverReportsSavedAndPathTraversalRejected]' passed (0.001 seconds).
Test Case '-[PlinkCoreTests.MacFileTransferTests testMalformedActiveChunkStopsAndCleans]' started.
Test Case '-[PlinkCoreTests.MacFileTransferTests testMalformedActiveChunkStopsAndCleans]' passed (0.001 seconds).
Test Case '-[PlinkCoreTests.MacFileTransferTests testMonotonicOfferInactivityAndAbsoluteDeadlines]' started.
Test Case '-[PlinkCoreTests.MacFileTransferTests testMonotonicOfferInactivityAndAbsoluteDeadlines]' passed (0.001 seconds).
Test Case '-[PlinkCoreTests.MacFileTransferTests testNoncanonicalBase64IsRejectedBeforeWrite]' started.
Test Case '-[PlinkCoreTests.MacFileTransferTests testNoncanonicalBase64IsRejectedBeforeWrite]' passed (0.002 seconds).
Test Case '-[PlinkCoreTests.MacFileTransferTests testOversizeNeverOffersAndCleansSnapshot]' started.
Test Case '-[PlinkCoreTests.MacFileTransferTests testOversizeNeverOffersAndCleansSnapshot]' passed (0.013 seconds).
Test Case '-[PlinkCoreTests.MacFileTransferTests testRepeatedCancellationPreservesUnconfirmedSavedOutcome]' started.
Test Case '-[PlinkCoreTests.MacFileTransferTests testRepeatedCancellationPreservesUnconfirmedSavedOutcome]' passed (0.001 seconds).
Test Case '-[PlinkCoreTests.MacFileTransferTests testSenderNeverSendsBeforeAcceptOrTreatsTransportAsSaved]' started.
Test Case '-[PlinkCoreTests.MacFileTransferTests testSenderNeverSendsBeforeAcceptOrTreatsTransportAsSaved]' passed (0.001 seconds).
Test Case '-[PlinkCoreTests.MacFileTransferTests testSnapshotSurvivesInputMutationAndTerminalFramesDoNotResave]' started.
Test Case '-[PlinkCoreTests.MacFileTransferTests testSnapshotSurvivesInputMutationAndTerminalFramesDoNotResave]' passed (0.004 seconds).
Test Case '-[PlinkCoreTests.MacFileTransferTests testWrongIndexLengthAndDigestNeverSave]' started.
Test Case '-[PlinkCoreTests.MacFileTransferTests testWrongIndexLengthAndDigestNeverSave]' passed (0.002 seconds).
Test Suite 'MacFileTransferTests' passed at 2026-09-21 13:11:54.635.
	 Executed 17 tests, with 0 failures (0 unexpected) in 2.109 (2.110) seconds
Test Suite 'MacPairingFinalizationTests' started at 2026-09-21 13:11:54.635.
Test Case '-[PlinkCoreTests.MacPairingFinalizationTests testCommitFailureInvalidatesReplacementBeforeRollback]' started.
Test Case '-[PlinkCoreTests.MacPairingFinalizationTests testCommitFailureInvalidatesReplacementBeforeRollback]' passed (0.001 seconds).
Test Case '-[PlinkCoreTests.MacPairingFinalizationTests testCommitKeepsNewTrustAndExistingSessionKeyCannotBeOverwritten]' started.
Test Case '-[PlinkCoreTests.MacPairingFinalizationTests testCommitKeepsNewTrustAndExistingSessionKeyCannotBeOverwritten]' passed (0.001 seconds).
Test Case '-[PlinkCoreTests.MacPairingFinalizationTests testInterruptedDifferentPhonePairingRestoresPreviousSelection]' started.
Test Case '-[PlinkCoreTests.MacPairingFinalizationTests testInterruptedDifferentPhonePairingRestoresPreviousSelection]' passed (0.001 seconds).
Test Case '-[PlinkCoreTests.MacPairingFinalizationTests testLegacyV2RecordCannotActivateAfterFailedFreshPairing]' started.
Test Case '-[PlinkCoreTests.MacPairingFinalizationTests testLegacyV2RecordCannotActivateAfterFailedFreshPairing]' passed (0.001 seconds).
Test Case '-[PlinkCoreTests.MacPairingFinalizationTests testPairingDifferentPhoneRestoresExplicitLatestSelection]' started.
Test Case '-[PlinkCoreTests.MacPairingFinalizationTests testPairingDifferentPhoneRestoresExplicitLatestSelection]' passed (0.001 seconds).
Test Case '-[PlinkCoreTests.MacPairingFinalizationTests testPartiallyWrittenMetadataFailureRollsBackBothStores]' started.
Test Case '-[PlinkCoreTests.MacPairingFinalizationTests testPartiallyWrittenMetadataFailureRollsBackBothStores]' passed (0.000 seconds).
Test Case '-[PlinkCoreTests.MacPairingFinalizationTests testRecoveryAfterInterruptedSaveRestoresOldTrust]' started.
Test Case '-[PlinkCoreTests.MacPairingFinalizationTests testRecoveryAfterInterruptedSaveRestoresOldTrust]' passed (0.001 seconds).
Test Case '-[PlinkCoreTests.MacPairingFinalizationTests testRollbackRestoresPriorDeviceAndRemovesOnlyNewKey]' started.
Test Case '-[PlinkCoreTests.MacPairingFinalizationTests testRollbackRestoresPriorDeviceAndRemovesOnlyNewKey]' passed (0.001 seconds).
Test Case '-[PlinkCoreTests.MacPairingFinalizationTests testUnselectedStoredRecordsNeverChooseFirstPhone]' started.
Test Case '-[PlinkCoreTests.MacPairingFinalizationTests testUnselectedStoredRecordsNeverChooseFirstPhone]' passed (0.000 seconds).
Test Suite 'MacPairingFinalizationTests' passed at 2026-09-21 13:11:54.643.
	 Executed 9 tests, with 0 failures (0 unexpected) in 0.008 (0.008) seconds
Test Suite 'PlinkCoreTests.xctest' passed at 2026-09-21 13:11:54.643.
	 Executed 54 tests, with 0 failures (0 unexpected) in 2.127 (2.129) seconds
Test Suite 'All tests' passed at 2026-09-21 13:11:54.643.
	 Executed 54 tests, with 0 failures (0 unexpected) in 2.127 (2.130) seconds
◇ Test run started.
↳ Testing Library Version: 2084
↳ Target Platform: arm64e-apple-macos14.0
◇ Suite NotificationArtworkTests started.
◇ Suite StartupRecoveryTests started.
◇ Suite BluetoothCallControllerTests started.
◇ Suite ReconnectLifecycleTests started.
◇ Suite ClipboardSyncControllerTests started.
◇ Suite PixelWebcamControllerTests started.
◇ Suite NotificationBridgeTests started.
◇ Test onlyBoundedStaticPNGCanRender() started.
◇ Test absentPairingAndSavedRecordsWithoutSelectionAreDifferent() started.
◇ Suite ScreenPreviewControllerTests started.
◇ Test returnedFakeKeychainErrorsHaveTruthfulDistinctStates() started.
◇ Test backgroundCatalogAndSavedLookupDoNotInvokeSetup() started.
◇ Test explicitExactNameSetupCommitsOnceAfterCatalogAndKeepsSingleFlight() started.
◇ Test pendingKeyAccessStaysUnknownAndUsesConditionalPromptCopy() started.
◇ Test missingAndInvalidFakeKeysCannotProduceReady() started.
◇ Test modalSelectionAndBondRecheckCannotCommitStaleResults() started.
◇ Test chooserAndShortcutUseSameValidatedCommitPath() started.
◇ Test missingPrivateIconClassFallsBackWithoutMutatingContent() started.
◇ Test outstandingIconRequestsAreBoundedEvenWhenTheSameMessageIsReplaced() started.
◇ Test displayLabelsRemoveControlsAndBoundScalars() started.
◇ Test heldSetupRejectsStaleOrCancelledCompletion(reason:) started.
◇ Test invalidOptionalArtworkDoesNotDropOrRerouteMessage() started.
◇ Test manualReconnectRejectsNonnumericAndNonstandardPortsBeforeCallback() started.
◇ Test nonExactOrUnusableCandidatesRetainChooser(reason:) started.
◇ Test staleAndTerminatingPublicationsCannotReplaceCurrentPhase() started.
◇ Test catalogDeduplicatesCanonicalAddressesButNeverNames() started.
◇ Test queuedRecoveryRechecksLifecycleBeforeStarting(event:) started.
◇ Test unavailablePrivateIconStillDeliversOrdinaryMessage() started.
◇ Test rejectedConditionalHandoffLeavesOrdinaryGenerationUntouched() started.
◇ Test selectedReturnUsesConditionalAppDispatchOnceAndPreservesConnectedState() started.
◇ Test userCancelSurvivesEnvironmentChangesUntilExplicitResume() started.
◇ Test selectedReturnCooldownSurvivesObserverRestartAndHasNoTimerRetry() started.
◇ Test lifecycleDiscoveryStopDoesNotBecomeUserCancellation() started.
◇ Test conditionalHandoffChecksRealCleanupAndNeverPublishesLate(event:) started.
◇ Test heldCleanupCannotAdmitAfterAttemptExpiresOrChanges(event:) started.
◇ Test freshPairingContinuationRequiresCurrentCommittedOwner(outcome:) started.
◇ Test restoredControllerIsInertUntilExplicitReconnect() started.
◇ Test selectedReturnRechecksAppGateAndDropsBusyWorkWithoutRetry() started.
◇ Test selectedReturnInvalidationDropsHeldCallbacks(reason:whileResolving:) started.
◇ Test iconFailureRetriesOnlyWhileNotificationIsCurrent(outcome:) started.
◇ Test conditionalReturnAppDispatchRechecksEligibilityAndExactDeadline() started.
◇ Test replacedDiscoveryIgnoresOldFindResolveAndTimerCallbacks() started.
◇ Test selectedReturnBoundsResolutionAndRejectsNonmatchingBaseline() started.
◇ Test selectedReturnEquivalentRemovalFromOldBrowserCannotRemoveCurrentService() started.
◇ Test pairingOrTerminationInvalidationRejectsQueuedRecovery() started.
◇ Test discoveryAndHandshakeCannotResetDeadlineAfterCleanup() started.
◇ Test cancelClosesDiscoveryStateAndNotifiesLifecycleOwnerOnce() started.
◇ Test selectedReturnDeadlineBelongsToMatchingCandidate(rejected:) started.
◇ Test selectedReturnRejectsUntrustedOrIneligibleResolution(fault:) started.
◇ Test discoveryNotifiesLifecycleOwnerBeforeBrowsing() started.
◇ Test recoveryWaitsForEligibilityAndConsumesOnlyOnce() started.
◇ Test selectedReturnOriginalDeadlineExpiresDuringResolutionOrQueuedDispatch(expireWhileResolving:) started.
◇ Test changedEnvironmentRejectsQueuedRecoveryFromOldGeneration() started.
◇ Test syncDoesNotReplayInactiveContentAndSuppressesOnlyRemoteRevision() started.
◇ Test changedRevisionDiscardsRacedSnapshotAndRemoteWrite() started.
◇ Test selectedReturnAcceptsEquivalentRemovalAndIgnoresDiscardedResolution() started.
◇ Test duplicateTeardownCannotClearOrUncancelReplacementStart() started.
◇ Test deferredSendRechecksUnlockedState() started.
◇ Test beginShutdownClosesStartGateAndAsyncShutdownWaitsForTeardown() started.
◇ Test authorizationLossBehindBlockedDiscoveryPreventsNativeInputOrStart() started.
◇ Test concealedBlankAndOversizedTextAreRefused() started.
◇ Test mirroredRemovalRequiresTheSamePeerAndNotificationKey() started.
◇ Test mirroredCallTombstoneNeverRemovesOrReplacesHFPNotification() started.
◇ Test decodedPixelsDisappearImmediatelyWhenPreviewStops() started.
◇ Test staleConnectionRejectionCannotEndReplacementPreview() started.
◇ Test case passing 1 argument reason → "alias" to nonExactOrUnusableCandidatesRetainChooser(reason:) started.
◇ Test case passing 1 argument reason → "blank" to nonExactOrUnusableCandidatesRetainChooser(reason:) started.
◇ Test clearContextsPreservesHFPNotificationAndContext() started.
◇ Test queuedAmbiguousRejectionCannotCrossLocalStartAndQuitIsTerminal() started.
◇ Test selectedDisconnectInvalidatesImmediatelyAndReplugNeverRestarts() started.
◇ Test oldMirroredCallRemovalPreservesReplacementUntilItsOwnRemoval() started.
◇ Test disabledOrInactivePreviewCannotStart() started.
◇ Test case passing 1 argument reason → "generation" to heldSetupRejectsStaleOrCancelledCompletion(reason:) started.
◇ Test case passing 1 argument reason → "case" to nonExactOrUnusableCandidatesRetainChooser(reason:) started.
◇ Test case passing 1 argument reason → "unpaired" to nonExactOrUnusableCandidatesRetainChooser(reason:) started.
◇ Test pendingSendIsCanceledByLatestTextAndEveryOffState() started.
◇ Test case passing 1 argument reason → "ambiguous" to nonExactOrUnusableCandidatesRetainChooser(reason:) started.
◇ Test case passing 1 argument event → "lock" to queuedRecoveryRechecksLifecycleBeforeStarting(event:) started.
◇ Test case passing 1 argument reason → "busy" to heldSetupRejectsStaleOrCancelledCompletion(reason:) started.
◇ Test case passing 1 argument reason → "non-hfp" to nonExactOrUnusableCandidatesRetainChooser(reason:) started.
◇ Test case passing 1 argument event → "termination" to queuedRecoveryRechecksLifecycleBeforeStarting(event:) started.
◇ Test case passing 1 argument reason → "cancel" to heldSetupRejectsStaleOrCancelledCompletion(reason:) started.
◇ Test configuredAfterFirstSampleAttachesButStoppedGenerationCannotAttach() started.
◇ Test case passing 1 argument reason → "call" to heldSetupRejectsStaleOrCancelledCompletion(reason:) started.
◇ Test duplicateEligibleWakeQueuesOneProductionDiscovery() started.
◇ Test case passing 1 argument outcome → "committed" to freshPairingContinuationRequiresCurrentCommittedOwner(outcome:) started.
◇ Test recoveryCannotReplaceHealthyConnectionOrRunningAttempt() started.
◇ Test case passing 1 argument event → "cancel" to heldCleanupCannotAdmitAfterAttemptExpiresOrChanges(event:) started.
◇ Test hidingStopsSynchronouslyAndReopeningNeedsExplicitStart() started.
◇ Test case passing 1 argument event → "cancel" to queuedRecoveryRechecksLifecycleBeforeStarting(event:) started.
◇ Test case passing 1 argument event → "deadline" to conditionalHandoffChecksRealCleanupAndNeverPublishesLate(event:) started.
◇ Test case passing 1 argument event → "replacement" to heldCleanupCannotAdmitAfterAttemptExpiresOrChanges(event:) started.
◇ Test case passing 1 argument event → "replacement" to conditionalHandoffChecksRealCleanupAndNeverPublishesLate(event:) started.
◇ Test case passing 1 argument outcome → "failure" to iconFailureRetriesOnlyWhileNotificationIsCurrent(outcome:) started.
◇ Test case passing 1 argument reason → "quarantine" to heldSetupRejectsStaleOrCancelledCompletion(reason:) started.
◇ Test case passing 1 argument outcome → "failed" to freshPairingContinuationRequiresCurrentCommittedOwner(outcome:) started.
◇ Test case passing 1 argument event → "cancel" to conditionalHandoffChecksRealCleanupAndNeverPublishesLate(event:) started.
◇ Test case passing 1 argument outcome → "tombstone" to iconFailureRetriesOnlyWhileNotificationIsCurrent(outcome:) started.
◇ Test case passing 1 argument reason → "peer" to heldSetupRejectsStaleOrCancelledCompletion(reason:) started.
◇ Test clearContextsRemovesKeyedAndUnkeyedMirrorsAndRevokesIdentity() started.
◇ Test case passing 1 argument outcome → "restored" to freshPairingContinuationRequiresCurrentCommittedOwner(outcome:) started.
◇ Test case passing 2 arguments reason → "cancel", whileResolving → false to selectedReturnInvalidationDropsHeldCallbacks(reason:whileResolving:) started.
◇ Test case passing 1 argument event → "termination" to conditionalHandoffChecksRealCleanupAndNeverPublishesLate(event:) started.
◇ Test case passing 1 argument event → "deadline" to heldCleanupCannotAdmitAfterAttemptExpiresOrChanges(event:) started.
◇ Test case passing 1 argument event → "lock" to conditionalHandoffChecksRealCleanupAndNeverPublishesLate(event:) started.
◇ Test case passing 1 argument outcome → "reply" to iconFailureRetriesOnlyWhileNotificationIsCurrent(outcome:) started.
◇ Test case passing 2 arguments reason → "lock", whileResolving → true to selectedReturnInvalidationDropsHeldCallbacks(reason:whileResolving:) started.
◇ Test case passing 1 argument rejected → "unrelated" to selectedReturnDeadlineBelongsToMatchingCandidate(rejected:) started.
◇ Test case passing 2 arguments reason → "pair replacement", whileResolving → true to selectedReturnInvalidationDropsHeldCallbacks(reason:whileResolving:) started.
◇ Test case passing 1 argument rejected → "malformed" to selectedReturnDeadlineBelongsToMatchingCandidate(rejected:) started.
✔ Test absentPairingAndSavedRecordsWithoutSelectionAreDifferent() passed after 0.001 seconds.
◇ Test case passing 1 argument event → "pair replacement" to conditionalHandoffChecksRealCleanupAndNeverPublishesLate(event:) started.
◇ Test case passing 1 argument rejected → "failed" to selectedReturnDeadlineBelongsToMatchingCandidate(rejected:) started.
◇ Test case passing 2 arguments reason → "network change", whileResolving → false to selectedReturnInvalidationDropsHeldCallbacks(reason:whileResolving:) started.
◇ Test case passing 2 arguments reason → "pair replacement", whileResolving → false to selectedReturnInvalidationDropsHeldCallbacks(reason:whileResolving:) started.
◇ Test case passing 1 argument expireWhileResolving → false to selectedReturnOriginalDeadlineExpiresDuringResolutionOrQueuedDispatch(expireWhileResolving:) started.
◇ Test case passing 1 argument expireWhileResolving → true to selectedReturnOriginalDeadlineExpiresDuringResolutionOrQueuedDispatch(expireWhileResolving:) started.
◇ Test case passing 2 arguments reason → "network change", whileResolving → true to selectedReturnInvalidationDropsHeldCallbacks(reason:whileResolving:) started.
◇ Test case passing 2 arguments reason → "termination", whileResolving → false to selectedReturnInvalidationDropsHeldCallbacks(reason:whileResolving:) started.
◇ Test case passing 1 argument fault → "wrong-platform" to selectedReturnRejectsUntrustedOrIneligibleResolution(fault:) started.
◇ Test case passing 1 argument fault → "oversized-txt" to selectedReturnRejectsUntrustedOrIneligibleResolution(fault:) started.
◇ Test case passing 2 arguments reason → "cancel", whileResolving → true to selectedReturnInvalidationDropsHeldCallbacks(reason:whileResolving:) started.
◇ Test case passing 1 argument outcome → "superseded" to freshPairingContinuationRequiresCurrentCommittedOwner(outcome:) started.
◇ Test constructionIsInertUntilExplicitActivation() started.
◇ Test case passing 1 argument outcome → "cancelled" to freshPairingContinuationRequiresCurrentCommittedOwner(outcome:) started.
◇ Test case passing 1 argument event → "pair replacement" to queuedRecoveryRechecksLifecycleBeforeStarting(event:) started.
◇ Test case passing 2 arguments reason → "manual connect", whileResolving → false to selectedReturnInvalidationDropsHeldCallbacks(reason:whileResolving:) started.
◇ Test case passing 2 arguments reason → "termination", whileResolving → true to selectedReturnInvalidationDropsHeldCallbacks(reason:whileResolving:) started.
✔ Test returnedFakeKeychainErrorsHaveTruthfulDistinctStates() passed after 0.001 seconds.
✔ Test pendingKeyAccessStaysUnknownAndUsesConditionalPromptCopy() passed after 0.001 seconds.
◇ Test case passing 1 argument outcome → "dismiss" to iconFailureRetriesOnlyWhileNotificationIsCurrent(outcome:) started.
◇ Test case passing 2 arguments reason → "manual connect", whileResolving → true to selectedReturnInvalidationDropsHeldCallbacks(reason:whileResolving:) started.
◇ Test case passing 1 argument outcome → "replacement" to iconFailureRetriesOnlyWhileNotificationIsCurrent(outcome:) started.
✔ Test missingAndInvalidFakeKeysCannotProduceReady() passed after 0.001 seconds.
✔ Test staleAndTerminatingPublicationsCannotReplaceCurrentPhase() passed after 0.001 seconds.
◇ Test case passing 1 argument fault → "invalid-interface" to selectedReturnRejectsUntrustedOrIneligibleResolution(fault:) started.
◇ Test case passing 1 argument reason → "none" to nonExactOrUnusableCandidatesRetainChooser(reason:) started.
◇ Test case passing 1 argument fault → "wrong-port" to selectedReturnRejectsUntrustedOrIneligibleResolution(fault:) started.
◇ Test case passing 2 arguments reason → "lock", whileResolving → false to selectedReturnInvalidationDropsHeldCallbacks(reason:whileResolving:) started.
◇ Test case passing 1 argument fault → "wrong-peer" to selectedReturnRejectsUntrustedOrIneligibleResolution(fault:) started.
◇ Test case passing 1 argument outcome → "pair-switch" to iconFailureRetriesOnlyWhileNotificationIsCurrent(outcome:) started.
✔ Suite StartupRecoveryTests passed after 0.001 seconds.
2026-09-21 13:11:54.797 swiftpm-testing-helper[62199:11709221] Plink selected peer observation established
2026-09-21 13:11:54.798 swiftpm-testing-helper[62199:11709221] Plink selected peer observation established
2026-09-21 13:11:54.798 swiftpm-testing-helper[62199:11709221] Plink selected peer observation established
✔ Test constructionIsInertUntilExplicitActivation() passed after 0.107 seconds.
2026-09-21 13:11:54.799 swiftpm-testing-helper[62199:11709221] Plink selected peer observation established
2026-09-21 13:11:54.799 swiftpm-testing-helper[62199:11709221] Plink selected peer observation established
2026-09-21 13:11:54.800 swiftpm-testing-helper[62199:11709221] Plink selected peer observation established
2026-09-21 13:11:54.800 swiftpm-testing-helper[62199:11709221] Plink selected peer observation established
✔ Test onlyBoundedStaticPNGCanRender() passed after 0.111 seconds.
✔ Test explicitExactNameSetupCommitsOnceAfterCatalogAndKeepsSingleFlight() passed after 0.111 seconds.
✔ Test backgroundCatalogAndSavedLookupDoNotInvokeSetup() passed after 0.112 seconds.
2026-09-21 13:11:54.802 swiftpm-testing-helper[62199:11709221] Plink selected peer observation established
2026-09-21 13:11:54.802 swiftpm-testing-helper[62199:11709221] Plink selected peer observation established
2026-09-21 13:11:54.802 swiftpm-testing-helper[62199:11709221] Plink selected peer observation established
2026-09-21 13:11:54.802 swiftpm-testing-helper[62199:11709221] Plink selected peer observation established
2026-09-21 13:11:54.802 swiftpm-testing-helper[62199:11709221] Plink selected peer observation established
2026-09-21 13:11:54.802 swiftpm-testing-helper[62199:11709221] Plink selected peer observation established
2026-09-21 13:11:54.802 swiftpm-testing-helper[62199:11709221] Plink selected peer observation established
2026-09-21 13:11:54.802 swiftpm-testing-helper[62199:11709221] Plink selected peer observation established
✔ Test modalSelectionAndBondRecheckCannotCommitStaleResults() passed after 0.112 seconds.
✔ Test missingPrivateIconClassFallsBackWithoutMutatingContent() passed after 0.112 seconds.
✔ Test chooserAndShortcutUseSameValidatedCommitPath() passed after 0.112 seconds.
2026-09-21 13:11:54.802 swiftpm-testing-helper[62199:11709221] Plink selected peer observation established
2026-09-21 13:11:54.802 swiftpm-testing-helper[62199:11709221] Plink selected peer observation established
2026-09-21 13:11:54.802 swiftpm-testing-helper[62199:11709221] Plink selected peer observation established
2026-09-21 13:11:54.802 swiftpm-testing-helper[62199:11709221] Plink selected peer observation established
2026-09-21 13:11:54.802 swiftpm-testing-helper[62199:11709221] Plink selected peer observation established
2026-09-21 13:11:54.802 swiftpm-testing-helper[62199:11709221] Plink selected peer observation established
2026-09-21 13:11:54.802 swiftpm-testing-helper[62199:11709221] Plink selected peer observation established
2026-09-21 13:11:54.802 swiftpm-testing-helper[62199:11709221] Plink selected peer observation established
2026-09-21 13:11:54.803 swiftpm-testing-helper[62199:11709221] Plink selected peer observation established
✔ Test outstandingIconRequestsAreBoundedEvenWhenTheSameMessageIsReplaced() passed after 0.113 seconds.
2026-09-21 13:11:54.803 swiftpm-testing-helper[62199:11709221] Plink selected peer observation established
2026-09-21 13:11:54.803 swiftpm-testing-helper[62199:11709221] Plink selected peer observation established
2026-09-21 13:11:54.803 swiftpm-testing-helper[62199:11709221] Plink selected peer observation established
2026-09-21 13:11:54.803 swiftpm-testing-helper[62199:11709221] Plink selected peer observation established
2026-09-21 13:11:54.803 swiftpm-testing-helper[62199:11709221] Plink selected peer observation established
2026-09-21 13:11:54.803 swiftpm-testing-helper[62199:11709221] Plink selected peer observation established
✔ Test invalidOptionalArtworkDoesNotDropOrRerouteMessage() passed after 0.113 seconds.
2026-09-21 13:11:54.803 swiftpm-testing-helper[62199:11709221] Plink selected peer observation established
2026-09-21 13:11:54.803 swiftpm-testing-helper[62199:11709221] Plink selected peer observation established
2026-09-21 13:11:54.803 swiftpm-testing-helper[62199:11709221] Plink selected peer observation established
2026-09-21 13:11:54.803 swiftpm-testing-helper[62199:11709221] Plink selected peer observation established
✔ Test manualReconnectRejectsNonnumericAndNonstandardPortsBeforeCallback() passed after 0.113 seconds.
2026-09-21 13:11:54.804 swiftpm-testing-helper[62199:11709221] Plink selected peer observation established
2026-09-21 13:11:54.804 swiftpm-testing-helper[62199:11709221] Plink selected peer observation established
✔ Test catalogDeduplicatesCanonicalAddressesButNeverNames() passed after 0.115 seconds.
✔ Test displayLabelsRemoveControlsAndBoundScalars() passed after 0.115 seconds.
✔ Test unavailablePrivateIconStillDeliversOrdinaryMessage() passed after 0.115 seconds.
2026-09-21 13:11:54.805 swiftpm-testing-helper[62199:11709221] Plink selected peer observation established
✔ Test rejectedConditionalHandoffLeavesOrdinaryGenerationUntouched() passed after 0.115 seconds.
2026-09-21 13:11:54.805 swiftpm-testing-helper[62199:11709221] Plink selected peer observation established
2026-09-21 13:11:54.805 swiftpm-testing-helper[62199:11709221] Plink selected peer observation established
✔ Test selectedReturnUsesConditionalAppDispatchOnceAndPreservesConnectedState() passed after 0.116 seconds.
✔ Test lifecycleDiscoveryStopDoesNotBecomeUserCancellation() passed after 0.116 seconds.
✔ Test selectedReturnRechecksAppGateAndDropsBusyWorkWithoutRetry() passed after 0.116 seconds.
2026-09-21 13:11:54.805 swiftpm-testing-helper[62199:11709221] Plink selected peer observation established
2026-09-21 13:11:54.805 swiftpm-testing-helper[62199:11709221] Plink selected peer observation established
2026-09-21 13:11:54.805 swiftpm-testing-helper[62199:11709221] Plink selected peer observation established
2026-09-21 13:11:54.806 swiftpm-testing-helper[62199:11709221] Plink selected peer observation established
✔ Test selectedReturnCooldownSurvivesObserverRestartAndHasNoTimerRetry() passed after 0.116 seconds.
✔ Test conditionalReturnAppDispatchRechecksEligibilityAndExactDeadline() passed after 0.116 seconds.
✔ Test userCancelSurvivesEnvironmentChangesUntilExplicitResume() passed after 0.116 seconds.
✔ Test replacedDiscoveryIgnoresOldFindResolveAndTimerCallbacks() passed after 0.116 seconds.
✔ Test heldSetupRejectsStaleOrCancelledCompletion(reason:) with 6 test cases passed after 0.117 seconds.
✔ Test restoredControllerIsInertUntilExplicitReconnect() passed after 0.117 seconds.
✔ Test recoveryWaitsForEligibilityAndConsumesOnlyOnce() passed after 0.116 seconds.
✔ Test pairingOrTerminationInvalidationRejectsQueuedRecovery() passed after 0.116 seconds.
✔ Test selectedReturnOriginalDeadlineExpiresDuringResolutionOrQueuedDispatch(expireWhileResolving:) with 2 test cases passed after 0.116 seconds.
✔ Test cancelClosesDiscoveryStateAndNotifiesLifecycleOwnerOnce() passed after 0.116 seconds.
✔ Test freshPairingContinuationRequiresCurrentCommittedOwner(outcome:) with 5 test cases passed after 0.117 seconds.
✔ Test changedEnvironmentRejectsQueuedRecoveryFromOldGeneration() passed after 0.116 seconds.
✔ Test mirroredCallTombstoneNeverRemovesOrReplacesHFPNotification() passed after 0.116 seconds.
✔ Test queuedRecoveryRechecksLifecycleBeforeStarting(event:) with 4 test cases passed after 0.117 seconds.
✔ Test selectedReturnEquivalentRemovalFromOldBrowserCannotRemoveCurrentService() passed after 0.117 seconds.
✔ Test discoveryNotifiesLifecycleOwnerBeforeBrowsing() passed after 0.117 seconds.
✔ Test clearContextsPreservesHFPNotificationAndContext() passed after 0.116 seconds.
✔ Test nonExactOrUnusableCandidatesRetainChooser(reason:) with 7 test cases passed after 0.117 seconds.
✔ Test selectedReturnInvalidationDropsHeldCallbacks(reason:whileResolving:) with 12 test cases passed after 0.117 seconds.
✔ Test oldMirroredCallRemovalPreservesReplacementUntilItsOwnRemoval() passed after 0.116 seconds.
✔ Test recoveryCannotReplaceHealthyConnectionOrRunningAttempt() passed after 0.116 seconds.
✔ Test selectedReturnDeadlineBelongsToMatchingCandidate(rejected:) with 3 test cases passed after 0.117 seconds.
✔ Test clearContextsRemovesKeyedAndUnkeyedMirrorsAndRevokesIdentity() passed after 0.116 seconds.
✔ Test disabledOrInactivePreviewCannotStart() passed after 0.116 seconds.
✔ Test selectedReturnBoundsResolutionAndRejectsNonmatchingBaseline() passed after 0.117 seconds.
✔ Test duplicateEligibleWakeQueuesOneProductionDiscovery() passed after 0.116 seconds.
✔ Test mirroredRemovalRequiresTheSamePeerAndNotificationKey() passed after 0.116 seconds.
✔ Test selectedReturnRejectsUntrustedOrIneligibleResolution(fault:) with 5 test cases passed after 0.117 seconds.
✔ Test selectedReturnAcceptsEquivalentRemovalAndIgnoresDiscardedResolution() passed after 0.116 seconds.
✔ Test iconFailureRetriesOnlyWhileNotificationIsCurrent(outcome:) with 6 test cases passed after 0.117 seconds.
✔ Suite BluetoothCallControllerTests passed after 0.117 seconds.
✔ Suite NotificationBridgeTests passed after 0.117 seconds.
✔ Test conditionalHandoffChecksRealCleanupAndNeverPublishesLate(event:) with 6 test cases passed after 0.117 seconds.
✔ Suite NotificationArtworkTests passed after 0.117 seconds.
✔ Test deferredSendRechecksUnlockedState() passed after 0.117 seconds.
✔ Test concealedBlankAndOversizedTextAreRefused() passed after 0.117 seconds.
✔ Test discoveryAndHandshakeCannotResetDeadlineAfterCleanup() passed after 0.117 seconds.
✔ Test heldCleanupCannotAdmitAfterAttemptExpiresOrChanges(event:) with 3 test cases passed after 0.117 seconds.
✔ Test staleConnectionRejectionCannotEndReplacementPreview() passed after 0.117 seconds.
✔ Suite ReconnectLifecycleTests passed after 0.118 seconds.
✔ Test syncDoesNotReplayInactiveContentAndSuppressesOnlyRemoteRevision() passed after 0.117 seconds.
✔ Test changedRevisionDiscardsRacedSnapshotAndRemoteWrite() passed after 0.118 seconds.
✔ Test pendingSendIsCanceledByLatestTextAndEveryOffState() passed after 0.120 seconds.
✔ Suite ClipboardSyncControllerTests passed after 0.120 seconds.
✔ Test authorizationLossBehindBlockedDiscoveryPreventsNativeInputOrStart() passed after 0.121 seconds.
✔ Test beginShutdownClosesStartGateAndAsyncShutdownWaitsForTeardown() passed after 0.121 seconds.
✔ Test selectedDisconnectInvalidatesImmediatelyAndReplugNeverRestarts() passed after 0.125 seconds.
✔ Test hidingStopsSynchronouslyAndReopeningNeedsExplicitStart() passed after 0.125 seconds.
✔ Test duplicateTeardownCannotClearOrUncancelReplacementStart() passed after 0.127 seconds.
✔ Test configuredAfterFirstSampleAttachesButStoppedGenerationCannotAttach() passed after 0.130 seconds.
✔ Suite PixelWebcamControllerTests passed after 0.131 seconds.
✔ Test queuedAmbiguousRejectionCannotCrossLocalStartAndQuitIsTerminal() passed after 0.131 seconds.
✔ Test decodedPixelsDisappearImmediatelyWhenPreviewStops() passed after 0.131 seconds.
✔ Suite ScreenPreviewControllerTests passed after 0.131 seconds.
✔ Test run with 69 tests in 8 suites passed after 0.131 seconds.
◇ Test run started.
↳ Testing Library Version: 2084
↳ Target Platform: arm64e-apple-macos14.0
◇ Test invalidateClosesAdmissionSynchronously() started.
◇ Test secureEnvelopeRejectsTampering() started.
◇ Test queuedScreenPayloadExpiresWhileOrdinaryWriteIsBlocked() started.
◇ Test replyContextRequiresReplyCapabilityAndRouteFields() started.
◇ Test transcriptEndpointAndTupleAreBound() started.
◇ Test confirmCreatesTrustedDevice() started.
◇ Test conditionalReconnectAdmissionPreservesUntilRetirementAndFencesReplacement() started.
◇ Test staleTrafficAndSanitizedRejectionsRespectCurrentSession() started.
◇ Test codecPersistsOnlyFullyAuthenticatedFramesAndBindsScope() started.
◇ Test encryptedFrameRejectsTampering() started.
◇ Test oldBoundClientCannotReactivateAfterSameBindingIsReproved() started.
◇ Test preframeIdleDoesNotRenewFirstFrameLease() started.
◇ Test replyLengthMatchesAndroidUTF16Units(_:) started.
◇ Test replyRouterBuildsPairedDeviceReplyEnvelope() started.
◇ Test lengthPrefixedFrameRoundTrips() started.
◇ Test acceptedSocketLeaseCannotRecaptureAfterReproof() started.
◇ Test pairWriteGateGrantsQueuedLeasesInFIFOOrder() started.
◇ Test productionDecoderRejectsMalformedAndUnsupportedImages() started.
◇ Test foundationSecureServerRejectsWrongDeviceId() started.
◇ Test authenticatedMalformedScreenVectorsAreSanitizedAfterReplayAcceptance() started.
◇ Test acceptsManualPairingConfirmation() started.
◇ Test conditionalReconnectHandshakePreservesUntilAcceptanceAndBindsAllPhases(reply:) started.
◇ Test webcamPolicyRejectsAStaleDiscoveryResultAfterAStop() started.
◇ Test reconnectListenerStopJoinsAuthenticatedReplayPersistence() started.
◇ Test conditionalReconnectSharedWireVectors() started.
◇ Test screenSessionUsesProductionDecoderAndPullCadence() started.
◇ Test demoPairingCodeMatchesSharedFixture() started.
◇ Test foundationSecureServerRejectsReplay() started.
◇ Test replyRouterRejectsTextAboveExistingLimit() started.
◇ Test webcamCaptureGateConsumesOnlyMatchingTeardownAndPreservesReplacementWatchdog() started.
◇ Test pairingNumericHighBitVectorMatchesAndroid() started.
◇ Test reconnectEndpointStoreRejectsInvalidUTF8ByteLength() started.
◇ Test reconnectEndpointCommitIsAuthenticatedAndStaleCommitCannotReplaceIt() started.
◇ Test reconnectEncryptedVectorsMatchMacWirePolicy() started.
◇ Test startReportsBindFailureSynchronously() started.
◇ Test threeOversizeResponsesStopCapture() started.
◇ Test reconnectEndpointVectorsUseProductionAuthenticationAndFilenameHelpers() started.
◇ Test deriveIsStable() started.
◇ Test replyRouterPreservesExactUTF8Bytes(_:) started.
◇ Test strongVerificationBindsPublicKeys() started.
◇ Test messageBookkeepingRemovesIndexesOnReplyDismissalFailureAndExpiry() started.
◇ Test webcamPolicyRequiresPermissionSelectionAndExplicitStart() started.
◇ Test candidateDeadlineClosesReverseChannelWhileBlockedCommitJoins() started.
◇ Test secureEnvelopeOpensValidMessage() started.
◇ Test foundationSecureServerReceivesAndroidCompatibleFrame() started.
◇ Test scopedScreenCancellationAllowsOrdinaryTrafficToProgress() started.
◇ Test replyContextDerivesFromMessageEnvelope() started.
◇ Test webcamPolicyInvalidatesAQueuedStartBeforeNativeConfiguration() started.
◇ Test invalidLocalTextLeavesReplyContextAvailable() started.
◇ Test messageBookkeepingEvictsOnlyOldestMessageAtCapacity() started.
◇ Test webcamPolicyReleasesOnlyAfterAuthorizationLossTeardownCompletes() started.
◇ Test screenQueueRejectsWorkBeyondControlAndFrameCaps() started.
◇ Test confirmWithoutOfferFailsClosed() started.
◇ Test encryptedFrameRoundTripsAndRejectsReplay() started.
◇ Test reconnectFixtureCasesMatchMacWirePolicy() started.
◇ Test deriveChangesWithNonce() started.
◇ Test failedIVGenerationBurnsReservedSequence() started.
◇ Test bonjourRecordFallsBackToResolvedEndpoint() started.
◇ Test pairingConsentRejectsLegacyUnconfirmedPayload() started.
◇ Test sharedSenderSerializesTrafficAndPrioritizesOrdinaryWork() started.
◇ Test matchingPeerStopNeverEchoesAtLeaseBoundary() started.
◇ Test durableFrameStateFailsClosedOnCorruption() started.
◇ Test receiveShowsKeyBoundVerificationCode() started.
◇ Test conditionalReconnectStaleReverseCancellationPreservesReplacement() started.
◇ Test maximumFileChunkFitsEncryptedFrame() started.
◇ Test redactionMasksSensitivePayloadValues() started.
◇ Test closingSocketDuringReceiveCannotCloseReusedDescriptor() started.
◇ Test expectedLengthWaitsForCompletePayload() started.
◇ Test parallelReservationsAcrossStoreInstancesAreUnique() started.
◇ Test reconnectReceiveRejectsCompletionAfterReplayPersistenceDeadline(expiresAtCompletion:) started.
◇ Test boundedIngressReleasesFrameAndControlSlots() started.
◇ Test bonjourRecordRoundTripsPairingOffer() started.
◇ Test conditionalReconnectExchangesShareDurableReplayWindow(order:) started.
◇ Test case passing 1 argument unit → "😀" to replyLengthMatchesAndroidUTF16Units(_:) started.
◇ Test lateCleanupCannotRemoveReplacementOrSameKeyFromAnotherPeer() started.
◇ Test conditionalReconnectAdmissionRejectsCompetingAndStaleUnadmittedCapture() started.
◇ Test expiredSendBurnsSequenceButWritesNoBytes() started.
◇ Test case passing 1 argument unit → "é" to replyLengthMatchesAndroidUTF16Units(_:) started.
◇ Test screenPreviewSharedContractVectors() started.
◇ Test monotonicSendDeadlineRejectsBoundaryAndLateSuccess() started.
◇ Test replyContextStoreConsumesOnce() started.
◇ Test partialSocketDeadlineAllowsNextCompleteFrame() started.
◇ Test envelopeRoundTrips() started.
◇ Test reconnectOuterTimestampsMatchMacWirePolicy() started.
◇ Test legacyTrustDoesNotAcquireDurableTransportVersion() started.
◇ Test invalidatedPairLifetimeClosesAdmissionAndQueuedWriter() started.
◇ Test explicitFixtureIVStillSupportsDeterministicVectors() started.
◇ Test successorScreenExpiryAndCancellationRunWhilePredecessorIsHeld() started.
◇ Test emptyLengthPrefixedFrameFailsClosed() started.
◇ Test webcamPolicyUsesOnlyCurrentExternalUniqueIDAndStopsOnSelectionChange() started.
◇ Test case passing 1 argument reply → "conditional" to conditionalReconnectHandshakePreservesUntilAcceptanceAndBindsAllPhases(reply:) started.
◇ Test case passing 1 argument reply → "legacy" to conditionalReconnectHandshakePreservesUntilAcceptanceAndBindsAllPhases(reply:) started.
◇ Test persistenceFailurePreventsAuthenticatedDispatch() started.
◇ Test case passing 1 argument reply → "close" to conditionalReconnectHandshakePreservesUntilAcceptanceAndBindsAllPhases(reply:) started.
◇ Test replyRouterRejectsBlankReplies() started.
◇ Test reconnectWriteTimesOutWhenPeerStopsReading() started.
◇ Test failedIVGenerationPreventsSealing() started.
◇ Test productionDecoderRejectsNonFrameInputWithoutAllocation() started.
◇ Test pairingConsentFieldsHaveUnambiguousBoundaries() started.
◇ Test reconnectReceiveUsesOneDeadlineAcrossHeaderAndBody() started.
◇ Test reconnectEscapedClassificationMatchesMacWirePolicy() started.
◇ Test clipboardEnvelopeCreatesHandoffAction() started.
◇ Test messageEnvelopeCreatesReplyNotificationPlan() started.
◇ Test cancelledQueuedProducerCannotSendAfterBlockerClears() started.
◇ Test stopClosesAcceptedClientAndAllowsRebind() started.
◇ Test encryptedFrameRejectsUnexpectedDeviceIds() started.
◇ Test decodesAndroidFractionalIsoDates() started.
◇ Test fileTransferSharedContractVectors() started.
◇ Test webcamPolicyAcceptsConfiguredAfterFirstSampleForCurrentGenerationOnly() started.
◇ Test deterministicEncryptedScreenVectorMatchesProductionCodec() started.
◇ Test screenControlLimitUsesOriginalPlaintextBytes() started.
◇ Test durableFrameStateSurvivesRecreationAndAcceptsReordering() started.
◇ Test replayWindowKeepsDuplicateRejectionAfterEviction() started.
◇ Test manualPairingPayloadRoundTripsOffer() started.
◇ Test confirmRejectsMissingPublicKey() started.
◇ Test inMemorySecretStoreRoundTripsSessionKey() started.
◇ Test conditionalReconnectConnectWaitsForHeldOrdinaryGateAndDoesNotRetry() started.
◇ Test untrustedOrStaleMalformedFramesNeverBecomeScreenRejections() started.
◇ Test bonjourRecordRejectsUnsupportedProtocol() started.
◇ Test reconnectNetworkFixturesUseProductionCandidatePolicy() started.
◇ Test replacementWaitsForPredecessorShutdownCompletion() started.
◇ Test pairingConsentProofBindsBothIdentitiesEndpointAndStage() started.
◇ Test failedSecureRandomDoesNotReturnAnIV() started.
◇ Test webcamPolicyFailsClosedWhenSelectedDeviceDisappears() started.
◇ Test cancellingStalledReconnectReceiveJoinsOwnedIO() started.
◇ Test unsafeWebURLFailsPolicy() started.
◇ Test webcamCaptureGateRejectsCancelledAndCurrentAuthorizationLossBeforeNativeCalls() started.
◇ Test webcamPolicyWatchdogInvalidatesLateSamplesUntilTeardownCompletes() started.
◇ Test shutdownReturnsOnlyAfterActiveProducerCompletes() started.
◇ Test case passing 1 argument text → "  reply  " to replyRouterPreservesExactUTF8Bytes(_:) started.
◇ Test case passing 1 argument text → "	first
second
 " to replyRouterPreservesExactUTF8Bytes(_:) started.
◇ Test case passing 1 argument text → "é|é|👩🏽‍💻|🇺🇳|終
" to replyRouterPreservesExactUTF8Bytes(_:) started.
◇ Test case passing 1 argument text → "
	 x
" to replyRouterPreservesExactUTF8Bytes(_:) started.
✔ Test replyContextRequiresReplyCapabilityAndRouteFields() passed after 0.008 seconds.
✔ Test lengthPrefixedFrameRoundTrips() passed after 0.009 seconds.
◇ Test case passing 1 argument expiresAtCompletion → false to reconnectReceiveRejectsCompletionAfterReplayPersistenceDeadline(expiresAtCompletion:) started.
◇ Test case passing 1 argument expiresAtCompletion → true to reconnectReceiveRejectsCompletionAfterReplayPersistenceDeadline(expiresAtCompletion:) started.
◇ Test case passing 1 argument order → "ordinary-first" to conditionalReconnectExchangesShareDurableReplayWindow(order:) started.
◇ Test case passing 1 argument order → "hello-first" to conditionalReconnectExchangesShareDurableReplayWindow(order:) started.
◇ Test case passing 1 argument order → "boundary-accept" to conditionalReconnectExchangesShareDurableReplayWindow(order:) started.
◇ Test case passing 1 argument order → "boundary-expire" to conditionalReconnectExchangesShareDurableReplayWindow(order:) started.
✔ Test oldBoundClientCannotReactivateAfterSameBindingIsReproved() passed after 0.020 seconds.
✔ Test conditionalReconnectAdmissionPreservesUntilRetirementAndFencesReplacement() passed after 0.020 seconds.
✔ Test replyRouterBuildsPairedDeviceReplyEnvelope() passed after 0.025 seconds.
✔ Test acceptedSocketLeaseCannotRecaptureAfterReproof() passed after 0.025 seconds.
✔ Test webcamPolicyRejectsAStaleDiscoveryResultAfterAStop() passed after 0.031 seconds.
✔ Test confirmCreatesTrustedDevice() passed after 0.032 seconds.
✔ Test demoPairingCodeMatchesSharedFixture() passed after 0.039 seconds.
✔ Test transcriptEndpointAndTupleAreBound() passed after 0.041 seconds.
✔ Test acceptsManualPairingConfirmation() passed after 0.071 seconds.
✔ Test webcamCaptureGateConsumesOnlyMatchingTeardownAndPreservesReplacementWatchdog() passed after 0.071 seconds.
✔ Test replyRouterRejectsTextAboveExistingLimit() passed after 0.072 seconds.
✔ Test pairingNumericHighBitVectorMatchesAndroid() passed after 0.072 seconds.
✔ Test reconnectEndpointStoreRejectsInvalidUTF8ByteLength() passed after 0.072 seconds.
✔ Test staleTrafficAndSanitizedRejectionsRespectCurrentSession() passed after 0.073 seconds.
✔ Test reconnectEndpointVectorsUseProductionAuthenticationAndFilenameHelpers() passed after 0.072 seconds.
✔ Test deriveIsStable() passed after 0.072 seconds.
✔ Test strongVerificationBindsPublicKeys() passed after 0.072 seconds.
✔ Test replyRouterPreservesExactUTF8Bytes(_:) with 4 test cases passed after 0.084 seconds.
✔ Test messageBookkeepingRemovesIndexesOnReplyDismissalFailureAndExpiry() passed after 0.084 seconds.
✔ Test webcamPolicyRequiresPermissionSelectionAndExplicitStart() passed after 0.084 seconds.
✔ Test replyLengthMatchesAndroidUTF16Units(_:) with 2 test cases passed after 0.084 seconds.
✔ Test replyContextDerivesFromMessageEnvelope() passed after 0.084 seconds.
✔ Test webcamPolicyInvalidatesAQueuedStartBeforeNativeConfiguration() passed after 0.084 seconds.
✔ Test invalidLocalTextLeavesReplyContextAvailable() passed after 0.084 seconds.
✔ Test messageBookkeepingEvictsOnlyOldestMessageAtCapacity() passed after 0.084 seconds.
✔ Test webcamPolicyReleasesOnlyAfterAuthorizationLossTeardownCompletes() passed after 0.084 seconds.
✔ Test preframeIdleDoesNotRenewFirstFrameLease() passed after 0.084 seconds.
✔ Test confirmWithoutOfferFailsClosed() passed after 0.084 seconds.
✔ Test reconnectEndpointCommitIsAuthenticatedAndStaleCommitCannotReplaceIt() passed after 0.084 seconds.
✔ Test deriveChangesWithNonce() passed after 0.084 seconds.
✔ Test secureEnvelopeRejectsTampering() passed after 0.085 seconds.
✔ Test bonjourRecordFallsBackToResolvedEndpoint() passed after 0.084 seconds.
✔ Test pairingConsentRejectsLegacyUnconfirmedPayload() passed after 0.084 seconds.
✔ Test encryptedFrameRejectsTampering() passed after 0.085 seconds.
✔ Test durableFrameStateFailsClosedOnCorruption() passed after 0.084 seconds.
✔ Test receiveShowsKeyBoundVerificationCode() passed after 0.084 seconds.
✔ Test redactionMasksSensitivePayloadValues() passed after 0.084 seconds.
✔ Test threeOversizeResponsesStopCapture() passed after 0.084 seconds.
✔ Test secureEnvelopeOpensValidMessage() passed after 0.084 seconds.
✔ Test expectedLengthWaitsForCompletePayload() passed after 0.084 seconds.
✔ Test failedIVGenerationBurnsReservedSequence() passed after 0.084 seconds.
✔ Test bonjourRecordRoundTripsPairingOffer() passed after 0.084 seconds.
✔ Test encryptedFrameRoundTripsAndRejectsReplay() passed after 0.084 seconds.
✔ Test matchingPeerStopNeverEchoesAtLeaseBoundary() passed after 0.084 seconds.
✔ Test parallelReservationsAcrossStoreInstancesAreUnique() passed after 0.084 seconds.
✔ Test codecPersistsOnlyFullyAuthenticatedFramesAndBindsScope() passed after 0.085 seconds.
✔ Test lateCleanupCannotRemoveReplacementOrSameKeyFromAnotherPeer() passed after 0.084 seconds.
✔ Test conditionalReconnectAdmissionRejectsCompetingAndStaleUnadmittedCapture() passed after 0.084 seconds.
✔ Test monotonicSendDeadlineRejectsBoundaryAndLateSuccess() passed after 0.084 seconds.
✔ Test replyContextStoreConsumesOnce() passed after 0.084 seconds.
✔ Test envelopeRoundTrips() passed after 0.085 seconds.
✔ Test maximumFileChunkFitsEncryptedFrame() passed after 0.084 seconds.
✔ Test legacyTrustDoesNotAcquireDurableTransportVersion() passed after 0.084 seconds.
✔ Test emptyLengthPrefixedFrameFailsClosed() passed after 0.084 seconds.
✔ Test webcamPolicyUsesOnlyCurrentExternalUniqueIDAndStopsOnSelectionChange() passed after 0.084 seconds.
✔ Test replyRouterRejectsBlankReplies() passed after 0.084 seconds.
✔ Test explicitFixtureIVStillSupportsDeterministicVectors() passed after 0.085 seconds.
✔ Test productionDecoderRejectsNonFrameInputWithoutAllocation() passed after 0.084 seconds.
✔ Test persistenceFailurePreventsAuthenticatedDispatch() passed after 0.084 seconds.
✔ Test failedIVGenerationPreventsSealing() passed after 0.084 seconds.
✔ Test boundedIngressReleasesFrameAndControlSlots() passed after 0.084 seconds.
✔ Test pairingConsentFieldsHaveUnambiguousBoundaries() passed after 0.084 seconds.
✔ Test productionDecoderRejectsMalformedAndUnsupportedImages() passed after 0.085 seconds.
✔ Test clipboardEnvelopeCreatesHandoffAction() passed after 0.084 seconds.
✔ Test messageEnvelopeCreatesReplyNotificationPlan() passed after 0.084 seconds.
✔ Test screenSessionUsesProductionDecoderAndPullCadence() passed after 0.085 seconds.
✔ Test encryptedFrameRejectsUnexpectedDeviceIds() passed after 0.084 seconds.
✔ Test decodesAndroidFractionalIsoDates() passed after 0.084 seconds.
✔ Test reconnectOuterTimestampsMatchMacWirePolicy() passed after 0.084 seconds.
✔ Test authenticatedMalformedScreenVectorsAreSanitizedAfterReplayAcceptance() passed after 0.085 seconds.
✔ Test webcamPolicyAcceptsConfiguredAfterFirstSampleForCurrentGenerationOnly() passed after 0.084 seconds.
✔ Test reconnectEscapedClassificationMatchesMacWirePolicy() passed after 0.084 seconds.
✔ Test durableFrameStateSurvivesRecreationAndAcceptsReordering() passed after 0.084 seconds.
✔ Test replayWindowKeepsDuplicateRejectionAfterEviction() passed after 0.083 seconds.
✔ Test manualPairingPayloadRoundTripsOffer() passed after 0.083 seconds.
✔ Test confirmRejectsMissingPublicKey() passed after 0.083 seconds.
✔ Test inMemorySecretStoreRoundTripsSessionKey() passed after 0.083 seconds.
✔ Test stopClosesAcceptedClientAndAllowsRebind() passed after 0.084 seconds.
✔ Test bonjourRecordRejectsUnsupportedProtocol() passed after 0.083 seconds.
✔ Test reconnectNetworkFixturesUseProductionCandidatePolicy() passed after 0.083 seconds.
✔ Test pairingConsentProofBindsBothIdentitiesEndpointAndStage() passed after 0.083 seconds.
✔ Test failedSecureRandomDoesNotReturnAnIV() passed after 0.083 seconds.
✔ Test webcamPolicyFailsClosedWhenSelectedDeviceDisappears() passed after 0.083 seconds.
✔ Test unsafeWebURLFailsPolicy() passed after 0.083 seconds.
✔ Test webcamCaptureGateRejectsCancelledAndCurrentAuthorizationLossBeforeNativeCalls() passed after 0.083 seconds.
✔ Test webcamPolicyWatchdogInvalidatesLateSamplesUntilTeardownCompletes() passed after 0.083 seconds.
✔ Test deterministicEncryptedScreenVectorMatchesProductionCodec() passed after 0.084 seconds.
✔ Test invalidateClosesAdmissionSynchronously() passed after 0.086 seconds.
✔ Test reconnectFixtureCasesMatchMacWirePolicy() passed after 0.086 seconds.
✔ Test screenControlLimitUsesOriginalPlaintextBytes() passed after 0.087 seconds.
✔ Test untrustedOrStaleMalformedFramesNeverBecomeScreenRejections() passed after 0.091 seconds.
✔ Test invalidatedPairLifetimeClosesAdmissionAndQueuedWriter() passed after 0.095 seconds.
✔ Test shutdownReturnsOnlyAfterActiveProducerCompletes() passed after 0.096 seconds.
✔ Test startReportsBindFailureSynchronously() passed after 0.103 seconds.
✔ Test screenPreviewSharedContractVectors() passed after 0.102 seconds.
✔ Test pairWriteGateGrantsQueuedLeasesInFIFOOrder() passed after 0.107 seconds.
✔ Test closingSocketDuringReceiveCannotCloseReusedDescriptor() passed after 0.107 seconds.
✔ Test cancellingStalledReconnectReceiveJoinsOwnedIO() passed after 0.110 seconds.
✔ Test reconnectReceiveRejectsCompletionAfterReplayPersistenceDeadline(expiresAtCompletion:) with 2 test cases passed after 0.112 seconds.
✔ Test reconnectListenerStopJoinsAuthenticatedReplayPersistence() passed after 0.112 seconds.
✔ Test conditionalReconnectConnectWaitsForHeldOrdinaryGateAndDoesNotRetry() passed after 0.111 seconds.
✔ Test scopedScreenCancellationAllowsOrdinaryTrafficToProgress() passed after 0.113 seconds.
✔ Test reconnectEncryptedVectorsMatchMacWirePolicy() passed after 0.122 seconds.
✔ Test cancelledQueuedProducerCannotSendAfterBlockerClears() passed after 0.123 seconds.
✔ Test screenQueueRejectsWorkBeyondControlAndFrameCaps() passed after 0.126 seconds.
✔ Test replacementWaitsForPredecessorShutdownCompletion() passed after 0.127 seconds.
✔ Test reconnectWriteTimesOutWhenPeerStopsReading() passed after 0.131 seconds.
✔ Test sharedSenderSerializesTrafficAndPrioritizesOrdinaryWork() passed after 0.144 seconds.
✔ Test conditionalReconnectExchangesShareDurableReplayWindow(order:) with 4 test cases passed after 0.147 seconds.
✔ Test conditionalReconnectSharedWireVectors() passed after 0.180 seconds.
✔ Test fileTransferSharedContractVectors() passed after 0.205 seconds.
✔ Test foundationSecureServerRejectsWrongDeviceId() passed after 0.208 seconds.
✔ Test foundationSecureServerReceivesAndroidCompatibleFrame() passed after 0.211 seconds.
✔ Test foundationSecureServerRejectsReplay() passed after 0.219 seconds.
✔ Test conditionalReconnectStaleReverseCancellationPreservesReplacement() passed after 0.244 seconds.
✔ Test conditionalReconnectHandshakePreservesUntilAcceptanceAndBindsAllPhases(reply:) with 3 test cases passed after 0.261 seconds.
✔ Test partialSocketDeadlineAllowsNextCompleteFrame() passed after 0.275 seconds.
✔ Test reconnectReceiveUsesOneDeadlineAcrossHeaderAndBody() passed after 0.334 seconds.
✔ Test expiredSendBurnsSequenceButWritesNoBytes() passed after 1.022 seconds.
✔ Test queuedScreenPayloadExpiresWhileOrdinaryWriteIsBlocked() passed after 1.092 seconds.
✔ Test successorScreenExpiryAndCancellationRunWhilePredecessorIsHeld() passed after 1.104 seconds.
✔ Test candidateDeadlineClosesReverseChannelWhileBlockedCommitJoins() passed after 2.071 seconds.
✔ Test run with 124 tests in 0 suites passed after 2.072 seconds.
Building for debugging...
[Planning deferred tasks]
Build complete! (0.27 sec)
Building for production...
[Planning deferred tasks]
[8 / 18] PlinkCore
[10 / 19] PlinkNotificationIconBridge
[24 / 51]
[25 / 51]
[34 / 51]
[40 / 51]
[41 / 51]
<workspace>/macos/Sources/PlinkCore/ReconnectEndpointStore.swift:80:14: warning: result of call to 'withLock' is unused [#NoUsage]
 78 |
 79 |     fileprivate func invalidate(candidateID: UUID) {
 80 |         lock.withLock { candidates.removeValue(forKey: candidateID) }
    |              `- warning: result of call to 'withLock' is unused [#NoUsage]
 81 |     }
 82 |

[#NoUsage]: <https://docs.swift.org/compiler/documentation/diagnostics/no-usage>
[44 / 51] PlinkCore
[47 / 48] PlinkMac-product
[49 / 50] PlinkMac-product
[53 / 55] PlinkMac-product
[54 / 55] PlinkMac-product
Build complete! (13.16 sec)
<workspace>/build/PlinkMac.app: replacing existing signature
<workspace>/build/PlinkMac.app
<workspace>/build/PlinkMac.app.zip
 M android/src/androidTest/java/app/plink/android/PlinkDeviceTestRunner.kt
 M android/src/main/AndroidManifest.xml
 M android/src/main/java/app/plink/android/services/DurableEventOutbox.kt
 M android/src/main/java/app/plink/android/services/PlinkNotificationListenerService.kt
 M android/src/main/res/drawable/ic_plink_launcher.xml
 M android/src/test/java/app/plink/android/services/DurableEventOutboxTest.kt
 M macos/Package.swift
 M macos/Resources/Plink.icns
 M macos/Sources/PlinkMac/NotificationBridge.swift
 M macos/Sources/PlinkMac/PlinkMacApp.swift
 M macos/Tests/PlinkMacTests/NotificationBridgeTests.swift
 M scripts/generate-macos-icon.swift
?? android/src/main/java/app/plink/android/notifications/NotificationArtwork.kt
?? android/src/main/res/mipmap-anydpi-v26/
?? android/src/main/res/values/launcher_colors.xml
?? android/src/test/java/app/plink/android/notifications/NotificationArtworkTest.kt
?? docs/evidence/iteration-11/
?? macos/Sources/PlinkMac/NotificationArtwork.swift
?? macos/Sources/PlinkNotificationIconBridge/
?? macos/Tests/PlinkMacTests/NotificationArtworkTests.swift
