Verification started (UTC): 2026-09-21T15:10:42Z
Repository commit: 7ca53a6cceb5d547bf0f8a2f3f83f2c233ab0dd0
 M README.md
 M android/src/main/java/app/plink/android/protocol/ReconnectProtocol.kt
 M android/src/main/java/app/plink/android/reconnect/ReconnectCoordinator.kt
 M android/src/main/java/app/plink/android/reconnect/ReconnectLifecycleOwner.kt
 M android/src/main/java/app/plink/android/services/PlinkSessionController.kt
 M android/src/test/java/app/plink/android/protocol/ReconnectFixtureContractTest.kt
 M android/src/test/java/app/plink/android/reconnect/ReconnectTest.kt
 M android/src/test/java/app/plink/android/security/DurableFrameStateTest.kt
 M android/src/test/java/app/plink/android/services/OrdinaryAdmissionTest.kt
 M android/src/test/java/app/plink/android/transport/SocketSecurityTest.kt
 M docs/manual-test-plan.md
 M macos/Resources/Info.plist
 M macos/Sources/PlinkCore/ReconnectProtocol.swift
 M macos/Sources/PlinkCore/ReconnectSession.swift
 M macos/Sources/PlinkMac/NotificationBridge.swift
 M macos/Sources/PlinkMac/PlinkMacApp.swift
 M macos/Sources/PlinkMac/ReconnectController.swift
 M macos/Tests/PlinkCoreTests/ReconnectFixtureContractTests.swift
 M macos/Tests/PlinkCoreTests/ReconnectTests.swift
 M macos/Tests/PlinkMacTests/ReconnectLifecycleTests.swift
?? docs/evidence/iteration-9/
?? shared/protocol/v1/reconnect/conditional-v2-vectors.json
ProductName:		macOS
ProductVersion:		27.0
BuildVersion:		26A428
openjdk version "17.0.20.1" 2026-08-18
OpenJDK Runtime Environment Homebrew (build 17.0.20.1+0)
OpenJDK 64-Bit Server VM Homebrew (build 17.0.20.1+0, mixed mode, sharing)

------------------------------------------------------------
Gradle 9.3.1
------------------------------------------------------------

Build time:    2026-01-29 14:15:01 UTC
Revision:      44f4e8d3122ee6e7cbf5a248d7e20b4ca666bda3

Kotlin:        2.2.21
Groovy:        4.0.29
Ant:           Apache Ant(TM) version 1.10.15 compiled on August 25 2024
Launcher JVM:  17.0.20.1 (Homebrew 17.0.20.1+0)
Daemon JVM:    /opt/homebrew/Cellar/openjdk@17/17.0.20.1/libexec/openjdk.jdk/Contents/Home (no Daemon JVM specified, using current Java home)
OS:            Mac OS X 27.0 aarch64

swift-driver version: 1.168.6 Apple Swift version 6.4 (swiftlang-6.4.0.34.1 clang-2100.3.34.1)
Target: arm64-apple-macosx27.0.0
Xcode 27.0
Build version 27A266a
27.0
To honour the JVM settings for this build a single-use Daemon process will be forked. For more on this, please refer to https://docs.gradle.org/9.3.1/userguide/gradle_daemon.html#sec:disabling_the_daemon in the Gradle documentation.
Daemon will be stopped at the end of the build
Warning: SDK processing. This version only understands SDK XML versions up to 3 but an SDK XML file of version 4 was encountered. This can happen if you use versions of Android Studio and the command-line tools that were released at different times.

> Task :android:printBuildEnvironment
Android compile SDK: 36
Android build tools: 36.0.0
Android minimum SDK: 26
Android target SDK: 36

> Task :android:clean
> Task :android:preBuild UP-TO-DATE
> Task :android:preDebugBuild UP-TO-DATE
> Task :android:mergeDebugNativeDebugMetadata NO-SOURCE
> Task :android:generateDebugResources
> Task :android:compileDebugAidl
> Task :android:packageDebugResources
> Task :android:processDebugNavigationResources
> Task :android:generateDebugAssets UP-TO-DATE
> Task :android:javaPreCompileDebug
> Task :android:mergeDebugAssets
> Task :android:compressDebugAssets
> Task :android:desugarDebugFileDependencies
> Task :android:parseDebugLocalResources
> Task :android:checkDebugAarMetadata
> Task :android:compileDebugNavigationResources
> Task :android:mapDebugSourceSetPaths
> Task :android:generateDebugRFile
> Task :android:mergeDebugResources
> Task :android:createDebugCompatibleScreenManifests
> Task :android:extractDeepLinksDebug
> Task :android:processDebugMainManifest
> Task :android:processDebugManifest
> Task :android:mergeDebugJniLibFolders
> Task :android:checkDebugDuplicateClasses
> Task :android:mergeDebugNativeLibs
> Task :android:processDebugManifestForPackage
> Task :android:mergeLibDexDebug

> Task :android:stripDebugDebugSymbols
Unable to strip the following libraries, packaging them as they are: libandroidx.graphics.path.so. Run with --info option to learn more.

> Task :android:validateSigningDebug
> Task :android:writeDebugAppMetadata
> Task :android:writeDebugSigningConfigVersions
> Task :android:preReleaseBuild UP-TO-DATE
> Task :android:mergeReleaseJniLibFolders
> Task :android:mergeReleaseNativeLibs

> Task :android:stripReleaseDebugSymbols
Unable to strip the following libraries, packaging them as they are: libandroidx.graphics.path.so. Run with --info option to learn more.

> Task :android:checkReleaseDuplicateClasses
> Task :android:generateReleaseResources
> Task :android:extractReleaseNativeSymbolTables
> Task :android:packageReleaseResources
> Task :android:mergeReleaseNativeDebugMetadata NO-SOURCE
> Task :android:processReleaseNavigationResources
> Task :android:javaPreCompileRelease
> Task :android:compileReleaseAidl
> Task :android:parseReleaseLocalResources
> Task :android:mergeReleaseArtProfile
> Task :android:generateReleaseRFile
> Task :android:compileReleaseNavigationResources
> Task :android:checkReleaseAarMetadata
> Task :android:mapReleaseSourceSetPaths
> Task :android:createReleaseCompatibleScreenManifests
> Task :android:extractDeepLinksRelease
> Task :android:processReleaseMainManifest
> Task :android:processReleaseManifest
> Task :android:extractProguardFiles
> Task :android:mergeReleaseStartupProfile UP-TO-DATE
> Task :android:generateReleaseAssets UP-TO-DATE
> Task :android:mergeReleaseAssets
> Task :android:compressReleaseAssets
> Task :android:mergeReleaseResources
> Task :android:extractReleaseVersionControlInfo
> Task :android:processDebugResources
> Task :android:collectReleaseDependencies
> Task :android:sdkReleaseDependencyData
> Task :android:writeReleaseAppMetadata
> Task :android:writeReleaseSigningConfigVersions
> Task :android:preDebugAndroidTestBuild SKIPPED
> Task :android:compileDebugAndroidTestAidl NO-SOURCE
> Task :android:generateDebugAndroidTestResources
> Task :android:packageDebugAndroidTestResources
> Task :android:processDebugAndroidTestNavigationResources
> Task :android:generateDebugAndroidTestAssets UP-TO-DATE
> Task :android:javaPreCompileDebugAndroidTest
> Task :android:parseDebugAndroidTestLocalResources
> Task :android:mergeDebugAndroidTestAssets
> Task :android:compressDebugAndroidTestAssets
> Task :android:desugarDebugAndroidTestFileDependencies
> Task :android:generateDebugAndroidTestRFile
> Task :android:checkDebugAndroidTestAarMetadata
> Task :android:compileDebugAndroidTestNavigationResources
> Task :android:mapDebugAndroidTestSourceSetPaths
> Task :android:mergeDebugAndroidTestResources
> Task :android:processDebugAndroidTestManifest
> Task :android:checkDebugAndroidTestDuplicateClasses
> Task :android:mergeDebugAndroidTestJniLibFolders
> Task :android:mergeExtDexDebugAndroidTest
> Task :android:processReleaseManifestForPackage
> Task :android:mergeLibDexDebugAndroidTest
> Task :android:mergeDebugAndroidTestNativeLibs NO-SOURCE
> Task :android:stripDebugAndroidTestDebugSymbols NO-SOURCE
> Task :android:validateSigningDebugAndroidTest
> Task :android:writeDebugAndroidTestSigningConfigVersions
> Task :android:preDebugUnitTestBuild UP-TO-DATE
> Task :android:javaPreCompileDebugUnitTest
> Task :android:processDebugAndroidTestResources
> Task :android:processReleaseResources
> Task :android:optimizeReleaseResources
> Task :android:mergeExtDexDebug

> Task :android:compileDebugKotlin
w: file://<repo>/android/src/main/java/app/plink/android/reconnect/ReconnectDiscovery.kt:166:37 'val allNetworks: Array<(out) Network!>' is deprecated. Deprecated in Java.
w: file://<repo>/android/src/main/java/app/plink/android/reconnect/ReconnectDiscovery.kt:204:36 'val allNetworks: Array<(out) Network!>' is deprecated. Deprecated in Java.
w: file://<repo>/android/src/main/java/app/plink/android/screen/ScreenPreviewCoordinator.kt:67:32 Non-public primary constructor is exposed via the generated 'copy()' method of the 'data' class.

The generated 'copy()' will change its visibility in future releases.

To suppress the warning do one of the following:
- Annotate the data class with the '@ConsistentCopyVisibility' annotation.
- Use the '-Xconsistent-data-class-copy-visibility' compiler flag.
- Annotate the data class with the '@ExposedCopyVisibility' annotation
  (Discouraged, but can be used to keep binary compatibility).

To learn more, see the documentation of the '@ConsistentCopyVisibility' and '@ExposedCopyVisibility' annotations.

This will become an error in language version 2.5. See https://youtrack.jetbrains.com/issue/KT-11914.

> Task :android:compileReleaseKotlin
w: file://<repo>/android/src/main/java/app/plink/android/reconnect/ReconnectDiscovery.kt:166:37 'val allNetworks: Array<(out) Network!>' is deprecated. Deprecated in Java.
w: file://<repo>/android/src/main/java/app/plink/android/reconnect/ReconnectDiscovery.kt:204:36 'val allNetworks: Array<(out) Network!>' is deprecated. Deprecated in Java.
w: file://<repo>/android/src/main/java/app/plink/android/screen/ScreenPreviewCoordinator.kt:67:32 Non-public primary constructor is exposed via the generated 'copy()' method of the 'data' class.

The generated 'copy()' will change its visibility in future releases.

To suppress the warning do one of the following:
- Annotate the data class with the '@ConsistentCopyVisibility' annotation.
- Use the '-Xconsistent-data-class-copy-visibility' compiler flag.
- Annotate the data class with the '@ExposedCopyVisibility' annotation
  (Discouraged, but can be used to keep binary compatibility).

To learn more, see the documentation of the '@ConsistentCopyVisibility' and '@ExposedCopyVisibility' annotations.

This will become an error in language version 2.5. See https://youtrack.jetbrains.com/issue/KT-11914.

> Task :android:compileDebugJavaWithJavac
> Task :android:dexBuilderDebug
> Task :android:processDebugJavaRes
> Task :android:mergeDebugGlobalSynthetics
> Task :android:mergeProjectDexDebug
> Task :android:compileReleaseJavaWithJavac
> Task :android:mergeReleaseGeneratedProguardFiles UP-TO-DATE
> Task :android:processReleaseJavaRes
> Task :android:generateReleaseLintVitalReportModel
> Task :android:generateDebugLintReportModel
> Task :android:bundleDebugClassesToCompileJar
> Task :android:generateDebugAndroidTestLintModel
> Task :android:generateDebugUnitTestLintModel
> Task :android:bundleDebugClassesToRuntimeJar
> Task :android:mergeDebugJavaResource
> Task :android:mergeReleaseJavaResource
> Task :android:expandReleaseArtProfileWildcards
> Task :android:packageDebug
> Task :android:createDebugApkListingFileRedirect
> Task :android:assembleDebug

> Task :android:compileDebugAndroidTestKotlin
w: file://<repo>/android/src/androidTest/java/app/plink/android/PlinkDeviceTestRunner.kt:130:16 'constructor(p0: String!, p1: String!, p2: Int, p3: String!, p4: Int, p5: Int, p6: Int, p7: Notification!, p8: UserHandle!, p9: Long): StatusBarNotification' is deprecated. Deprecated in Java.

> Task :android:compileDebugAndroidTestJavaWithJavac NO-SOURCE
> Task :android:dexBuilderDebugAndroidTest
> Task :android:produceReleaseComposeMapping
> Task :android:processDebugAndroidTestJavaRes
> Task :android:reportReleaseComposeMappingErrors
> Task :android:mergeDebugAndroidTestJavaResource
> Task :android:mergeProjectDexDebugAndroidTest
> Task :android:mergeDebugAndroidTestGlobalSynthetics

> Task :android:compileDebugUnitTestKotlin
w: file://<repo>/android/src/test/java/app/plink/android/protocol/FileTransferPayloadPolicyTest.kt:14:42 Java type mismatch: inferred type is 'String?', but 'String' was expected.
w: file://<repo>/android/src/test/java/app/plink/android/transport/SocketSecurityTest.kt:43:65 Redundant creation of Json format. Creating instances for each usage can be slow.

> Task :android:compileDebugUnitTestJavaWithJavac NO-SOURCE
> Task :android:processDebugUnitTestJavaRes
> Task :android:testDebugUnitTest
> Task :android:packageDebugAndroidTest
> Task :android:createDebugAndroidTestApkListingFileRedirect
> Task :android:assembleDebugAndroidTest
> Task :android:lintAnalyzeDebugAndroidTest
> Task :android:lintAnalyzeDebugUnitTest
> Task :android:minifyReleaseWithR8
> Task :android:mergeReleaseComposeMapping
> Task :android:compileReleaseArtProfile
> Task :android:lintVitalAnalyzeRelease
> Task :android:lintVitalReportRelease
> Task :android:lintVitalRelease
> Task :android:packageRelease
> Task :android:createReleaseApkListingFileRedirect
> Task :android:assembleRelease
> Task :android:lintAnalyzeDebug

> Task :android:lintReportDebug
Wrote HTML report to file://<repo>/android/build/reports/lint-results-debug.html

> Task :android:lintDebug

BUILD SUCCESSFUL in 34s
133 actionable tasks: 131 executed, 2 up-to-date
Consider enabling configuration cache to speed up this build: https://docs.gradle.org/9.3.1/userguide/configuration_cache_enabling.html
Building for debugging...
[2 / 29]
[3 / 30] PlinkCore
[5 / 31] PlinkCore
[9 / 19] PlinkMac-product
[13 / 23] PlinkMac-product
[21 / 30] PlinkMac-product
[24 / 29] PlinkMacTests-product
[26 / 31] PlinkMacTests-product
[30 / 33] PlinkMacTests-product
[32 / 36] PlinkMacTests-product
Build complete! (3.32 sec)
Test Suite 'All tests' started at 2026-09-21 11:11:22.426.
Test Suite 'All tests' passed at 2026-09-21 11:11:22.426.
	 Executed 0 tests, with 0 failures (0 unexpected) in 0.000 (0.001) seconds
Test Suite 'All tests' started at 2026-09-21 11:11:22.492.
Test Suite 'PlinkCoreTests.xctest' started at 2026-09-21 11:11:22.492.
Test Suite 'MacContinuityTests' started at 2026-09-21 11:11:22.492.
Test Case '-[PlinkCoreTests.MacContinuityTests testAckRequiresMatchingActionPeerAndPendingCommand]' started.
Test Case '-[PlinkCoreTests.MacContinuityTests testAckRequiresMatchingActionPeerAndPendingCommand]' passed (0.000 seconds).
Test Case '-[PlinkCoreTests.MacContinuityTests testActiveRefreshDoesNotReenablePendingHangup]' started.
Test Case '-[PlinkCoreTests.MacContinuityTests testActiveRefreshDoesNotReenablePendingHangup]' passed (0.000 seconds).
Test Case '-[PlinkCoreTests.MacContinuityTests testAwaitingUserDoesNotClaimExecutionAndAcceptsLaterOutcome]' started.
Test Case '-[PlinkCoreTests.MacContinuityTests testAwaitingUserDoesNotClaimExecutionAndAcceptsLaterOutcome]' passed (0.000 seconds).
Test Case '-[PlinkCoreTests.MacContinuityTests testCallActionsRequireCurrentIdentityAndObservedState]' started.
Test Case '-[PlinkCoreTests.MacContinuityTests testCallActionsRequireCurrentIdentityAndObservedState]' passed (0.000 seconds).
Test Case '-[PlinkCoreTests.MacContinuityTests testDisconnectAndCallCancellationInvalidateActions]' started.
Test Case '-[PlinkCoreTests.MacContinuityTests testDisconnectAndCallCancellationInvalidateActions]' passed (0.000 seconds).
Test Case '-[PlinkCoreTests.MacContinuityTests testEveryCallActionCancelsOnTerminalStateWithoutMigratingIdentity]' started.
Test Case '-[PlinkCoreTests.MacContinuityTests testEveryCallActionCancelsOnTerminalStateWithoutMigratingIdentity]' passed (0.000 seconds).
Test Case '-[PlinkCoreTests.MacContinuityTests testExecutingInvocationQuarantinesEvenAfterRemoteEnd]' started.
Test Case '-[PlinkCoreTests.MacContinuityTests testExecutingInvocationQuarantinesEvenAfterRemoteEnd]' passed (0.000 seconds).
Test Case '-[PlinkCoreTests.MacContinuityTests testExpiredExecutingWorkStaysQuarantinedAfterLateReturn]' started.
Test Case '-[PlinkCoreTests.MacContinuityTests testExpiredExecutingWorkStaysQuarantinedAfterLateReturn]' passed (0.000 seconds).
Test Case '-[PlinkCoreTests.MacContinuityTests testHeldOrDifferentCallIndexMakesTopologyAmbiguous]' started.
Test Case '-[PlinkCoreTests.MacContinuityTests testHeldOrDifferentCallIndexMakesTopologyAmbiguous]' passed (0.000 seconds).
Test Case '-[PlinkCoreTests.MacContinuityTests testIncorrectAckDoesNotConsumePendingCommand]' started.
Test Case '-[PlinkCoreTests.MacContinuityTests testIncorrectAckDoesNotConsumePendingCommand]' passed (0.000 seconds).
Test Case '-[PlinkCoreTests.MacContinuityTests testLateOperationAndOldGenerationCannotCompleteReplacement]' started.
Test Case '-[PlinkCoreTests.MacContinuityTests testLateOperationAndOldGenerationCannotCompleteReplacement]' passed (0.000 seconds).
Test Case '-[PlinkCoreTests.MacContinuityTests testNativeContinuationIsDeniedAfterExpiryOrCancellation]' started.
Test Case '-[PlinkCoreTests.MacContinuityTests testNativeContinuationIsDeniedAfterExpiryOrCancellation]' passed (0.000 seconds).
Test Case '-[PlinkCoreTests.MacContinuityTests testQueuedExpiredWorkNeverStartsAndReturnedCompletionCanBeDelayed]' started.
Test Case '-[PlinkCoreTests.MacContinuityTests testQueuedExpiredWorkNeverStartsAndReturnedCompletionCanBeDelayed]' passed (0.000 seconds).
Test Case '-[PlinkCoreTests.MacContinuityTests testReplyContextsExpireReplaceAndClear]' started.
Test Case '-[PlinkCoreTests.MacContinuityTests testReplyContextsExpireReplaceAndClear]' passed (0.000 seconds).
Test Case '-[PlinkCoreTests.MacContinuityTests testReplyRevocationIsScopedToPeerAndNotification]' started.
Test Case '-[PlinkCoreTests.MacContinuityTests testReplyRevocationIsScopedToPeerAndNotification]' passed (0.000 seconds).
Test Case '-[PlinkCoreTests.MacContinuityTests testReturnedInvocationTimesOutRecoverablyAndInvalidatesCallActions]' started.
Test Case '-[PlinkCoreTests.MacContinuityTests testReturnedInvocationTimesOutRecoverablyAndInvalidatesCallActions]' passed (0.000 seconds).
Test Case '-[PlinkCoreTests.MacContinuityTests testSCOAndGenericActiveCannotResolveUnconfirmedAnswer]' started.
Test Case '-[PlinkCoreTests.MacContinuityTests testSCOAndGenericActiveCannotResolveUnconfirmedAnswer]' passed (0.000 seconds).
Test Case '-[PlinkCoreTests.MacContinuityTests testSCOCannotCompleteAnswerOrHangup]' started.
Test Case '-[PlinkCoreTests.MacContinuityTests testSCOCannotCompleteAnswerOrHangup]' passed (0.000 seconds).
Test Case '-[PlinkCoreTests.MacContinuityTests testSCOCannotCreateCallOrGrantActions]' started.
Test Case '-[PlinkCoreTests.MacContinuityTests testSCOCannotCreateCallOrGrantActions]' passed (0.000 seconds).
Test Case '-[PlinkCoreTests.MacContinuityTests testSocketWriteIsNotExecutionAndTimeoutIsUnknown]' started.
Test Case '-[PlinkCoreTests.MacContinuityTests testSocketWriteIsNotExecutionAndTimeoutIsUnknown]' passed (0.000 seconds).
Test Case '-[PlinkCoreTests.MacContinuityTests testStatusRejectsInvalidBatteryAndMediaCommands]' started.
Test Case '-[PlinkCoreTests.MacContinuityTests testStatusRejectsInvalidBatteryAndMediaCommands]' passed (0.000 seconds).
Test Case '-[PlinkCoreTests.MacContinuityTests testWaitingCallCannotReuseOriginalActionIdentityAfterSetupEnds]' started.
Test Case '-[PlinkCoreTests.MacContinuityTests testWaitingCallCannotReuseOriginalActionIdentityAfterSetupEnds]' passed (0.000 seconds).
Test Case '-[PlinkCoreTests.MacContinuityTests testWaitingCallDoesNotBecomeActionableWithoutCallIndexSupport]' started.
Test Case '-[PlinkCoreTests.MacContinuityTests testWaitingCallDoesNotBecomeActionableWithoutCallIndexSupport]' passed (0.000 seconds).
Test Suite 'MacContinuityTests' passed at 2026-09-21 11:11:22.496.
	 Executed 23 tests, with 0 failures (0 unexpected) in 0.002 (0.003) seconds
Test Suite 'MacDeviceIdentityTests' started at 2026-09-21 11:11:22.496.
Test Case '-[PlinkCoreTests.MacDeviceIdentityTests testDifferentInstallationsGetDifferentIdentities]' started.
Test Case '-[PlinkCoreTests.MacDeviceIdentityTests testDifferentInstallationsGetDifferentIdentities]' passed (0.002 seconds).
Test Case '-[PlinkCoreTests.MacDeviceIdentityTests testFreshIdentityPersistsAcrossInstances]' started.
Test Case '-[PlinkCoreTests.MacDeviceIdentityTests testFreshIdentityPersistsAcrossInstances]' passed (0.001 seconds).
Test Case '-[PlinkCoreTests.MacDeviceIdentityTests testLegacyPairingGetsDurableFreshOfferIdentity]' started.
Test Case '-[PlinkCoreTests.MacDeviceIdentityTests testLegacyPairingGetsDurableFreshOfferIdentity]' passed (0.001 seconds).
Test Case '-[PlinkCoreTests.MacDeviceIdentityTests testMalformedPersistedIdentityFailsClosedWithoutReplacement]' started.
Test Case '-[PlinkCoreTests.MacDeviceIdentityTests testMalformedPersistedIdentityFailsClosedWithoutReplacement]' passed (0.001 seconds).
Test Case '-[PlinkCoreTests.MacDeviceIdentityTests testTwoUpgradedMacsHaveDifferentFreshOfferIdentities]' started.
Test Case '-[PlinkCoreTests.MacDeviceIdentityTests testTwoUpgradedMacsHaveDifferentFreshOfferIdentities]' passed (0.002 seconds).
Test Suite 'MacDeviceIdentityTests' passed at 2026-09-21 11:11:22.502.
	 Executed 5 tests, with 0 failures (0 unexpected) in 0.006 (0.007) seconds
Test Suite 'MacFileTransferTests' started at 2026-09-21 11:11:22.502.
Test Case '-[PlinkCoreTests.MacFileTransferTests testAbsoluteDeadlineCannotBeExtendedBySuccessfulProgress]' started.
Test Case '-[PlinkCoreTests.MacFileTransferTests testAbsoluteDeadlineCannotBeExtendedBySuccessfulProgress]' passed (0.002 seconds).
Test Case '-[PlinkCoreTests.MacFileTransferTests testBidirectionalBoundaryFilesSaveIdenticalBytesOnlyAfterConsent]' started.
Test Case '-[PlinkCoreTests.MacFileTransferTests testBidirectionalBoundaryFilesSaveIdenticalBytesOnlyAfterConsent]' passed (2.140 seconds).
Test Case '-[PlinkCoreTests.MacFileTransferTests testBusyAndStaleConsentCannotTakeOverExistingTransfer]' started.
Test Case '-[PlinkCoreTests.MacFileTransferTests testBusyAndStaleConsentCannotTakeOverExistingTransfer]' passed (0.001 seconds).
Test Case '-[PlinkCoreTests.MacFileTransferTests testCancellationFeatureOffAndSessionResetRevokeConsentAndClean]' started.
Test Case '-[PlinkCoreTests.MacFileTransferTests testCancellationFeatureOffAndSessionResetRevokeConsentAndClean]' passed (0.001 seconds).
Test Case '-[PlinkCoreTests.MacFileTransferTests testChooserRejectsChangedTransferAndGenerationBeforeMutation]' started.
Test Case '-[PlinkCoreTests.MacFileTransferTests testChooserRejectsChangedTransferAndGenerationBeforeMutation]' passed (0.000 seconds).
Test Case '-[PlinkCoreTests.MacFileTransferTests testDeadlineCrossingDuringExportPreservesExistingDestination]' started.
Test Case '-[PlinkCoreTests.MacFileTransferTests testDeadlineCrossingDuringExportPreservesExistingDestination]' passed (0.001 seconds).
Test Case '-[PlinkCoreTests.MacFileTransferTests testDeferredChooserCannotCancelReplacementOffer]' started.
Test Case '-[PlinkCoreTests.MacFileTransferTests testDeferredChooserCannotCancelReplacementOffer]' passed (0.000 seconds).
Test Case '-[PlinkCoreTests.MacFileTransferTests testDisabledBusyForeignAndUnacceptedMessagesCannotWrite]' started.
Test Case '-[PlinkCoreTests.MacFileTransferTests testDisabledBusyForeignAndUnacceptedMessagesCannotWrite]' passed (0.000 seconds).
Test Case '-[PlinkCoreTests.MacFileTransferTests testExportFailureNeverReportsSavedAndPathTraversalRejected]' started.
Test Case '-[PlinkCoreTests.MacFileTransferTests testExportFailureNeverReportsSavedAndPathTraversalRejected]' passed (0.001 seconds).
Test Case '-[PlinkCoreTests.MacFileTransferTests testMalformedActiveChunkStopsAndCleans]' started.
Test Case '-[PlinkCoreTests.MacFileTransferTests testMalformedActiveChunkStopsAndCleans]' passed (0.001 seconds).
Test Case '-[PlinkCoreTests.MacFileTransferTests testMonotonicOfferInactivityAndAbsoluteDeadlines]' started.
Test Case '-[PlinkCoreTests.MacFileTransferTests testMonotonicOfferInactivityAndAbsoluteDeadlines]' passed (0.001 seconds).
Test Case '-[PlinkCoreTests.MacFileTransferTests testNoncanonicalBase64IsRejectedBeforeWrite]' started.
Test Case '-[PlinkCoreTests.MacFileTransferTests testNoncanonicalBase64IsRejectedBeforeWrite]' passed (0.002 seconds).
Test Case '-[PlinkCoreTests.MacFileTransferTests testOversizeNeverOffersAndCleansSnapshot]' started.
Test Case '-[PlinkCoreTests.MacFileTransferTests testOversizeNeverOffersAndCleansSnapshot]' passed (0.014 seconds).
Test Case '-[PlinkCoreTests.MacFileTransferTests testRepeatedCancellationPreservesUnconfirmedSavedOutcome]' started.
Test Case '-[PlinkCoreTests.MacFileTransferTests testRepeatedCancellationPreservesUnconfirmedSavedOutcome]' passed (0.001 seconds).
Test Case '-[PlinkCoreTests.MacFileTransferTests testSenderNeverSendsBeforeAcceptOrTreatsTransportAsSaved]' started.
Test Case '-[PlinkCoreTests.MacFileTransferTests testSenderNeverSendsBeforeAcceptOrTreatsTransportAsSaved]' passed (0.001 seconds).
Test Case '-[PlinkCoreTests.MacFileTransferTests testSnapshotSurvivesInputMutationAndTerminalFramesDoNotResave]' started.
Test Case '-[PlinkCoreTests.MacFileTransferTests testSnapshotSurvivesInputMutationAndTerminalFramesDoNotResave]' passed (0.004 seconds).
Test Case '-[PlinkCoreTests.MacFileTransferTests testWrongIndexLengthAndDigestNeverSave]' started.
Test Case '-[PlinkCoreTests.MacFileTransferTests testWrongIndexLengthAndDigestNeverSave]' passed (0.002 seconds).
Test Suite 'MacFileTransferTests' passed at 2026-09-21 11:11:24.675.
	 Executed 17 tests, with 0 failures (0 unexpected) in 2.172 (2.173) seconds
Test Suite 'MacPairingFinalizationTests' started at 2026-09-21 11:11:24.675.
Test Case '-[PlinkCoreTests.MacPairingFinalizationTests testCommitFailureInvalidatesReplacementBeforeRollback]' started.
Test Case '-[PlinkCoreTests.MacPairingFinalizationTests testCommitFailureInvalidatesReplacementBeforeRollback]' passed (0.001 seconds).
Test Case '-[PlinkCoreTests.MacPairingFinalizationTests testCommitKeepsNewTrustAndExistingSessionKeyCannotBeOverwritten]' started.
Test Case '-[PlinkCoreTests.MacPairingFinalizationTests testCommitKeepsNewTrustAndExistingSessionKeyCannotBeOverwritten]' passed (0.001 seconds).
Test Case '-[PlinkCoreTests.MacPairingFinalizationTests testInterruptedDifferentPhonePairingRestoresPreviousSelection]' started.
Test Case '-[PlinkCoreTests.MacPairingFinalizationTests testInterruptedDifferentPhonePairingRestoresPreviousSelection]' passed (0.002 seconds).
Test Case '-[PlinkCoreTests.MacPairingFinalizationTests testLegacyV2RecordCannotActivateAfterFailedFreshPairing]' started.
Test Case '-[PlinkCoreTests.MacPairingFinalizationTests testLegacyV2RecordCannotActivateAfterFailedFreshPairing]' passed (0.001 seconds).
Test Case '-[PlinkCoreTests.MacPairingFinalizationTests testPairingDifferentPhoneRestoresExplicitLatestSelection]' started.
Test Case '-[PlinkCoreTests.MacPairingFinalizationTests testPairingDifferentPhoneRestoresExplicitLatestSelection]' passed (0.001 seconds).
Test Case '-[PlinkCoreTests.MacPairingFinalizationTests testPartiallyWrittenMetadataFailureRollsBackBothStores]' started.
Test Case '-[PlinkCoreTests.MacPairingFinalizationTests testPartiallyWrittenMetadataFailureRollsBackBothStores]' passed (0.000 seconds).
Test Case '-[PlinkCoreTests.MacPairingFinalizationTests testRecoveryAfterInterruptedSaveRestoresOldTrust]' started.
Test Case '-[PlinkCoreTests.MacPairingFinalizationTests testRecoveryAfterInterruptedSaveRestoresOldTrust]' passed (0.001 seconds).
Test Case '-[PlinkCoreTests.MacPairingFinalizationTests testRollbackRestoresPriorDeviceAndRemovesOnlyNewKey]' started.
Test Case '-[PlinkCoreTests.MacPairingFinalizationTests testRollbackRestoresPriorDeviceAndRemovesOnlyNewKey]' passed (0.001 seconds).
Test Case '-[PlinkCoreTests.MacPairingFinalizationTests testUnselectedStoredRecordsNeverChooseFirstPhone]' started.
Test Case '-[PlinkCoreTests.MacPairingFinalizationTests testUnselectedStoredRecordsNeverChooseFirstPhone]' passed (0.000 seconds).
Test Suite 'MacPairingFinalizationTests' passed at 2026-09-21 11:11:24.683.
	 Executed 9 tests, with 0 failures (0 unexpected) in 0.008 (0.008) seconds
Test Suite 'PlinkCoreTests.xctest' passed at 2026-09-21 11:11:24.684.
	 Executed 54 tests, with 0 failures (0 unexpected) in 2.189 (2.191) seconds
Test Suite 'All tests' passed at 2026-09-21 11:11:24.684.
	 Executed 54 tests, with 0 failures (0 unexpected) in 2.189 (2.192) seconds
◇ Test run started.
↳ Testing Library Version: 2084
↳ Target Platform: arm64e-apple-macos14.0
◇ Suite StartupRecoveryTests started.
◇ Suite PixelWebcamControllerTests started.
◇ Suite ScreenPreviewControllerTests started.
◇ Suite ReconnectLifecycleTests started.
◇ Suite ClipboardSyncControllerTests started.
◇ Test pendingKeyAccessStaysUnknownAndUsesConditionalPromptCopy() started.
◇ Test disabledOrInactivePreviewCannotStart() started.
◇ Test queuedAmbiguousRejectionCannotCrossLocalStartAndQuitIsTerminal() started.
◇ Test staleConnectionRejectionCannotEndReplacementPreview() started.
◇ Test selectedReturnAcceptsEquivalentRemovalAndIgnoresDiscardedResolution() started.
◇ Test decodedPixelsDisappearImmediatelyWhenPreviewStops() started.
◇ Test rejectedConditionalHandoffLeavesOrdinaryGenerationUntouched() started.
◇ Test changedEnvironmentRejectsQueuedRecoveryFromOldGeneration() started.
◇ Test selectedReturnRejectsUntrustedOrIneligibleResolution(fault:) started.
◇ Test recoveryCannotReplaceHealthyConnectionOrRunningAttempt() started.
◇ Test selectedReturnUsesConditionalAppDispatchOnceAndPreservesConnectedState() started.
◇ Test selectedReturnBoundsResolutionAndRejectsNonmatchingBaseline() started.
◇ Test staleAndTerminatingPublicationsCannotReplaceCurrentPhase() started.
◇ Test discoveryAndHandshakeCannotResetDeadlineAfterCleanup() started.
◇ Test absentPairingAndSavedRecordsWithoutSelectionAreDifferent() started.
◇ Test deferredSendRechecksUnlockedState() started.
◇ Test returnedFakeKeychainErrorsHaveTruthfulDistinctStates() started.
◇ Test pendingSendIsCanceledByLatestTextAndEveryOffState() started.
◇ Test hidingStopsSynchronouslyAndReopeningNeedsExplicitStart() started.
◇ Test constructionIsInertUntilExplicitActivation() started.
◇ Test recoveryWaitsForEligibilityAndConsumesOnlyOnce() started.
◇ Test conditionalReturnAppDispatchRechecksEligibilityAndExactDeadline() started.
◇ Test duplicateTeardownCannotClearOrUncancelReplacementStart() started.
◇ Test restoredControllerIsInertUntilExplicitReconnect() started.
◇ Test selectedDisconnectInvalidatesImmediatelyAndReplugNeverRestarts() started.
◇ Test discoveryNotifiesLifecycleOwnerBeforeBrowsing() started.
◇ Test changedRevisionDiscardsRacedSnapshotAndRemoteWrite() started.
◇ Test authorizationLossBehindBlockedDiscoveryPreventsNativeInputOrStart() started.
◇ Test missingAndInvalidFakeKeysCannotProduceReady() started.
◇ Test pairingOrTerminationInvalidationRejectsQueuedRecovery() started.
◇ Test concealedBlankAndOversizedTextAreRefused() started.
◇ Test manualReconnectRejectsNonnumericAndNonstandardPortsBeforeCallback() started.
◇ Test selectedReturnCooldownSurvivesObserverRestartAndHasNoTimerRetry() started.
◇ Test heldCleanupCannotAdmitAfterAttemptExpiresOrChanges(event:) started.
◇ Test duplicateEligibleWakeQueuesOneProductionDiscovery() started.
◇ Test selectedReturnRechecksAppGateAndDropsBusyWorkWithoutRetry() started.
◇ Test selectedReturnEquivalentRemovalFromOldBrowserCannotRemoveCurrentService() started.
◇ Test lifecycleDiscoveryStopDoesNotBecomeUserCancellation() started.
◇ Test selectedReturnDeadlineBelongsToMatchingCandidate(rejected:) started.
◇ Test replacedDiscoveryIgnoresOldFindResolveAndTimerCallbacks() started.
◇ Test selectedReturnOriginalDeadlineExpiresDuringResolutionOrQueuedDispatch(expireWhileResolving:) started.
◇ Test queuedRecoveryRechecksLifecycleBeforeStarting(event:) started.
◇ Test case passing 1 argument fault → "wrong-port" to selectedReturnRejectsUntrustedOrIneligibleResolution(fault:) started.
◇ Test case passing 1 argument fault → "wrong-platform" to selectedReturnRejectsUntrustedOrIneligibleResolution(fault:) started.
◇ Test syncDoesNotReplayInactiveContentAndSuppressesOnlyRemoteRevision() started.
◇ Test cancelClosesDiscoveryStateAndNotifiesLifecycleOwnerOnce() started.
◇ Test case passing 1 argument fault → "wrong-peer" to selectedReturnRejectsUntrustedOrIneligibleResolution(fault:) started.
◇ Test case passing 1 argument fault → "invalid-interface" to selectedReturnRejectsUntrustedOrIneligibleResolution(fault:) started.
◇ Test case passing 1 argument fault → "oversized-txt" to selectedReturnRejectsUntrustedOrIneligibleResolution(fault:) started.
◇ Test conditionalHandoffChecksRealCleanupAndNeverPublishesLate(event:) started.
◇ Test configuredAfterFirstSampleAttachesButStoppedGenerationCannotAttach() started.
◇ Test case passing 1 argument event → "deadline" to heldCleanupCannotAdmitAfterAttemptExpiresOrChanges(event:) started.
◇ Test case passing 1 argument event → "cancel" to heldCleanupCannotAdmitAfterAttemptExpiresOrChanges(event:) started.
◇ Test selectedReturnInvalidationDropsHeldCallbacks(reason:whileResolving:) started.
◇ Test case passing 1 argument rejected → "unrelated" to selectedReturnDeadlineBelongsToMatchingCandidate(rejected:) started.
✔ Test pendingKeyAccessStaysUnknownAndUsesConditionalPromptCopy() passed after 0.001 seconds.
◇ Test case passing 1 argument rejected → "failed" to selectedReturnDeadlineBelongsToMatchingCandidate(rejected:) started.
◇ Test case passing 1 argument event → "replacement" to heldCleanupCannotAdmitAfterAttemptExpiresOrChanges(event:) started.
◇ Test case passing 1 argument expireWhileResolving → true to selectedReturnOriginalDeadlineExpiresDuringResolutionOrQueuedDispatch(expireWhileResolving:) started.
◇ Test case passing 1 argument expireWhileResolving → false to selectedReturnOriginalDeadlineExpiresDuringResolutionOrQueuedDispatch(expireWhileResolving:) started.
◇ Test beginShutdownClosesStartGateAndAsyncShutdownWaitsForTeardown() started.
◇ Test userCancelSurvivesEnvironmentChangesUntilExplicitResume() started.
◇ Test case passing 1 argument event → "termination" to queuedRecoveryRechecksLifecycleBeforeStarting(event:) started.
◇ Test case passing 1 argument event → "pair replacement" to queuedRecoveryRechecksLifecycleBeforeStarting(event:) started.
◇ Test case passing 1 argument event → "lock" to conditionalHandoffChecksRealCleanupAndNeverPublishesLate(event:) started.
✔ Test returnedFakeKeychainErrorsHaveTruthfulDistinctStates() passed after 0.001 seconds.
◇ Test case passing 1 argument event → "deadline" to conditionalHandoffChecksRealCleanupAndNeverPublishesLate(event:) started.
◇ Test case passing 1 argument event → "cancel" to queuedRecoveryRechecksLifecycleBeforeStarting(event:) started.
◇ Test case passing 1 argument event → "termination" to conditionalHandoffChecksRealCleanupAndNeverPublishesLate(event:) started.
◇ Test case passing 1 argument event → "lock" to queuedRecoveryRechecksLifecycleBeforeStarting(event:) started.
◇ Test case passing 1 argument event → "replacement" to conditionalHandoffChecksRealCleanupAndNeverPublishesLate(event:) started.
◇ Test case passing 1 argument rejected → "malformed" to selectedReturnDeadlineBelongsToMatchingCandidate(rejected:) started.
◇ Test case passing 1 argument event → "cancel" to conditionalHandoffChecksRealCleanupAndNeverPublishesLate(event:) started.
◇ Test case passing 2 arguments reason → "cancel", whileResolving → false to selectedReturnInvalidationDropsHeldCallbacks(reason:whileResolving:) started.
◇ Test case passing 2 arguments reason → "lock", whileResolving → false to selectedReturnInvalidationDropsHeldCallbacks(reason:whileResolving:) started.
◇ Test case passing 2 arguments reason → "lock", whileResolving → true to selectedReturnInvalidationDropsHeldCallbacks(reason:whileResolving:) started.
◇ Test case passing 2 arguments reason → "pair replacement", whileResolving → true to selectedReturnInvalidationDropsHeldCallbacks(reason:whileResolving:) started.
◇ Test case passing 2 arguments reason → "network change", whileResolving → false to selectedReturnInvalidationDropsHeldCallbacks(reason:whileResolving:) started.
◇ Test case passing 2 arguments reason → "cancel", whileResolving → true to selectedReturnInvalidationDropsHeldCallbacks(reason:whileResolving:) started.
◇ Test case passing 2 arguments reason → "network change", whileResolving → true to selectedReturnInvalidationDropsHeldCallbacks(reason:whileResolving:) started.
◇ Test case passing 2 arguments reason → "termination", whileResolving → true to selectedReturnInvalidationDropsHeldCallbacks(reason:whileResolving:) started.
◇ Test case passing 2 arguments reason → "manual connect", whileResolving → true to selectedReturnInvalidationDropsHeldCallbacks(reason:whileResolving:) started.
✔ Test absentPairingAndSavedRecordsWithoutSelectionAreDifferent() passed after 0.001 seconds.
◇ Test case passing 2 arguments reason → "manual connect", whileResolving → false to selectedReturnInvalidationDropsHeldCallbacks(reason:whileResolving:) started.
◇ Test case passing 2 arguments reason → "termination", whileResolving → false to selectedReturnInvalidationDropsHeldCallbacks(reason:whileResolving:) started.
✔ Test staleAndTerminatingPublicationsCannotReplaceCurrentPhase() passed after 0.001 seconds.
◇ Test case passing 1 argument event → "pair replacement" to conditionalHandoffChecksRealCleanupAndNeverPublishesLate(event:) started.
◇ Test case passing 2 arguments reason → "pair replacement", whileResolving → false to selectedReturnInvalidationDropsHeldCallbacks(reason:whileResolving:) started.
✔ Test missingAndInvalidFakeKeysCannotProduceReady() passed after 0.001 seconds.
✔ Suite StartupRecoveryTests passed after 0.001 seconds.
✔ Test constructionIsInertUntilExplicitActivation() passed after 0.007 seconds.
2026-09-21 11:11:24.741 swiftpm-testing-helper[91391:11469028] Plink selected peer observation established
2026-09-21 11:11:24.741 swiftpm-testing-helper[91391:11469028] Plink selected peer observation established
2026-09-21 11:11:24.741 swiftpm-testing-helper[91391:11469028] Plink selected peer observation established
2026-09-21 11:11:24.742 swiftpm-testing-helper[91391:11469028] Plink selected peer observation established
2026-09-21 11:11:24.742 swiftpm-testing-helper[91391:11469028] Plink selected peer observation established
2026-09-21 11:11:24.742 swiftpm-testing-helper[91391:11469028] Plink selected peer observation established
2026-09-21 11:11:24.743 swiftpm-testing-helper[91391:11469028] Plink selected peer observation established
2026-09-21 11:11:24.743 swiftpm-testing-helper[91391:11469028] Plink selected peer observation established
2026-09-21 11:11:24.744 swiftpm-testing-helper[91391:11469028] Plink selected peer observation established
2026-09-21 11:11:24.744 swiftpm-testing-helper[91391:11469028] Plink selected peer observation established
2026-09-21 11:11:24.745 swiftpm-testing-helper[91391:11469028] Plink selected peer observation established
2026-09-21 11:11:24.745 swiftpm-testing-helper[91391:11469028] Plink selected peer observation established
2026-09-21 11:11:24.745 swiftpm-testing-helper[91391:11469028] Plink selected peer observation established
2026-09-21 11:11:24.745 swiftpm-testing-helper[91391:11469028] Plink selected peer observation established
2026-09-21 11:11:24.746 swiftpm-testing-helper[91391:11469028] Plink selected peer observation established
2026-09-21 11:11:24.746 swiftpm-testing-helper[91391:11469028] Plink selected peer observation established
2026-09-21 11:11:24.746 swiftpm-testing-helper[91391:11469028] Plink selected peer observation established
2026-09-21 11:11:24.746 swiftpm-testing-helper[91391:11469028] Plink selected peer observation established
2026-09-21 11:11:24.746 swiftpm-testing-helper[91391:11469028] Plink selected peer observation established
2026-09-21 11:11:24.747 swiftpm-testing-helper[91391:11469028] Plink selected peer observation established
2026-09-21 11:11:24.747 swiftpm-testing-helper[91391:11469028] Plink selected peer observation established
2026-09-21 11:11:24.747 swiftpm-testing-helper[91391:11469028] Plink selected peer observation established
2026-09-21 11:11:24.747 swiftpm-testing-helper[91391:11469028] Plink selected peer observation established
2026-09-21 11:11:24.747 swiftpm-testing-helper[91391:11469028] Plink selected peer observation established
2026-09-21 11:11:24.747 swiftpm-testing-helper[91391:11469028] Plink selected peer observation established
2026-09-21 11:11:24.747 swiftpm-testing-helper[91391:11469028] Plink selected peer observation established
2026-09-21 11:11:24.748 swiftpm-testing-helper[91391:11469028] Plink selected peer observation established
2026-09-21 11:11:24.748 swiftpm-testing-helper[91391:11469028] Plink selected peer observation established
2026-09-21 11:11:24.748 swiftpm-testing-helper[91391:11469028] Plink selected peer observation established
2026-09-21 11:11:24.748 swiftpm-testing-helper[91391:11469028] Plink selected peer observation established
2026-09-21 11:11:24.748 swiftpm-testing-helper[91391:11469028] Plink selected peer observation established
2026-09-21 11:11:24.748 swiftpm-testing-helper[91391:11469028] Plink selected peer observation established
2026-09-21 11:11:24.749 swiftpm-testing-helper[91391:11469028] Plink selected peer observation established
2026-09-21 11:11:24.749 swiftpm-testing-helper[91391:11469028] Plink selected peer observation established
2026-09-21 11:11:24.749 swiftpm-testing-helper[91391:11469028] Plink selected peer observation established
2026-09-21 11:11:24.749 swiftpm-testing-helper[91391:11469028] Plink selected peer observation established
2026-09-21 11:11:24.749 swiftpm-testing-helper[91391:11469028] Plink selected peer observation established
2026-09-21 11:11:24.749 swiftpm-testing-helper[91391:11469028] Plink selected peer observation established
2026-09-21 11:11:24.749 swiftpm-testing-helper[91391:11469028] Plink selected peer observation established
✔ Test disabledOrInactivePreviewCannotStart() passed after 0.017 seconds.
2026-09-21 11:11:24.749 swiftpm-testing-helper[91391:11469028] Plink selected peer observation established
2026-09-21 11:11:24.749 swiftpm-testing-helper[91391:11469028] Plink selected peer observation established
✔ Test changedEnvironmentRejectsQueuedRecoveryFromOldGeneration() passed after 0.017 seconds.
✔ Test selectedReturnAcceptsEquivalentRemovalAndIgnoresDiscardedResolution() passed after 0.017 seconds.
✔ Test selectedReturnUsesConditionalAppDispatchOnceAndPreservesConnectedState() passed after 0.017 seconds.
✔ Test rejectedConditionalHandoffLeavesOrdinaryGenerationUntouched() passed after 0.017 seconds.
2026-09-21 11:11:24.750 swiftpm-testing-helper[91391:11469028] Plink selected peer observation established
2026-09-21 11:11:24.750 swiftpm-testing-helper[91391:11469028] Plink selected peer observation established
✔ Test discoveryNotifiesLifecycleOwnerBeforeBrowsing() passed after 0.017 seconds.
✔ Test selectedReturnRejectsUntrustedOrIneligibleResolution(fault:) with 5 test cases passed after 0.018 seconds.
✔ Test restoredControllerIsInertUntilExplicitReconnect() passed after 0.017 seconds.
✔ Test manualReconnectRejectsNonnumericAndNonstandardPortsBeforeCallback() passed after 0.017 seconds.
✔ Test duplicateEligibleWakeQueuesOneProductionDiscovery() passed after 0.018 seconds.
✔ Test selectedReturnBoundsResolutionAndRejectsNonmatchingBaseline() passed after 0.018 seconds.
✔ Test selectedReturnRechecksAppGateAndDropsBusyWorkWithoutRetry() passed after 0.017 seconds.
✔ Test selectedReturnEquivalentRemovalFromOldBrowserCannotRemoveCurrentService() passed after 0.018 seconds.
✔ Test recoveryWaitsForEligibilityAndConsumesOnlyOnce() passed after 0.019 seconds.
✔ Test lifecycleDiscoveryStopDoesNotBecomeUserCancellation() passed after 0.018 seconds.
✔ Test conditionalReturnAppDispatchRechecksEligibilityAndExactDeadline() passed after 0.019 seconds.
✔ Test replacedDiscoveryIgnoresOldFindResolveAndTimerCallbacks() passed after 0.019 seconds.
✔ Test recoveryCannotReplaceHealthyConnectionOrRunningAttempt() passed after 0.019 seconds.
✔ Test queuedRecoveryRechecksLifecycleBeforeStarting(event:) with 4 test cases passed after 0.019 seconds.
✔ Test selectedReturnOriginalDeadlineExpiresDuringResolutionOrQueuedDispatch(expireWhileResolving:) with 2 test cases passed after 0.019 seconds.
✔ Test selectedReturnCooldownSurvivesObserverRestartAndHasNoTimerRetry() passed after 0.019 seconds.
✔ Test selectedReturnDeadlineBelongsToMatchingCandidate(rejected:) with 3 test cases passed after 0.019 seconds.
✔ Test pairingOrTerminationInvalidationRejectsQueuedRecovery() passed after 0.019 seconds.
✔ Test cancelClosesDiscoveryStateAndNotifiesLifecycleOwnerOnce() passed after 0.019 seconds.
✔ Test selectedReturnInvalidationDropsHeldCallbacks(reason:whileResolving:) with 12 test cases passed after 0.019 seconds.
✔ Test userCancelSurvivesEnvironmentChangesUntilExplicitResume() passed after 0.019 seconds.
✔ Test conditionalHandoffChecksRealCleanupAndNeverPublishesLate(event:) with 6 test cases passed after 0.020 seconds.
✔ Test deferredSendRechecksUnlockedState() passed after 0.021 seconds.
✔ Test concealedBlankAndOversizedTextAreRefused() passed after 0.021 seconds.
✔ Test discoveryAndHandshakeCannotResetDeadlineAfterCleanup() passed after 0.021 seconds.
✔ Test heldCleanupCannotAdmitAfterAttemptExpiresOrChanges(event:) with 3 test cases passed after 0.021 seconds.
✔ Test staleConnectionRejectionCannotEndReplacementPreview() passed after 0.022 seconds.
✔ Suite ReconnectLifecycleTests passed after 0.022 seconds.
✔ Test changedRevisionDiscardsRacedSnapshotAndRemoteWrite() passed after 0.021 seconds.
✔ Test syncDoesNotReplayInactiveContentAndSuppressesOnlyRemoteRevision() passed after 0.022 seconds.
✔ Test authorizationLossBehindBlockedDiscoveryPreventsNativeInputOrStart() passed after 0.022 seconds.
✔ Test pendingSendIsCanceledByLatestTextAndEveryOffState() passed after 0.022 seconds.
✔ Suite ClipboardSyncControllerTests passed after 0.023 seconds.
✔ Test selectedDisconnectInvalidatesImmediatelyAndReplugNeverRestarts() passed after 0.026 seconds.
✔ Test hidingStopsSynchronouslyAndReopeningNeedsExplicitStart() passed after 0.026 seconds.
✔ Test beginShutdownClosesStartGateAndAsyncShutdownWaitsForTeardown() passed after 0.026 seconds.
✔ Test duplicateTeardownCannotClearOrUncancelReplacementStart() passed after 0.028 seconds.
✔ Test queuedAmbiguousRejectionCannotCrossLocalStartAndQuitIsTerminal() passed after 0.028 seconds.
✔ Test configuredAfterFirstSampleAttachesButStoppedGenerationCannotAttach() passed after 0.032 seconds.
✔ Suite PixelWebcamControllerTests passed after 0.032 seconds.
✔ Test decodedPixelsDisappearImmediatelyWhenPreviewStops() passed after 0.032 seconds.
✔ Suite ScreenPreviewControllerTests passed after 0.033 seconds.
✔ Test run with 49 tests in 5 suites passed after 0.033 seconds.
◇ Test run started.
↳ Testing Library Version: 2084
↳ Target Platform: arm64e-apple-macos14.0
◇ Test redactionMasksSensitivePayloadValues() started.
◇ Test bonjourRecordFallsBackToResolvedEndpoint() started.
◇ Test matchingPeerStopNeverEchoesAtLeaseBoundary() started.
◇ Test codecPersistsOnlyFullyAuthenticatedFramesAndBindsScope() started.
◇ Test pairWriteGateGrantsQueuedLeasesInFIFOOrder() started.
◇ Test screenControlLimitUsesOriginalPlaintextBytes() started.
◇ Test shutdownReturnsOnlyAfterActiveProducerCompletes() started.
◇ Test decodesAndroidFractionalIsoDates() started.
◇ Test legacyTrustDoesNotAcquireDurableTransportVersion() started.
◇ Test pairingNumericHighBitVectorMatchesAndroid() started.
◇ Test bonjourRecordRejectsUnsupportedProtocol() started.
◇ Test replyRouterPreservesExactUTF8Bytes(_:) started.
◇ Test reconnectEndpointCommitIsAuthenticatedAndStaleCommitCannotReplaceIt() started.
◇ Test replyRouterRejectsTextAboveExistingLimit() started.
◇ Test messageBookkeepingRemovesIndexesOnReplyDismissalFailureAndExpiry() started.
◇ Test partialSocketDeadlineAllowsNextCompleteFrame() started.
◇ Test screenPreviewSharedContractVectors() started.
◇ Test conditionalReconnectExchangesShareDurableReplayWindow(order:) started.
◇ Test foundationSecureServerReceivesAndroidCompatibleFrame() started.
◇ Test boundedIngressReleasesFrameAndControlSlots() started.
◇ Test untrustedOrStaleMalformedFramesNeverBecomeScreenRejections() started.
◇ Test preframeIdleDoesNotRenewFirstFrameLease() started.
◇ Test expectedLengthWaitsForCompletePayload() started.
◇ Test encryptedFrameRejectsTampering() started.
◇ Test webcamPolicyReleasesOnlyAfterAuthorizationLossTeardownCompletes() started.
◇ Test invalidatedPairLifetimeClosesAdmissionAndQueuedWriter() started.
◇ Test reconnectEncryptedVectorsMatchMacWirePolicy() started.
◇ Test productionDecoderRejectsNonFrameInputWithoutAllocation() started.
◇ Test reconnectReceiveUsesOneDeadlineAcrossHeaderAndBody() started.
◇ Test webcamPolicyRejectsAStaleDiscoveryResultAfterAStop() started.
◇ Test foundationSecureServerRejectsReplay() started.
◇ Test reconnectEndpointVectorsUseProductionAuthenticationAndFilenameHelpers() started.
◇ Test clipboardEnvelopeCreatesHandoffAction() started.
◇ Test bonjourRecordRoundTripsPairingOffer() started.
◇ Test secureEnvelopeRejectsTampering() started.
◇ Test reconnectWriteTimesOutWhenPeerStopsReading() started.
◇ Test confirmCreatesTrustedDevice() started.
◇ Test webcamCaptureGateConsumesOnlyMatchingTeardownAndPreservesReplacementWatchdog() started.
◇ Test closingSocketDuringReceiveCannotCloseReusedDescriptor() started.
◇ Test confirmRejectsMissingPublicKey() started.
◇ Test stopClosesAcceptedClientAndAllowsRebind() started.
◇ Test replyContextDerivesFromMessageEnvelope() started.
◇ Test screenSessionUsesProductionDecoderAndPullCadence() started.
◇ Test replayWindowKeepsDuplicateRejectionAfterEviction() started.
◇ Test invalidLocalTextLeavesReplyContextAvailable() started.
◇ Test cancellingStalledReconnectReceiveJoinsOwnedIO() started.
◇ Test startReportsBindFailureSynchronously() started.
◇ Test lengthPrefixedFrameRoundTrips() started.
◇ Test productionDecoderRejectsMalformedAndUnsupportedImages() started.
◇ Test invalidateClosesAdmissionSynchronously() started.
◇ Test reconnectEscapedClassificationMatchesMacWirePolicy() started.
◇ Test lateCleanupCannotRemoveReplacementOrSameKeyFromAnotherPeer() started.
◇ Test webcamCaptureGateRejectsCancelledAndCurrentAuthorizationLossBeforeNativeCalls() started.
◇ Test reconnectEndpointStoreRejectsInvalidUTF8ByteLength() started.
◇ Test acceptedSocketLeaseCannotRecaptureAfterReproof() started.
◇ Test reconnectListenerStopJoinsAuthenticatedReplayPersistence() started.
◇ Test transcriptEndpointAndTupleAreBound() started.
◇ Test durableFrameStateSurvivesRecreationAndAcceptsReordering() started.
◇ Test authenticatedMalformedScreenVectorsAreSanitizedAfterReplayAcceptance() started.
◇ Test unsafeWebURLFailsPolicy() started.
◇ Test foundationSecureServerRejectsWrongDeviceId() started.
◇ Test encryptedFrameRoundTripsAndRejectsReplay() started.
◇ Test deriveChangesWithNonce() started.
◇ Test pairingConsentRejectsLegacyUnconfirmedPayload() started.
◇ Test conditionalReconnectHandshakePreservesUntilAcceptanceAndBindsAllPhases(reply:) started.
◇ Test replacementWaitsForPredecessorShutdownCompletion() started.
◇ Test successorScreenExpiryAndCancellationRunWhilePredecessorIsHeld() started.
◇ Test replyContextStoreConsumesOnce() started.
◇ Test strongVerificationBindsPublicKeys() started.
◇ Test failedIVGenerationPreventsSealing() started.
◇ Test webcamPolicyAcceptsConfiguredAfterFirstSampleForCurrentGenerationOnly() started.
◇ Test monotonicSendDeadlineRejectsBoundaryAndLateSuccess() started.
◇ Test expiredSendBurnsSequenceButWritesNoBytes() started.
◇ Test replyRouterBuildsPairedDeviceReplyEnvelope() started.
◇ Test conditionalReconnectStaleReverseCancellationPreservesReplacement() started.
◇ Test manualPairingPayloadRoundTripsOffer() started.
◇ Test durableFrameStateFailsClosedOnCorruption() started.
◇ Test scopedScreenCancellationAllowsOrdinaryTrafficToProgress() started.
◇ Test envelopeRoundTrips() started.
◇ Test oldBoundClientCannotReactivateAfterSameBindingIsReproved() started.
◇ Test acceptsManualPairingConfirmation() started.
◇ Test pairingConsentProofBindsBothIdentitiesEndpointAndStage() started.
◇ Test sharedSenderSerializesTrafficAndPrioritizesOrdinaryWork() started.
◇ Test reconnectReceiveRejectsCompletionAfterReplayPersistenceDeadline(expiresAtCompletion:) started.
◇ Test webcamPolicyRequiresPermissionSelectionAndExplicitStart() started.
◇ Test deriveIsStable() started.
◇ Test staleTrafficAndSanitizedRejectionsRespectCurrentSession() started.
◇ Test demoPairingCodeMatchesSharedFixture() started.
◇ Test messageEnvelopeCreatesReplyNotificationPlan() started.
◇ Test reconnectOuterTimestampsMatchMacWirePolicy() started.
◇ Test reconnectNetworkFixturesUseProductionCandidatePolicy() started.
◇ Test parallelReservationsAcrossStoreInstancesAreUnique() started.
◇ Test case passing 1 argument text → "  reply  " to replyRouterPreservesExactUTF8Bytes(_:) started.
◇ Test reconnectFixtureCasesMatchMacWirePolicy() started.
◇ Test case passing 1 argument text → "	first
second
 " to replyRouterPreservesExactUTF8Bytes(_:) started.
◇ Test threeOversizeResponsesStopCapture() started.
◇ Test case passing 1 argument text → "é|é|👩🏽‍💻|🇺🇳|終
" to replyRouterPreservesExactUTF8Bytes(_:) started.
◇ Test secureEnvelopeOpensValidMessage() started.
◇ Test conditionalReconnectAdmissionRejectsCompetingAndStaleUnadmittedCapture() started.
◇ Test queuedScreenPayloadExpiresWhileOrdinaryWriteIsBlocked() started.
◇ Test case passing 1 argument text → "
	 x
" to replyRouterPreservesExactUTF8Bytes(_:) started.
◇ Test failedIVGenerationBurnsReservedSequence() started.
◇ Test case passing 1 argument order → "ordinary-first" to conditionalReconnectExchangesShareDurableReplayWindow(order:) started.
◇ Test webcamPolicyUsesOnlyCurrentExternalUniqueIDAndStopsOnSelectionChange() started.
◇ Test case passing 1 argument order → "hello-first" to conditionalReconnectExchangesShareDurableReplayWindow(order:) started.
◇ Test case passing 1 argument order → "boundary-expire" to conditionalReconnectExchangesShareDurableReplayWindow(order:) started.
◇ Test case passing 1 argument order → "boundary-accept" to conditionalReconnectExchangesShareDurableReplayWindow(order:) started.
◇ Test encryptedFrameRejectsUnexpectedDeviceIds() started.
◇ Test fileTransferSharedContractVectors() started.
◇ Test maximumFileChunkFitsEncryptedFrame() started.
◇ Test conditionalReconnectAdmissionPreservesUntilRetirementAndFencesReplacement() started.
◇ Test receiveShowsKeyBoundVerificationCode() started.
◇ Test inMemorySecretStoreRoundTripsSessionKey() started.
◇ Test webcamPolicyFailsClosedWhenSelectedDeviceDisappears() started.
◇ Test replyRouterRejectsBlankReplies() started.
◇ Test conditionalReconnectConnectWaitsForHeldOrdinaryGateAndDoesNotRetry() started.
◇ Test pairingConsentFieldsHaveUnambiguousBoundaries() started.
◇ Test persistenceFailurePreventsAuthenticatedDispatch() started.
◇ Test deterministicEncryptedScreenVectorMatchesProductionCodec() started.
◇ Test candidateDeadlineClosesReverseChannelWhileBlockedCommitJoins() started.
◇ Test failedSecureRandomDoesNotReturnAnIV() started.
◇ Test confirmWithoutOfferFailsClosed() started.
◇ Test screenQueueRejectsWorkBeyondControlAndFrameCaps() started.
◇ Test cancelledQueuedProducerCannotSendAfterBlockerClears() started.
◇ Test webcamPolicyInvalidatesAQueuedStartBeforeNativeConfiguration() started.
◇ Test emptyLengthPrefixedFrameFailsClosed() started.
◇ Test webcamPolicyWatchdogInvalidatesLateSamplesUntilTeardownCompletes() started.
◇ Test replyLengthMatchesAndroidUTF16Units(_:) started.
◇ Test messageBookkeepingEvictsOnlyOldestMessageAtCapacity() started.
◇ Test explicitFixtureIVStillSupportsDeterministicVectors() started.
◇ Test replyContextRequiresReplyCapabilityAndRouteFields() started.
◇ Test conditionalReconnectSharedWireVectors() started.
◇ Test case passing 1 argument reply → "conditional" to conditionalReconnectHandshakePreservesUntilAcceptanceAndBindsAllPhases(reply:) started.
◇ Test case passing 1 argument reply → "legacy" to conditionalReconnectHandshakePreservesUntilAcceptanceAndBindsAllPhases(reply:) started.
◇ Test case passing 1 argument reply → "close" to conditionalReconnectHandshakePreservesUntilAcceptanceAndBindsAllPhases(reply:) started.
✔ Test redactionMasksSensitivePayloadValues() passed after 0.022 seconds.
◇ Test case passing 1 argument expiresAtCompletion → false to reconnectReceiveRejectsCompletionAfterReplayPersistenceDeadline(expiresAtCompletion:) started.
◇ Test case passing 1 argument expiresAtCompletion → true to reconnectReceiveRejectsCompletionAfterReplayPersistenceDeadline(expiresAtCompletion:) started.
✔ Test bonjourRecordFallsBackToResolvedEndpoint() passed after 0.040 seconds.
✔ Test pairingNumericHighBitVectorMatchesAndroid() passed after 0.040 seconds.
✔ Test replyRouterPreservesExactUTF8Bytes(_:) with 4 test cases passed after 0.040 seconds.
✔ Test legacyTrustDoesNotAcquireDurableTransportVersion() passed after 0.042 seconds.
✔ Test messageBookkeepingRemovesIndexesOnReplyDismissalFailureAndExpiry() passed after 0.042 seconds.
✔ Test bonjourRecordRejectsUnsupportedProtocol() passed after 0.043 seconds.
✔ Test replyRouterRejectsTextAboveExistingLimit() passed after 0.043 seconds.
✔ Test expectedLengthWaitsForCompletePayload() passed after 0.045 seconds.
✔ Test webcamPolicyReleasesOnlyAfterAuthorizationLossTeardownCompletes() passed after 0.045 seconds.
✔ Test productionDecoderRejectsNonFrameInputWithoutAllocation() passed after 0.045 seconds.
✔ Test webcamPolicyRejectsAStaleDiscoveryResultAfterAStop() passed after 0.046 seconds.
✔ Test decodesAndroidFractionalIsoDates() passed after 0.047 seconds.
✔ Test clipboardEnvelopeCreatesHandoffAction() passed after 0.046 seconds.
✔ Test bonjourRecordRoundTripsPairingOffer() passed after 0.046 seconds.
✔ Test reconnectEndpointVectorsUseProductionAuthenticationAndFilenameHelpers() passed after 0.046 seconds.
✔ Test preframeIdleDoesNotRenewFirstFrameLease() passed after 0.047 seconds.
✔ Test reconnectEndpointCommitIsAuthenticatedAndStaleCommitCannotReplaceIt() passed after 0.047 seconds.
◇ Test case passing 1 argument unit → "😀" to replyLengthMatchesAndroidUTF16Units(_:) started.
◇ Test case passing 1 argument unit → "é" to replyLengthMatchesAndroidUTF16Units(_:) started.
✔ Test encryptedFrameRejectsTampering() passed after 0.052 seconds.
✔ Test confirmCreatesTrustedDevice() passed after 0.052 seconds.
✔ Test webcamCaptureGateConsumesOnlyMatchingTeardownAndPreservesReplacementWatchdog() passed after 0.052 seconds.
✔ Test invalidLocalTextLeavesReplyContextAvailable() passed after 0.052 seconds.
✔ Test replayWindowKeepsDuplicateRejectionAfterEviction() passed after 0.052 seconds.
✔ Test confirmRejectsMissingPublicKey() passed after 0.052 seconds.
✔ Test secureEnvelopeRejectsTampering() passed after 0.052 seconds.
✔ Test replyContextDerivesFromMessageEnvelope() passed after 0.052 seconds.
✔ Test lengthPrefixedFrameRoundTrips() passed after 0.052 seconds.
✔ Test lateCleanupCannotRemoveReplacementOrSameKeyFromAnotherPeer() passed after 0.052 seconds.
✔ Test webcamCaptureGateRejectsCancelledAndCurrentAuthorizationLossBeforeNativeCalls() passed after 0.052 seconds.
✔ Test reconnectEndpointStoreRejectsInvalidUTF8ByteLength() passed after 0.052 seconds.
✔ Test acceptedSocketLeaseCannotRecaptureAfterReproof() passed after 0.052 seconds.
✔ Test matchingPeerStopNeverEchoesAtLeaseBoundary() passed after 0.052 seconds.
✔ Test transcriptEndpointAndTupleAreBound() passed after 0.052 seconds.
✔ Test durableFrameStateSurvivesRecreationAndAcceptsReordering() passed after 0.052 seconds.
✔ Test unsafeWebURLFailsPolicy() passed after 0.052 seconds.
✔ Test codecPersistsOnlyFullyAuthenticatedFramesAndBindsScope() passed after 0.052 seconds.
✔ Test deriveChangesWithNonce() passed after 0.052 seconds.
✔ Test replyContextStoreConsumesOnce() passed after 0.058 seconds.
✔ Test strongVerificationBindsPublicKeys() passed after 0.058 seconds.
✔ Test pairingConsentRejectsLegacyUnconfirmedPayload() passed after 0.058 seconds.
✔ Test webcamPolicyAcceptsConfiguredAfterFirstSampleForCurrentGenerationOnly() passed after 0.058 seconds.
✔ Test monotonicSendDeadlineRejectsBoundaryAndLateSuccess() passed after 0.058 seconds.
✔ Test replyRouterBuildsPairedDeviceReplyEnvelope() passed after 0.058 seconds.
✔ Test failedIVGenerationPreventsSealing() passed after 0.058 seconds.
✔ Test manualPairingPayloadRoundTripsOffer() passed after 0.058 seconds.
✔ Test durableFrameStateFailsClosedOnCorruption() passed after 0.058 seconds.
✔ Test envelopeRoundTrips() passed after 0.058 seconds.
✔ Test oldBoundClientCannotReactivateAfterSameBindingIsReproved() passed after 0.058 seconds.
✔ Test acceptsManualPairingConfirmation() passed after 0.058 seconds.
✔ Test webcamPolicyRequiresPermissionSelectionAndExplicitStart() passed after 0.058 seconds.
✔ Test deriveIsStable() passed after 0.058 seconds.
✔ Test pairingConsentProofBindsBothIdentitiesEndpointAndStage() passed after 0.058 seconds.
✔ Test staleTrafficAndSanitizedRejectionsRespectCurrentSession() passed after 0.058 seconds.
✔ Test demoPairingCodeMatchesSharedFixture() passed after 0.058 seconds.
✔ Test messageEnvelopeCreatesReplyNotificationPlan() passed after 0.058 seconds.
✔ Test reconnectNetworkFixturesUseProductionCandidatePolicy() passed after 0.058 seconds.
✔ Test encryptedFrameRoundTripsAndRejectsReplay() passed after 0.058 seconds.
✔ Test boundedIngressReleasesFrameAndControlSlots() passed after 0.059 seconds.
✔ Test untrustedOrStaleMalformedFramesNeverBecomeScreenRejections() passed after 0.059 seconds.
✔ Test parallelReservationsAcrossStoreInstancesAreUnique() passed after 0.058 seconds.
✔ Test stopClosesAcceptedClientAndAllowsRebind() passed after 0.058 seconds.
✔ Test conditionalReconnectAdmissionRejectsCompetingAndStaleUnadmittedCapture() passed after 0.058 seconds.
✔ Test productionDecoderRejectsMalformedAndUnsupportedImages() passed after 0.058 seconds.
✔ Test webcamPolicyUsesOnlyCurrentExternalUniqueIDAndStopsOnSelectionChange() passed after 0.058 seconds.
✔ Test failedIVGenerationBurnsReservedSequence() passed after 0.058 seconds.
✔ Test secureEnvelopeOpensValidMessage() passed after 0.058 seconds.
✔ Test threeOversizeResponsesStopCapture() passed after 0.058 seconds.
✔ Test conditionalReconnectAdmissionPreservesUntilRetirementAndFencesReplacement() passed after 0.058 seconds.
✔ Test screenSessionUsesProductionDecoderAndPullCadence() passed after 0.059 seconds.
✔ Test inMemorySecretStoreRoundTripsSessionKey() passed after 0.058 seconds.
✔ Test webcamPolicyFailsClosedWhenSelectedDeviceDisappears() passed after 0.058 seconds.
✔ Test replyRouterRejectsBlankReplies() passed after 0.058 seconds.
✔ Test receiveShowsKeyBoundVerificationCode() passed after 0.058 seconds.
✔ Test pairingConsentFieldsHaveUnambiguousBoundaries() passed after 0.056 seconds.
✔ Test encryptedFrameRejectsUnexpectedDeviceIds() passed after 0.058 seconds.
✔ Test reconnectEscapedClassificationMatchesMacWirePolicy() passed after 0.059 seconds.
✔ Test failedSecureRandomDoesNotReturnAnIV() passed after 0.056 seconds.
✔ Test webcamPolicyInvalidatesAQueuedStartBeforeNativeConfiguration() passed after 0.056 seconds.
✔ Test emptyLengthPrefixedFrameFailsClosed() passed after 0.056 seconds.
✔ Test webcamPolicyWatchdogInvalidatesLateSamplesUntilTeardownCompletes() passed after 0.056 seconds.
✔ Test confirmWithoutOfferFailsClosed() passed after 0.057 seconds.
✔ Test replyLengthMatchesAndroidUTF16Units(_:) with 2 test cases passed after 0.056 seconds.
✔ Test messageBookkeepingEvictsOnlyOldestMessageAtCapacity() passed after 0.056 seconds.
✔ Test replyContextRequiresReplyCapabilityAndRouteFields() passed after 0.056 seconds.
✔ Test screenControlLimitUsesOriginalPlaintextBytes() passed after 0.062 seconds.
✔ Test persistenceFailurePreventsAuthenticatedDispatch() passed after 0.059 seconds.
✔ Test explicitFixtureIVStillSupportsDeterministicVectors() passed after 0.056 seconds.
✔ Test maximumFileChunkFitsEncryptedFrame() passed after 0.062 seconds.
✔ Test reconnectOuterTimestampsMatchMacWirePolicy() passed after 0.062 seconds.
✔ Test invalidateClosesAdmissionSynchronously() passed after 0.063 seconds.
✔ Test authenticatedMalformedScreenVectorsAreSanitizedAfterReplayAcceptance() passed after 0.068 seconds.
✔ Test invalidatedPairLifetimeClosesAdmissionAndQueuedWriter() passed after 0.070 seconds.
✔ Test shutdownReturnsOnlyAfterActiveProducerCompletes() passed after 0.074 seconds.
✔ Test deterministicEncryptedScreenVectorMatchesProductionCodec() passed after 0.074 seconds.
✔ Test pairWriteGateGrantsQueuedLeasesInFIFOOrder() passed after 0.080 seconds.
✔ Test scopedScreenCancellationAllowsOrdinaryTrafficToProgress() passed after 0.089 seconds.
✔ Test screenPreviewSharedContractVectors() passed after 0.096 seconds.
✔ Test reconnectFixtureCasesMatchMacWirePolicy() passed after 0.097 seconds.
✔ Test cancelledQueuedProducerCannotSendAfterBlockerClears() passed after 0.099 seconds.
✔ Test screenQueueRejectsWorkBeyondControlAndFrameCaps() passed after 0.099 seconds.
✔ Test replacementWaitsForPredecessorShutdownCompletion() passed after 0.104 seconds.
✔ Test reconnectWriteTimesOutWhenPeerStopsReading() passed after 0.107 seconds.
✔ Test startReportsBindFailureSynchronously() passed after 0.107 seconds.
✔ Test foundationSecureServerReceivesAndroidCompatibleFrame() passed after 0.107 seconds.
✔ Test closingSocketDuringReceiveCannotCloseReusedDescriptor() passed after 0.109 seconds.
✔ Test cancellingStalledReconnectReceiveJoinsOwnedIO() passed after 0.109 seconds.
✔ Test reconnectEncryptedVectorsMatchMacWirePolicy() passed after 0.109 seconds.
✔ Test conditionalReconnectConnectWaitsForHeldOrdinaryGateAndDoesNotRetry() passed after 0.109 seconds.
✔ Test sharedSenderSerializesTrafficAndPrioritizesOrdinaryWork() passed after 0.115 seconds.
✔ Test reconnectReceiveRejectsCompletionAfterReplayPersistenceDeadline(expiresAtCompletion:) with 2 test cases passed after 0.116 seconds.
✔ Test reconnectListenerStopJoinsAuthenticatedReplayPersistence() passed after 0.121 seconds.
✔ Test foundationSecureServerRejectsWrongDeviceId() passed after 0.122 seconds.
✔ Test conditionalReconnectExchangesShareDurableReplayWindow(order:) with 4 test cases passed after 0.147 seconds.
✔ Test conditionalReconnectSharedWireVectors() passed after 0.183 seconds.
✔ Test fileTransferSharedContractVectors() passed after 0.209 seconds.
✔ Test foundationSecureServerRejectsReplay() passed after 0.225 seconds.
✔ Test conditionalReconnectStaleReverseCancellationPreservesReplacement() passed after 0.241 seconds.
✔ Test partialSocketDeadlineAllowsNextCompleteFrame() passed after 0.252 seconds.
✔ Test conditionalReconnectHandshakePreservesUntilAcceptanceAndBindsAllPhases(reply:) with 3 test cases passed after 0.261 seconds.
✔ Test reconnectReceiveUsesOneDeadlineAcrossHeaderAndBody() passed after 0.296 seconds.
✔ Test expiredSendBurnsSequenceButWritesNoBytes() passed after 1.019 seconds.
✔ Test queuedScreenPayloadExpiresWhileOrdinaryWriteIsBlocked() passed after 1.076 seconds.
✔ Test successorScreenExpiryAndCancellationRunWhilePredecessorIsHeld() passed after 1.083 seconds.
✔ Test candidateDeadlineClosesReverseChannelWhileBlockedCommitJoins() passed after 2.070 seconds.
✔ Test run with 124 tests in 0 suites passed after 2.073 seconds.
Building for debugging...
Build complete! (0.17 sec)
Building for production...
[3 / 11] PlinkCore
<repo>/macos/Sources/PlinkCore/ReconnectEndpointStore.swift:80:14: warning: result of call to 'withLock' is unused [#NoUsage]
 78 |
 79 |     fileprivate func invalidate(candidateID: UUID) {
 80 |         lock.withLock { candidates.removeValue(forKey: candidateID) }
    |              `- warning: result of call to 'withLock' is unused [#NoUsage]
 81 |     }
 82 |

[#NoUsage]: <https://docs.swift.org/compiler/documentation/diagnostics/no-usage>
[5 / 12] PlinkCore
[8 / 10] PlinkMac-product
[9 / 11] PlinkMac-product
[12 / 14] PlinkMac-product
[13 / 14] PlinkMac-product
Build complete! (12.51 sec)
<repo>/build/PlinkMac.app: replacing existing signature
<repo>/build/PlinkMac.app
<repo>/build/PlinkMac.app.zip
 M README.md
 M android/src/main/java/app/plink/android/protocol/ReconnectProtocol.kt
 M android/src/main/java/app/plink/android/reconnect/ReconnectCoordinator.kt
 M android/src/main/java/app/plink/android/reconnect/ReconnectLifecycleOwner.kt
 M android/src/main/java/app/plink/android/services/PlinkSessionController.kt
 M android/src/test/java/app/plink/android/protocol/ReconnectFixtureContractTest.kt
 M android/src/test/java/app/plink/android/reconnect/ReconnectTest.kt
 M android/src/test/java/app/plink/android/security/DurableFrameStateTest.kt
 M android/src/test/java/app/plink/android/services/OrdinaryAdmissionTest.kt
 M android/src/test/java/app/plink/android/transport/SocketSecurityTest.kt
 M docs/manual-test-plan.md
 M macos/Resources/Info.plist
 M macos/Sources/PlinkCore/ReconnectProtocol.swift
 M macos/Sources/PlinkCore/ReconnectSession.swift
 M macos/Sources/PlinkMac/NotificationBridge.swift
 M macos/Sources/PlinkMac/PlinkMacApp.swift
 M macos/Sources/PlinkMac/ReconnectController.swift
 M macos/Tests/PlinkCoreTests/ReconnectFixtureContractTests.swift
 M macos/Tests/PlinkCoreTests/ReconnectTests.swift
 M macos/Tests/PlinkMacTests/ReconnectLifecycleTests.swift
?? docs/evidence/iteration-9/
?? shared/protocol/v1/reconnect/conditional-v2-vectors.json
