Verification started (UTC): 2026-09-21T15:52:09Z
Repository commit: 09ad79fa22539db7a1eed62860cb7104dce95322
 M android/src/main/java/app/plink/android/notifications/NotificationMapper.kt
 M macos/Sources/PlinkMac/BluetoothCallController.swift
 M macos/Sources/PlinkMac/NotificationBridge.swift
 M macos/Sources/PlinkMac/PlinkMacApp.swift
?? macos/Tests/PlinkMacTests/BluetoothCallControllerTests.swift
?? macos/Tests/PlinkMacTests/NotificationBridgeTests.swift
ProductName:		macOS
ProductVersion:		27.0
BuildVersion:		26A428
openjdk version "17.0.20.1" 2026-08-18
OpenJDK Runtime Environment Homebrew (build 17.0.20.1+0)
OpenJDK 64-Bit Server VM Homebrew (build 17.0.20.1+0, mixed mode, sharing)

------------------------------------------------------------
Gradle 9.3.1
------------------------------------------------------------

Build time:    2026-01-29 14:15:01 UTC
Revision:      44f4e8d3122ee6e7cbf5a248d7e20b4ca666bda3

Kotlin:        2.2.21
Groovy:        4.0.29
Ant:           Apache Ant(TM) version 1.10.15 compiled on August 25 2024
Launcher JVM:  17.0.20.1 (Homebrew 17.0.20.1+0)
Daemon JVM:    /opt/homebrew/Cellar/openjdk@17/17.0.20.1/libexec/openjdk.jdk/Contents/Home (no Daemon JVM specified, using current Java home)
OS:            Mac OS X 27.0 aarch64

swift-driver version: 1.168.6 Apple Swift version 6.4 (swiftlang-6.4.0.34.1 clang-2100.3.34.1)
Target: arm64-apple-macosx27.0.0
Xcode 27.0
Build version 27A266a
27.0
To honour the JVM settings for this build a single-use Daemon process will be forked. For more on this, please refer to https://docs.gradle.org/9.3.1/userguide/gradle_daemon.html#sec:disabling_the_daemon in the Gradle documentation.
Daemon will be stopped at the end of the build 
Warning: SDK processing. This version only understands SDK XML versions up to 3 but an SDK XML file of version 4 was encountered. This can happen if you use versions of Android Studio and the command-line tools that were released at different times.

> Task :android:printBuildEnvironment
Android compile SDK: 36
Android build tools: 36.0.0
Android minimum SDK: 26
Android target SDK: 36

> Task :android:clean
> Task :android:preBuild UP-TO-DATE
> Task :android:preDebugBuild UP-TO-DATE
> Task :android:mergeDebugNativeDebugMetadata NO-SOURCE
> Task :android:generateDebugResources
> Task :android:packageDebugResources
> Task :android:compileDebugAidl
> Task :android:processDebugNavigationResources
> Task :android:generateDebugAssets UP-TO-DATE
> Task :android:javaPreCompileDebug
> Task :android:mergeDebugAssets
> Task :android:compressDebugAssets
> Task :android:desugarDebugFileDependencies
> Task :android:parseDebugLocalResources
> Task :android:checkDebugAarMetadata
> Task :android:compileDebugNavigationResources
> Task :android:mapDebugSourceSetPaths
> Task :android:generateDebugRFile
> Task :android:mergeDebugResources
> Task :android:createDebugCompatibleScreenManifests
> Task :android:extractDeepLinksDebug
> Task :android:processDebugMainManifest
> Task :android:processDebugManifest
> Task :android:mergeDebugJniLibFolders
> Task :android:mergeDebugNativeLibs
> Task :android:checkDebugDuplicateClasses
> Task :android:validateSigningDebug
> Task :android:processDebugManifestForPackage
> Task :android:mergeLibDexDebug
> Task :android:writeDebugAppMetadata

> Task :android:stripDebugDebugSymbols
Unable to strip the following libraries, packaging them as they are: libandroidx.graphics.path.so. Run with --info option to learn more.

> Task :android:writeDebugSigningConfigVersions
> Task :android:preReleaseBuild UP-TO-DATE
> Task :android:mergeReleaseJniLibFolders
> Task :android:mergeReleaseNativeLibs

> Task :android:stripReleaseDebugSymbols
Unable to strip the following libraries, packaging them as they are: libandroidx.graphics.path.so. Run with --info option to learn more.

> Task :android:checkReleaseDuplicateClasses
> Task :android:generateReleaseResources
> Task :android:extractReleaseNativeSymbolTables
> Task :android:packageReleaseResources
> Task :android:mergeReleaseNativeDebugMetadata NO-SOURCE
> Task :android:processReleaseNavigationResources
> Task :android:javaPreCompileRelease
> Task :android:compileReleaseAidl
> Task :android:parseReleaseLocalResources
> Task :android:mergeReleaseArtProfile
> Task :android:generateReleaseRFile
> Task :android:compileReleaseNavigationResources
> Task :android:checkReleaseAarMetadata
> Task :android:mapReleaseSourceSetPaths
> Task :android:createReleaseCompatibleScreenManifests
> Task :android:extractDeepLinksRelease
> Task :android:processReleaseMainManifest
> Task :android:processReleaseManifest
> Task :android:extractProguardFiles
> Task :android:mergeReleaseResources
> Task :android:mergeReleaseStartupProfile UP-TO-DATE
> Task :android:generateReleaseAssets UP-TO-DATE
> Task :android:mergeReleaseAssets
> Task :android:compressReleaseAssets
> Task :android:extractReleaseVersionControlInfo
> Task :android:processDebugResources
> Task :android:collectReleaseDependencies
> Task :android:sdkReleaseDependencyData
> Task :android:writeReleaseAppMetadata
> Task :android:writeReleaseSigningConfigVersions
> Task :android:preDebugAndroidTestBuild SKIPPED
> Task :android:compileDebugAndroidTestAidl NO-SOURCE
> Task :android:generateDebugAndroidTestResources
> Task :android:packageDebugAndroidTestResources
> Task :android:processDebugAndroidTestNavigationResources
> Task :android:generateDebugAndroidTestAssets UP-TO-DATE
> Task :android:javaPreCompileDebugAndroidTest
> Task :android:parseDebugAndroidTestLocalResources
> Task :android:mergeDebugAndroidTestAssets
> Task :android:compressDebugAndroidTestAssets
> Task :android:generateDebugAndroidTestRFile
> Task :android:desugarDebugAndroidTestFileDependencies
> Task :android:checkDebugAndroidTestAarMetadata
> Task :android:compileDebugAndroidTestNavigationResources
> Task :android:mapDebugAndroidTestSourceSetPaths
> Task :android:mergeDebugAndroidTestResources
> Task :android:processDebugAndroidTestManifest
> Task :android:checkDebugAndroidTestDuplicateClasses
> Task :android:mergeDebugAndroidTestJniLibFolders
> Task :android:mergeExtDexDebugAndroidTest
> Task :android:mergeDebugAndroidTestNativeLibs NO-SOURCE
> Task :android:stripDebugAndroidTestDebugSymbols NO-SOURCE
> Task :android:validateSigningDebugAndroidTest
> Task :android:mergeLibDexDebugAndroidTest
> Task :android:writeDebugAndroidTestSigningConfigVersions
> Task :android:preDebugUnitTestBuild UP-TO-DATE
> Task :android:processReleaseManifestForPackage
> Task :android:javaPreCompileDebugUnitTest
> Task :android:processDebugAndroidTestResources
> Task :android:processReleaseResources
> Task :android:optimizeReleaseResources

> Task :android:compileDebugKotlin
w: file://<workspace>/android/src/main/java/app/plink/android/reconnect/ReconnectDiscovery.kt:166:37 'val allNetworks: Array<(out) Network!>' is deprecated. Deprecated in Java.
w: file://<workspace>/android/src/main/java/app/plink/android/reconnect/ReconnectDiscovery.kt:204:36 'val allNetworks: Array<(out) Network!>' is deprecated. Deprecated in Java.
w: file://<workspace>/android/src/main/java/app/plink/android/screen/ScreenPreviewCoordinator.kt:67:32 Non-public primary constructor is exposed via the generated 'copy()' method of the 'data' class.

The generated 'copy()' will change its visibility in future releases.

To suppress the warning do one of the following:
- Annotate the data class with the '@ConsistentCopyVisibility' annotation.
- Use the '-Xconsistent-data-class-copy-visibility' compiler flag.
- Annotate the data class with the '@ExposedCopyVisibility' annotation 
  (Discouraged, but can be used to keep binary compatibility).

To learn more, see the documentation of the '@ConsistentCopyVisibility' and '@ExposedCopyVisibility' annotations.

This will become an error in language version 2.5. See https://youtrack.jetbrains.com/issue/KT-11914.

> Task :android:compileReleaseKotlin
w: file://<workspace>/android/src/main/java/app/plink/android/reconnect/ReconnectDiscovery.kt:166:37 'val allNetworks: Array<(out) Network!>' is deprecated. Deprecated in Java.
w: file://<workspace>/android/src/main/java/app/plink/android/reconnect/ReconnectDiscovery.kt:204:36 'val allNetworks: Array<(out) Network!>' is deprecated. Deprecated in Java.
w: file://<workspace>/android/src/main/java/app/plink/android/screen/ScreenPreviewCoordinator.kt:67:32 Non-public primary constructor is exposed via the generated 'copy()' method of the 'data' class.

The generated 'copy()' will change its visibility in future releases.

To suppress the warning do one of the following:
- Annotate the data class with the '@ConsistentCopyVisibility' annotation.
- Use the '-Xconsistent-data-class-copy-visibility' compiler flag.
- Annotate the data class with the '@ExposedCopyVisibility' annotation 
  (Discouraged, but can be used to keep binary compatibility).

To learn more, see the documentation of the '@ConsistentCopyVisibility' and '@ExposedCopyVisibility' annotations.

This will become an error in language version 2.5. See https://youtrack.jetbrains.com/issue/KT-11914.

> Task :android:compileDebugJavaWithJavac
> Task :android:mergeExtDexDebug
> Task :android:dexBuilderDebug
> Task :android:processDebugJavaRes
> Task :android:mergeDebugGlobalSynthetics
> Task :android:mergeProjectDexDebug
> Task :android:compileReleaseJavaWithJavac
> Task :android:mergeReleaseGeneratedProguardFiles UP-TO-DATE
> Task :android:processReleaseJavaRes
> Task :android:generateReleaseLintVitalReportModel
> Task :android:generateDebugLintReportModel
> Task :android:bundleDebugClassesToCompileJar
> Task :android:expandReleaseArtProfileWildcards
> Task :android:mergeReleaseJavaResource
> Task :android:mergeDebugJavaResource
> Task :android:generateDebugAndroidTestLintModel
> Task :android:generateDebugUnitTestLintModel
> Task :android:bundleDebugClassesToRuntimeJar
> Task :android:packageDebug
> Task :android:createDebugApkListingFileRedirect
> Task :android:assembleDebug

> Task :android:compileDebugAndroidTestKotlin
w: file://<workspace>/android/src/androidTest/java/app/plink/android/PlinkDeviceTestRunner.kt:130:16 'constructor(p0: String!, p1: String!, p2: Int, p3: String!, p4: Int, p5: Int, p6: Int, p7: Notification!, p8: UserHandle!, p9: Long): StatusBarNotification' is deprecated. Deprecated in Java.

> Task :android:compileDebugAndroidTestJavaWithJavac NO-SOURCE
> Task :android:produceReleaseComposeMapping
> Task :android:dexBuilderDebugAndroidTest
> Task :android:reportReleaseComposeMappingErrors
> Task :android:processDebugAndroidTestJavaRes
> Task :android:mergeDebugAndroidTestJavaResource
> Task :android:mergeProjectDexDebugAndroidTest
> Task :android:mergeDebugAndroidTestGlobalSynthetics
> Task :android:packageDebugAndroidTest
> Task :android:createDebugAndroidTestApkListingFileRedirect
> Task :android:assembleDebugAndroidTest

> Task :android:compileDebugUnitTestKotlin
w: file://<workspace>/android/src/test/java/app/plink/android/protocol/FileTransferPayloadPolicyTest.kt:14:42 Java type mismatch: inferred type is 'String?', but 'String' was expected.
w: file://<workspace>/android/src/test/java/app/plink/android/transport/SocketSecurityTest.kt:43:65 Redundant creation of Json format. Creating instances for each usage can be slow.

> Task :android:compileDebugUnitTestJavaWithJavac NO-SOURCE
> Task :android:processDebugUnitTestJavaRes
> Task :android:testDebugUnitTest
> Task :android:lintAnalyzeDebugAndroidTest
> Task :android:lintAnalyzeDebugUnitTest
> Task :android:minifyReleaseWithR8
> Task :android:mergeReleaseComposeMapping
> Task :android:lintVitalAnalyzeRelease
> Task :android:lintVitalReportRelease
> Task :android:lintVitalRelease
> Task :android:compileReleaseArtProfile
> Task :android:packageRelease
> Task :android:createReleaseApkListingFileRedirect
> Task :android:assembleRelease
> Task :android:lintAnalyzeDebug

> Task :android:lintReportDebug
Wrote HTML report to file://<workspace>/android/build/reports/lint-results-debug.html

> Task :android:lintDebug

BUILD SUCCESSFUL in 35s
133 actionable tasks: 131 executed, 2 up-to-date
Consider enabling configuration cache to speed up this build: https://docs.gradle.org/9.3.1/userguide/configuration_cache_enabling.html
Building for debugging...
[1 / 3]
[2 / 4] PlinkMac-product
[4 / 6] PlinkMac-product
[6 / 6] PlinkMac-product
[10 / 20] PlinkMac
[12 / 22] PlinkMac
[15 / 22] PlinkMac
[18 / 23] PlinkMacTests-product
[20 / 25] PlinkMacTests-product
[24 / 27] PlinkMacTests-product
[26 / 30] PlinkMacTests-product
Build complete! (2.34 sec)
Test Suite 'All tests' started at 2026-09-21 11:52:49.250.
Test Suite 'All tests' passed at 2026-09-21 11:52:49.251.
	 Executed 0 tests, with 0 failures (0 unexpected) in 0.000 (0.001) seconds
Test Suite 'All tests' started at 2026-09-21 11:52:49.317.
Test Suite 'PlinkCoreTests.xctest' started at 2026-09-21 11:52:49.318.
Test Suite 'MacContinuityTests' started at 2026-09-21 11:52:49.318.
Test Case '-[PlinkCoreTests.MacContinuityTests testAckRequiresMatchingActionPeerAndPendingCommand]' started.
Test Case '-[PlinkCoreTests.MacContinuityTests testAckRequiresMatchingActionPeerAndPendingCommand]' passed (0.006 seconds).
Test Case '-[PlinkCoreTests.MacContinuityTests testActiveRefreshDoesNotReenablePendingHangup]' started.
Test Case '-[PlinkCoreTests.MacContinuityTests testActiveRefreshDoesNotReenablePendingHangup]' passed (0.000 seconds).
Test Case '-[PlinkCoreTests.MacContinuityTests testAwaitingUserDoesNotClaimExecutionAndAcceptsLaterOutcome]' started.
Test Case '-[PlinkCoreTests.MacContinuityTests testAwaitingUserDoesNotClaimExecutionAndAcceptsLaterOutcome]' passed (0.000 seconds).
Test Case '-[PlinkCoreTests.MacContinuityTests testCallActionsRequireCurrentIdentityAndObservedState]' started.
Test Case '-[PlinkCoreTests.MacContinuityTests testCallActionsRequireCurrentIdentityAndObservedState]' passed (0.000 seconds).
Test Case '-[PlinkCoreTests.MacContinuityTests testDisconnectAndCallCancellationInvalidateActions]' started.
Test Case '-[PlinkCoreTests.MacContinuityTests testDisconnectAndCallCancellationInvalidateActions]' passed (0.000 seconds).
Test Case '-[PlinkCoreTests.MacContinuityTests testEveryCallActionCancelsOnTerminalStateWithoutMigratingIdentity]' started.
Test Case '-[PlinkCoreTests.MacContinuityTests testEveryCallActionCancelsOnTerminalStateWithoutMigratingIdentity]' passed (0.000 seconds).
Test Case '-[PlinkCoreTests.MacContinuityTests testExecutingInvocationQuarantinesEvenAfterRemoteEnd]' started.
Test Case '-[PlinkCoreTests.MacContinuityTests testExecutingInvocationQuarantinesEvenAfterRemoteEnd]' passed (0.000 seconds).
Test Case '-[PlinkCoreTests.MacContinuityTests testExpiredExecutingWorkStaysQuarantinedAfterLateReturn]' started.
Test Case '-[PlinkCoreTests.MacContinuityTests testExpiredExecutingWorkStaysQuarantinedAfterLateReturn]' passed (0.000 seconds).
Test Case '-[PlinkCoreTests.MacContinuityTests testHeldOrDifferentCallIndexMakesTopologyAmbiguous]' started.
Test Case '-[PlinkCoreTests.MacContinuityTests testHeldOrDifferentCallIndexMakesTopologyAmbiguous]' passed (0.000 seconds).
Test Case '-[PlinkCoreTests.MacContinuityTests testIncorrectAckDoesNotConsumePendingCommand]' started.
Test Case '-[PlinkCoreTests.MacContinuityTests testIncorrectAckDoesNotConsumePendingCommand]' passed (0.000 seconds).
Test Case '-[PlinkCoreTests.MacContinuityTests testLateOperationAndOldGenerationCannotCompleteReplacement]' started.
Test Case '-[PlinkCoreTests.MacContinuityTests testLateOperationAndOldGenerationCannotCompleteReplacement]' passed (0.000 seconds).
Test Case '-[PlinkCoreTests.MacContinuityTests testNativeContinuationIsDeniedAfterExpiryOrCancellation]' started.
Test Case '-[PlinkCoreTests.MacContinuityTests testNativeContinuationIsDeniedAfterExpiryOrCancellation]' passed (0.000 seconds).
Test Case '-[PlinkCoreTests.MacContinuityTests testQueuedExpiredWorkNeverStartsAndReturnedCompletionCanBeDelayed]' started.
Test Case '-[PlinkCoreTests.MacContinuityTests testQueuedExpiredWorkNeverStartsAndReturnedCompletionCanBeDelayed]' passed (0.000 seconds).
Test Case '-[PlinkCoreTests.MacContinuityTests testReplyContextsExpireReplaceAndClear]' started.
Test Case '-[PlinkCoreTests.MacContinuityTests testReplyContextsExpireReplaceAndClear]' passed (0.000 seconds).
Test Case '-[PlinkCoreTests.MacContinuityTests testReplyRevocationIsScopedToPeerAndNotification]' started.
Test Case '-[PlinkCoreTests.MacContinuityTests testReplyRevocationIsScopedToPeerAndNotification]' passed (0.000 seconds).
Test Case '-[PlinkCoreTests.MacContinuityTests testReturnedInvocationTimesOutRecoverablyAndInvalidatesCallActions]' started.
Test Case '-[PlinkCoreTests.MacContinuityTests testReturnedInvocationTimesOutRecoverablyAndInvalidatesCallActions]' passed (0.000 seconds).
Test Case '-[PlinkCoreTests.MacContinuityTests testSCOAndGenericActiveCannotResolveUnconfirmedAnswer]' started.
Test Case '-[PlinkCoreTests.MacContinuityTests testSCOAndGenericActiveCannotResolveUnconfirmedAnswer]' passed (0.000 seconds).
Test Case '-[PlinkCoreTests.MacContinuityTests testSCOCannotCompleteAnswerOrHangup]' started.
Test Case '-[PlinkCoreTests.MacContinuityTests testSCOCannotCompleteAnswerOrHangup]' passed (0.000 seconds).
Test Case '-[PlinkCoreTests.MacContinuityTests testSCOCannotCreateCallOrGrantActions]' started.
Test Case '-[PlinkCoreTests.MacContinuityTests testSCOCannotCreateCallOrGrantActions]' passed (0.000 seconds).
Test Case '-[PlinkCoreTests.MacContinuityTests testSocketWriteIsNotExecutionAndTimeoutIsUnknown]' started.
Test Case '-[PlinkCoreTests.MacContinuityTests testSocketWriteIsNotExecutionAndTimeoutIsUnknown]' passed (0.000 seconds).
Test Case '-[PlinkCoreTests.MacContinuityTests testStatusRejectsInvalidBatteryAndMediaCommands]' started.
Test Case '-[PlinkCoreTests.MacContinuityTests testStatusRejectsInvalidBatteryAndMediaCommands]' passed (0.000 seconds).
Test Case '-[PlinkCoreTests.MacContinuityTests testWaitingCallCannotReuseOriginalActionIdentityAfterSetupEnds]' started.
Test Case '-[PlinkCoreTests.MacContinuityTests testWaitingCallCannotReuseOriginalActionIdentityAfterSetupEnds]' passed (0.000 seconds).
Test Case '-[PlinkCoreTests.MacContinuityTests testWaitingCallDoesNotBecomeActionableWithoutCallIndexSupport]' started.
Test Case '-[PlinkCoreTests.MacContinuityTests testWaitingCallDoesNotBecomeActionableWithoutCallIndexSupport]' passed (0.000 seconds).
Test Suite 'MacContinuityTests' passed at 2026-09-21 11:52:49.327.
	 Executed 23 tests, with 0 failures (0 unexpected) in 0.008 (0.009) seconds
Test Suite 'MacDeviceIdentityTests' started at 2026-09-21 11:52:49.327.
Test Case '-[PlinkCoreTests.MacDeviceIdentityTests testDifferentInstallationsGetDifferentIdentities]' started.
Test Case '-[PlinkCoreTests.MacDeviceIdentityTests testDifferentInstallationsGetDifferentIdentities]' passed (0.002 seconds).
Test Case '-[PlinkCoreTests.MacDeviceIdentityTests testFreshIdentityPersistsAcrossInstances]' started.
Test Case '-[PlinkCoreTests.MacDeviceIdentityTests testFreshIdentityPersistsAcrossInstances]' passed (0.001 seconds).
Test Case '-[PlinkCoreTests.MacDeviceIdentityTests testLegacyPairingGetsDurableFreshOfferIdentity]' started.
Test Case '-[PlinkCoreTests.MacDeviceIdentityTests testLegacyPairingGetsDurableFreshOfferIdentity]' passed (0.001 seconds).
Test Case '-[PlinkCoreTests.MacDeviceIdentityTests testMalformedPersistedIdentityFailsClosedWithoutReplacement]' started.
Test Case '-[PlinkCoreTests.MacDeviceIdentityTests testMalformedPersistedIdentityFailsClosedWithoutReplacement]' passed (0.001 seconds).
Test Case '-[PlinkCoreTests.MacDeviceIdentityTests testTwoUpgradedMacsHaveDifferentFreshOfferIdentities]' started.
Test Case '-[PlinkCoreTests.MacDeviceIdentityTests testTwoUpgradedMacsHaveDifferentFreshOfferIdentities]' passed (0.002 seconds).
Test Suite 'MacDeviceIdentityTests' passed at 2026-09-21 11:52:49.334.
	 Executed 5 tests, with 0 failures (0 unexpected) in 0.007 (0.007) seconds
Test Suite 'MacFileTransferTests' started at 2026-09-21 11:52:49.334.
Test Case '-[PlinkCoreTests.MacFileTransferTests testAbsoluteDeadlineCannotBeExtendedBySuccessfulProgress]' started.
Test Case '-[PlinkCoreTests.MacFileTransferTests testAbsoluteDeadlineCannotBeExtendedBySuccessfulProgress]' passed (0.003 seconds).
Test Case '-[PlinkCoreTests.MacFileTransferTests testBidirectionalBoundaryFilesSaveIdenticalBytesOnlyAfterConsent]' started.
Test Case '-[PlinkCoreTests.MacFileTransferTests testBidirectionalBoundaryFilesSaveIdenticalBytesOnlyAfterConsent]' passed (2.142 seconds).
Test Case '-[PlinkCoreTests.MacFileTransferTests testBusyAndStaleConsentCannotTakeOverExistingTransfer]' started.
Test Case '-[PlinkCoreTests.MacFileTransferTests testBusyAndStaleConsentCannotTakeOverExistingTransfer]' passed (0.001 seconds).
Test Case '-[PlinkCoreTests.MacFileTransferTests testCancellationFeatureOffAndSessionResetRevokeConsentAndClean]' started.
Test Case '-[PlinkCoreTests.MacFileTransferTests testCancellationFeatureOffAndSessionResetRevokeConsentAndClean]' passed (0.001 seconds).
Test Case '-[PlinkCoreTests.MacFileTransferTests testChooserRejectsChangedTransferAndGenerationBeforeMutation]' started.
Test Case '-[PlinkCoreTests.MacFileTransferTests testChooserRejectsChangedTransferAndGenerationBeforeMutation]' passed (0.000 seconds).
Test Case '-[PlinkCoreTests.MacFileTransferTests testDeadlineCrossingDuringExportPreservesExistingDestination]' started.
Test Case '-[PlinkCoreTests.MacFileTransferTests testDeadlineCrossingDuringExportPreservesExistingDestination]' passed (0.001 seconds).
Test Case '-[PlinkCoreTests.MacFileTransferTests testDeferredChooserCannotCancelReplacementOffer]' started.
Test Case '-[PlinkCoreTests.MacFileTransferTests testDeferredChooserCannotCancelReplacementOffer]' passed (0.000 seconds).
Test Case '-[PlinkCoreTests.MacFileTransferTests testDisabledBusyForeignAndUnacceptedMessagesCannotWrite]' started.
Test Case '-[PlinkCoreTests.MacFileTransferTests testDisabledBusyForeignAndUnacceptedMessagesCannotWrite]' passed (0.000 seconds).
Test Case '-[PlinkCoreTests.MacFileTransferTests testExportFailureNeverReportsSavedAndPathTraversalRejected]' started.
Test Case '-[PlinkCoreTests.MacFileTransferTests testExportFailureNeverReportsSavedAndPathTraversalRejected]' passed (0.001 seconds).
Test Case '-[PlinkCoreTests.MacFileTransferTests testMalformedActiveChunkStopsAndCleans]' started.
Test Case '-[PlinkCoreTests.MacFileTransferTests testMalformedActiveChunkStopsAndCleans]' passed (0.001 seconds).
Test Case '-[PlinkCoreTests.MacFileTransferTests testMonotonicOfferInactivityAndAbsoluteDeadlines]' started.
Test Case '-[PlinkCoreTests.MacFileTransferTests testMonotonicOfferInactivityAndAbsoluteDeadlines]' passed (0.001 seconds).
Test Case '-[PlinkCoreTests.MacFileTransferTests testNoncanonicalBase64IsRejectedBeforeWrite]' started.
Test Case '-[PlinkCoreTests.MacFileTransferTests testNoncanonicalBase64IsRejectedBeforeWrite]' passed (0.002 seconds).
Test Case '-[PlinkCoreTests.MacFileTransferTests testOversizeNeverOffersAndCleansSnapshot]' started.
Test Case '-[PlinkCoreTests.MacFileTransferTests testOversizeNeverOffersAndCleansSnapshot]' passed (0.013 seconds).
Test Case '-[PlinkCoreTests.MacFileTransferTests testRepeatedCancellationPreservesUnconfirmedSavedOutcome]' started.
Test Case '-[PlinkCoreTests.MacFileTransferTests testRepeatedCancellationPreservesUnconfirmedSavedOutcome]' passed (0.001 seconds).
Test Case '-[PlinkCoreTests.MacFileTransferTests testSenderNeverSendsBeforeAcceptOrTreatsTransportAsSaved]' started.
Test Case '-[PlinkCoreTests.MacFileTransferTests testSenderNeverSendsBeforeAcceptOrTreatsTransportAsSaved]' passed (0.001 seconds).
Test Case '-[PlinkCoreTests.MacFileTransferTests testSnapshotSurvivesInputMutationAndTerminalFramesDoNotResave]' started.
Test Case '-[PlinkCoreTests.MacFileTransferTests testSnapshotSurvivesInputMutationAndTerminalFramesDoNotResave]' passed (0.004 seconds).
Test Case '-[PlinkCoreTests.MacFileTransferTests testWrongIndexLengthAndDigestNeverSave]' started.
Test Case '-[PlinkCoreTests.MacFileTransferTests testWrongIndexLengthAndDigestNeverSave]' passed (0.002 seconds).
Test Suite 'MacFileTransferTests' passed at 2026-09-21 11:52:51.508.
	 Executed 17 tests, with 0 failures (0 unexpected) in 2.173 (2.174) seconds
Test Suite 'MacPairingFinalizationTests' started at 2026-09-21 11:52:51.508.
Test Case '-[PlinkCoreTests.MacPairingFinalizationTests testCommitFailureInvalidatesReplacementBeforeRollback]' started.
Test Case '-[PlinkCoreTests.MacPairingFinalizationTests testCommitFailureInvalidatesReplacementBeforeRollback]' passed (0.002 seconds).
Test Case '-[PlinkCoreTests.MacPairingFinalizationTests testCommitKeepsNewTrustAndExistingSessionKeyCannotBeOverwritten]' started.
Test Case '-[PlinkCoreTests.MacPairingFinalizationTests testCommitKeepsNewTrustAndExistingSessionKeyCannotBeOverwritten]' passed (0.001 seconds).
Test Case '-[PlinkCoreTests.MacPairingFinalizationTests testInterruptedDifferentPhonePairingRestoresPreviousSelection]' started.
Test Case '-[PlinkCoreTests.MacPairingFinalizationTests testInterruptedDifferentPhonePairingRestoresPreviousSelection]' passed (0.002 seconds).
Test Case '-[PlinkCoreTests.MacPairingFinalizationTests testLegacyV2RecordCannotActivateAfterFailedFreshPairing]' started.
Test Case '-[PlinkCoreTests.MacPairingFinalizationTests testLegacyV2RecordCannotActivateAfterFailedFreshPairing]' passed (0.001 seconds).
Test Case '-[PlinkCoreTests.MacPairingFinalizationTests testPairingDifferentPhoneRestoresExplicitLatestSelection]' started.
Test Case '-[PlinkCoreTests.MacPairingFinalizationTests testPairingDifferentPhoneRestoresExplicitLatestSelection]' passed (0.001 seconds).
Test Case '-[PlinkCoreTests.MacPairingFinalizationTests testPartiallyWrittenMetadataFailureRollsBackBothStores]' started.
Test Case '-[PlinkCoreTests.MacPairingFinalizationTests testPartiallyWrittenMetadataFailureRollsBackBothStores]' passed (0.001 seconds).
Test Case '-[PlinkCoreTests.MacPairingFinalizationTests testRecoveryAfterInterruptedSaveRestoresOldTrust]' started.
Test Case '-[PlinkCoreTests.MacPairingFinalizationTests testRecoveryAfterInterruptedSaveRestoresOldTrust]' passed (0.001 seconds).
Test Case '-[PlinkCoreTests.MacPairingFinalizationTests testRollbackRestoresPriorDeviceAndRemovesOnlyNewKey]' started.
Test Case '-[PlinkCoreTests.MacPairingFinalizationTests testRollbackRestoresPriorDeviceAndRemovesOnlyNewKey]' passed (0.001 seconds).
Test Case '-[PlinkCoreTests.MacPairingFinalizationTests testUnselectedStoredRecordsNeverChooseFirstPhone]' started.
Test Case '-[PlinkCoreTests.MacPairingFinalizationTests testUnselectedStoredRecordsNeverChooseFirstPhone]' passed (0.000 seconds).
Test Suite 'MacPairingFinalizationTests' passed at 2026-09-21 11:52:51.518.
	 Executed 9 tests, with 0 failures (0 unexpected) in 0.009 (0.009) seconds
Test Suite 'PlinkCoreTests.xctest' passed at 2026-09-21 11:52:51.518.
	 Executed 54 tests, with 0 failures (0 unexpected) in 2.197 (2.200) seconds
Test Suite 'All tests' passed at 2026-09-21 11:52:51.518.
	 Executed 54 tests, with 0 failures (0 unexpected) in 2.197 (2.200) seconds
◇ Test run started.
↳ Testing Library Version: 2084
↳ Target Platform: arm64e-apple-macos14.0
◇ Suite PixelWebcamControllerTests started.
◇ Suite ScreenPreviewControllerTests started.
◇ Suite StartupRecoveryTests started.
◇ Suite ClipboardSyncControllerTests started.
◇ Suite NotificationBridgeTests started.
◇ Test absentPairingAndSavedRecordsWithoutSelectionAreDifferent() started.
◇ Test duplicateTeardownCannotClearOrUncancelReplacementStart() started.
◇ Suite ReconnectLifecycleTests started.
◇ Test missingAndInvalidFakeKeysCannotProduceReady() started.
◇ Test constructionIsInertUntilExplicitActivation() started.
◇ Test returnedFakeKeychainErrorsHaveTruthfulDistinctStates() started.
◇ Test beginShutdownClosesStartGateAndAsyncShutdownWaitsForTeardown() started.
◇ Suite BluetoothCallControllerTests started.
◇ Test pendingKeyAccessStaysUnknownAndUsesConditionalPromptCopy() started.
◇ Test decodedPixelsDisappearImmediatelyWhenPreviewStops() started.
◇ Test deferredSendRechecksUnlockedState() started.
◇ Test configuredAfterFirstSampleAttachesButStoppedGenerationCannotAttach() started.
◇ Test authorizationLossBehindBlockedDiscoveryPreventsNativeInputOrStart() started.
◇ Test queuedAmbiguousRejectionCannotCrossLocalStartAndQuitIsTerminal() started.
◇ Test concealedBlankAndOversizedTextAreRefused() started.
◇ Test staleAndTerminatingPublicationsCannotReplaceCurrentPhase() started.
◇ Test staleConnectionRejectionCannotEndReplacementPreview() started.
◇ Test changedRevisionDiscardsRacedSnapshotAndRemoteWrite() started.
◇ Test pendingSendIsCanceledByLatestTextAndEveryOffState() started.
◇ Test selectedDisconnectInvalidatesImmediatelyAndReplugNeverRestarts() started.
◇ Test clearContextsRemovesKeyedAndUnkeyedMirrorsAndRevokesIdentity() started.
◇ Test selectedReturnAcceptsEquivalentRemovalAndIgnoresDiscardedResolution() started.
◇ Test syncDoesNotReplayInactiveContentAndSuppressesOnlyRemoteRevision() started.
◇ Test disabledOrInactivePreviewCannotStart() started.
◇ Test hidingStopsSynchronouslyAndReopeningNeedsExplicitStart() started.
◇ Test heldCleanupCannotAdmitAfterAttemptExpiresOrChanges(event:) started.
◇ Test replacedDiscoveryIgnoresOldFindResolveAndTimerCallbacks() started.
◇ Test oldMirroredCallRemovalPreservesReplacementUntilItsOwnRemoval() started.
◇ Test mirroredCallTombstoneNeverRemovesOrReplacesHFPNotification() started.
◇ Test clearContextsPreservesHFPNotificationAndContext() started.
◇ Test conditionalReturnAppDispatchRechecksEligibilityAndExactDeadline() started.
◇ Test restoredControllerIsInertUntilExplicitReconnect() started.
◇ Test recoveryCannotReplaceHealthyConnectionOrRunningAttempt() started.
◇ Test duplicateEligibleWakeQueuesOneProductionDiscovery() started.
◇ Test selectedReturnCooldownSurvivesObserverRestartAndHasNoTimerRetry() started.
◇ Test rejectedConditionalHandoffLeavesOrdinaryGenerationUntouched() started.
◇ Test selectedReturnRechecksAppGateAndDropsBusyWorkWithoutRetry() started.
◇ Test pairingOrTerminationInvalidationRejectsQueuedRecovery() started.
◇ Test discoveryNotifiesLifecycleOwnerBeforeBrowsing() started.
◇ Test manualReconnectRejectsNonnumericAndNonstandardPortsBeforeCallback() started.
◇ Test selectedReturnBoundsResolutionAndRejectsNonmatchingBaseline() started.
◇ Test conditionalHandoffChecksRealCleanupAndNeverPublishesLate(event:) started.
◇ Test cancelClosesDiscoveryStateAndNotifiesLifecycleOwnerOnce() started.
◇ Test userCancelSurvivesEnvironmentChangesUntilExplicitResume() started.
◇ Test selectedReturnRejectsUntrustedOrIneligibleResolution(fault:) started.
◇ Test queuedRecoveryRechecksLifecycleBeforeStarting(event:) started.
◇ Test lifecycleDiscoveryStopDoesNotBecomeUserCancellation() started.
◇ Test selectedReturnUsesConditionalAppDispatchOnceAndPreservesConnectedState() started.
◇ Test selectedReturnEquivalentRemovalFromOldBrowserCannotRemoveCurrentService() started.
◇ Test modalSelectionAndBondRecheckCannotCommitStaleResults() started.
✔ Test absentPairingAndSavedRecordsWithoutSelectionAreDifferent() passed after 0.001 seconds.
◇ Test explicitExactNameSetupCommitsOnceAfterCatalogAndKeepsSingleFlight() started.
◇ Test recoveryWaitsForEligibilityAndConsumesOnlyOnce() started.
◇ Test chooserAndShortcutUseSameValidatedCommitPath() started.
◇ Test mirroredRemovalRequiresTheSamePeerAndNotificationKey() started.
◇ Test catalogDeduplicatesCanonicalAddressesButNeverNames() started.
◇ Test heldSetupRejectsStaleOrCancelledCompletion(reason:) started.
✔ Test returnedFakeKeychainErrorsHaveTruthfulDistinctStates() passed after 0.001 seconds.
◇ Test discoveryAndHandshakeCannotResetDeadlineAfterCleanup() started.
◇ Test selectedReturnInvalidationDropsHeldCallbacks(reason:whileResolving:) started.
◇ Test case passing 1 argument event → "cancel" to heldCleanupCannotAdmitAfterAttemptExpiresOrChanges(event:) started.
◇ Test case passing 1 argument event → "deadline" to heldCleanupCannotAdmitAfterAttemptExpiresOrChanges(event:) started.
◇ Test changedEnvironmentRejectsQueuedRecoveryFromOldGeneration() started.
◇ Test selectedReturnOriginalDeadlineExpiresDuringResolutionOrQueuedDispatch(expireWhileResolving:) started.
◇ Test case passing 1 argument event → "replacement" to conditionalHandoffChecksRealCleanupAndNeverPublishesLate(event:) started.
◇ Test case passing 1 argument event → "lock" to conditionalHandoffChecksRealCleanupAndNeverPublishesLate(event:) started.
◇ Test case passing 1 argument event → "cancel" to conditionalHandoffChecksRealCleanupAndNeverPublishesLate(event:) started.
◇ Test case passing 1 argument fault → "wrong-peer" to selectedReturnRejectsUntrustedOrIneligibleResolution(fault:) started.
✔ Test pendingKeyAccessStaysUnknownAndUsesConditionalPromptCopy() passed after 0.001 seconds.
◇ Test case passing 1 argument event → "pair replacement" to conditionalHandoffChecksRealCleanupAndNeverPublishesLate(event:) started.
◇ Test case passing 1 argument event → "termination" to conditionalHandoffChecksRealCleanupAndNeverPublishesLate(event:) started.
◇ Test selectedReturnDeadlineBelongsToMatchingCandidate(rejected:) started.
✔ Test missingAndInvalidFakeKeysCannotProduceReady() passed after 0.001 seconds.
◇ Test case passing 1 argument fault → "invalid-interface" to selectedReturnRejectsUntrustedOrIneligibleResolution(fault:) started.
◇ Test case passing 1 argument fault → "oversized-txt" to selectedReturnRejectsUntrustedOrIneligibleResolution(fault:) started.
◇ Test nonExactOrUnusableCandidatesRetainChooser(reason:) started.
◇ Test backgroundCatalogAndSavedLookupDoNotInvokeSetup() started.
◇ Test case passing 1 argument event → "cancel" to queuedRecoveryRechecksLifecycleBeforeStarting(event:) started.
◇ Test case passing 1 argument reason → "generation" to heldSetupRejectsStaleOrCancelledCompletion(reason:) started.
◇ Test case passing 1 argument fault → "wrong-port" to selectedReturnRejectsUntrustedOrIneligibleResolution(fault:) started.
◇ Test case passing 1 argument reason → "busy" to heldSetupRejectsStaleOrCancelledCompletion(reason:) started.
◇ Test case passing 1 argument event → "replacement" to heldCleanupCannotAdmitAfterAttemptExpiresOrChanges(event:) started.
◇ Test case passing 1 argument reason → "quarantine" to heldSetupRejectsStaleOrCancelledCompletion(reason:) started.
◇ Test case passing 1 argument reason → "cancel" to heldSetupRejectsStaleOrCancelledCompletion(reason:) started.
✔ Test staleAndTerminatingPublicationsCannotReplaceCurrentPhase() passed after 0.001 seconds.
◇ Test case passing 1 argument fault → "wrong-platform" to selectedReturnRejectsUntrustedOrIneligibleResolution(fault:) started.
◇ Test case passing 1 argument event → "termination" to queuedRecoveryRechecksLifecycleBeforeStarting(event:) started.
◇ Test case passing 1 argument event → "deadline" to conditionalHandoffChecksRealCleanupAndNeverPublishesLate(event:) started.
◇ Test case passing 2 arguments reason → "cancel", whileResolving → false to selectedReturnInvalidationDropsHeldCallbacks(reason:whileResolving:) started.
◇ Test case passing 2 arguments reason → "lock", whileResolving → false to selectedReturnInvalidationDropsHeldCallbacks(reason:whileResolving:) started.
◇ Test case passing 2 arguments reason → "lock", whileResolving → true to selectedReturnInvalidationDropsHeldCallbacks(reason:whileResolving:) started.
◇ Test case passing 2 arguments reason → "cancel", whileResolving → true to selectedReturnInvalidationDropsHeldCallbacks(reason:whileResolving:) started.
◇ Test case passing 1 argument expireWhileResolving → false to selectedReturnOriginalDeadlineExpiresDuringResolutionOrQueuedDispatch(expireWhileResolving:) started.
◇ Test case passing 2 arguments reason → "network change", whileResolving → true to selectedReturnInvalidationDropsHeldCallbacks(reason:whileResolving:) started.
◇ Test case passing 1 argument expireWhileResolving → true to selectedReturnOriginalDeadlineExpiresDuringResolutionOrQueuedDispatch(expireWhileResolving:) started.
◇ Test case passing 2 arguments reason → "pair replacement", whileResolving → false to selectedReturnInvalidationDropsHeldCallbacks(reason:whileResolving:) started.
◇ Test case passing 2 arguments reason → "termination", whileResolving → true to selectedReturnInvalidationDropsHeldCallbacks(reason:whileResolving:) started.
◇ Test case passing 2 arguments reason → "termination", whileResolving → false to selectedReturnInvalidationDropsHeldCallbacks(reason:whileResolving:) started.
◇ Test case passing 1 argument rejected → "failed" to selectedReturnDeadlineBelongsToMatchingCandidate(rejected:) started.
◇ Test case passing 1 argument reason → "case" to nonExactOrUnusableCandidatesRetainChooser(reason:) started.
◇ Test case passing 1 argument reason → "blank" to nonExactOrUnusableCandidatesRetainChooser(reason:) started.
◇ Test case passing 1 argument reason → "peer" to heldSetupRejectsStaleOrCancelledCompletion(reason:) started.
◇ Test case passing 1 argument rejected → "malformed" to selectedReturnDeadlineBelongsToMatchingCandidate(rejected:) started.
◇ Test case passing 1 argument reason → "unpaired" to nonExactOrUnusableCandidatesRetainChooser(reason:) started.
◇ Test case passing 2 arguments reason → "pair replacement", whileResolving → true to selectedReturnInvalidationDropsHeldCallbacks(reason:whileResolving:) started.
◇ Test case passing 1 argument reason → "none" to nonExactOrUnusableCandidatesRetainChooser(reason:) started.
✔ Suite StartupRecoveryTests passed after 0.001 seconds.
◇ Test case passing 2 arguments reason → "manual connect", whileResolving → true to selectedReturnInvalidationDropsHeldCallbacks(reason:whileResolving:) started.
✔ Test constructionIsInertUntilExplicitActivation() passed after 0.001 seconds.
◇ Test case passing 1 argument reason → "non-hfp" to nonExactOrUnusableCandidatesRetainChooser(reason:) started.
◇ Test case passing 2 arguments reason → "network change", whileResolving → false to selectedReturnInvalidationDropsHeldCallbacks(reason:whileResolving:) started.
◇ Test case passing 1 argument reason → "ambiguous" to nonExactOrUnusableCandidatesRetainChooser(reason:) started.
◇ Test case passing 1 argument reason → "call" to heldSetupRejectsStaleOrCancelledCompletion(reason:) started.
◇ Test case passing 2 arguments reason → "manual connect", whileResolving → false to selectedReturnInvalidationDropsHeldCallbacks(reason:whileResolving:) started.
◇ Test case passing 1 argument rejected → "unrelated" to selectedReturnDeadlineBelongsToMatchingCandidate(rejected:) started.
◇ Test case passing 1 argument event → "lock" to queuedRecoveryRechecksLifecycleBeforeStarting(event:) started.
◇ Test case passing 1 argument event → "pair replacement" to queuedRecoveryRechecksLifecycleBeforeStarting(event:) started.
◇ Test case passing 1 argument reason → "alias" to nonExactOrUnusableCandidatesRetainChooser(reason:) started.
◇ Test freshPairingContinuationRequiresCurrentCommittedOwner(outcome:) started.
◇ Test case passing 1 argument outcome → "committed" to freshPairingContinuationRequiresCurrentCommittedOwner(outcome:) started.
◇ Test case passing 1 argument outcome → "failed" to freshPairingContinuationRequiresCurrentCommittedOwner(outcome:) started.
◇ Test case passing 1 argument outcome → "restored" to freshPairingContinuationRequiresCurrentCommittedOwner(outcome:) started.
◇ Test case passing 1 argument outcome → "cancelled" to freshPairingContinuationRequiresCurrentCommittedOwner(outcome:) started.
◇ Test case passing 1 argument outcome → "superseded" to freshPairingContinuationRequiresCurrentCommittedOwner(outcome:) started.
2026-09-21 11:52:51.574 swiftpm-testing-helper[16735:11548530] Plink selected peer observation established
2026-09-21 11:52:51.575 swiftpm-testing-helper[16735:11548530] Plink selected peer observation established
2026-09-21 11:52:51.575 swiftpm-testing-helper[16735:11548530] Plink selected peer observation established
2026-09-21 11:52:51.575 swiftpm-testing-helper[16735:11548530] Plink selected peer observation established
2026-09-21 11:52:51.575 swiftpm-testing-helper[16735:11548530] Plink selected peer observation established
2026-09-21 11:52:51.576 swiftpm-testing-helper[16735:11548530] Plink selected peer observation established
2026-09-21 11:52:51.576 swiftpm-testing-helper[16735:11548530] Plink selected peer observation established
2026-09-21 11:52:51.576 swiftpm-testing-helper[16735:11548530] Plink selected peer observation established
2026-09-21 11:52:51.576 swiftpm-testing-helper[16735:11548530] Plink selected peer observation established
2026-09-21 11:52:51.576 swiftpm-testing-helper[16735:11548530] Plink selected peer observation established
2026-09-21 11:52:51.576 swiftpm-testing-helper[16735:11548530] Plink selected peer observation established
2026-09-21 11:52:51.576 swiftpm-testing-helper[16735:11548530] Plink selected peer observation established
2026-09-21 11:52:51.576 swiftpm-testing-helper[16735:11548530] Plink selected peer observation established
2026-09-21 11:52:51.576 swiftpm-testing-helper[16735:11548530] Plink selected peer observation established
2026-09-21 11:52:51.576 swiftpm-testing-helper[16735:11548530] Plink selected peer observation established
2026-09-21 11:52:51.576 swiftpm-testing-helper[16735:11548530] Plink selected peer observation established
2026-09-21 11:52:51.576 swiftpm-testing-helper[16735:11548530] Plink selected peer observation established
2026-09-21 11:52:51.577 swiftpm-testing-helper[16735:11548530] Plink selected peer observation established
2026-09-21 11:52:51.577 swiftpm-testing-helper[16735:11548530] Plink selected peer observation established
2026-09-21 11:52:51.577 swiftpm-testing-helper[16735:11548530] Plink selected peer observation established
2026-09-21 11:52:51.577 swiftpm-testing-helper[16735:11548530] Plink selected peer observation established
2026-09-21 11:52:51.577 swiftpm-testing-helper[16735:11548530] Plink selected peer observation established
2026-09-21 11:52:51.577 swiftpm-testing-helper[16735:11548530] Plink selected peer observation established
2026-09-21 11:52:51.577 swiftpm-testing-helper[16735:11548530] Plink selected peer observation established
2026-09-21 11:52:51.577 swiftpm-testing-helper[16735:11548530] Plink selected peer observation established
2026-09-21 11:52:51.577 swiftpm-testing-helper[16735:11548530] Plink selected peer observation established
2026-09-21 11:52:51.577 swiftpm-testing-helper[16735:11548530] Plink selected peer observation established
2026-09-21 11:52:51.577 swiftpm-testing-helper[16735:11548530] Plink selected peer observation established
2026-09-21 11:52:51.577 swiftpm-testing-helper[16735:11548530] Plink selected peer observation established
2026-09-21 11:52:51.577 swiftpm-testing-helper[16735:11548530] Plink selected peer observation established
2026-09-21 11:52:51.577 swiftpm-testing-helper[16735:11548530] Plink selected peer observation established
2026-09-21 11:52:51.577 swiftpm-testing-helper[16735:11548530] Plink selected peer observation established
2026-09-21 11:52:51.577 swiftpm-testing-helper[16735:11548530] Plink selected peer observation established
2026-09-21 11:52:51.577 swiftpm-testing-helper[16735:11548530] Plink selected peer observation established
2026-09-21 11:52:51.577 swiftpm-testing-helper[16735:11548530] Plink selected peer observation established
2026-09-21 11:52:51.578 swiftpm-testing-helper[16735:11548530] Plink selected peer observation established
2026-09-21 11:52:51.578 swiftpm-testing-helper[16735:11548530] Plink selected peer observation established
2026-09-21 11:52:51.578 swiftpm-testing-helper[16735:11548530] Plink selected peer observation established
2026-09-21 11:52:51.578 swiftpm-testing-helper[16735:11548530] Plink selected peer observation established
2026-09-21 11:52:51.578 swiftpm-testing-helper[16735:11548530] Plink selected peer observation established
2026-09-21 11:52:51.578 swiftpm-testing-helper[16735:11548530] Plink selected peer observation established
2026-09-21 11:52:51.578 swiftpm-testing-helper[16735:11548530] Plink selected peer observation established
2026-09-21 11:52:51.578 swiftpm-testing-helper[16735:11548530] Plink selected peer observation established
✔ Test clearContextsRemovesKeyedAndUnkeyedMirrorsAndRevokesIdentity() passed after 0.012 seconds.
✔ Test disabledOrInactivePreviewCannotStart() passed after 0.012 seconds.
✔ Test clearContextsPreservesHFPNotificationAndContext() passed after 0.012 seconds.
✔ Test selectedReturnAcceptsEquivalentRemovalAndIgnoresDiscardedResolution() passed after 0.012 seconds.
✔ Test conditionalReturnAppDispatchRechecksEligibilityAndExactDeadline() passed after 0.012 seconds.
✔ Test mirroredCallTombstoneNeverRemovesOrReplacesHFPNotification() passed after 0.012 seconds.
✔ Test selectedReturnCooldownSurvivesObserverRestartAndHasNoTimerRetry() passed after 0.012 seconds.
✔ Test oldMirroredCallRemovalPreservesReplacementUntilItsOwnRemoval() passed after 0.012 seconds.
✔ Test rejectedConditionalHandoffLeavesOrdinaryGenerationUntouched() passed after 0.012 seconds.
✔ Test userCancelSurvivesEnvironmentChangesUntilExplicitResume() passed after 0.012 seconds.
✔ Test pairingOrTerminationInvalidationRejectsQueuedRecovery() passed after 0.012 seconds.
✔ Test manualReconnectRejectsNonnumericAndNonstandardPortsBeforeCallback() passed after 0.012 seconds.
✔ Test duplicateEligibleWakeQueuesOneProductionDiscovery() passed after 0.012 seconds.
✔ Test cancelClosesDiscoveryStateAndNotifiesLifecycleOwnerOnce() passed after 0.012 seconds.
✔ Test recoveryCannotReplaceHealthyConnectionOrRunningAttempt() passed after 0.012 seconds.
✔ Test discoveryNotifiesLifecycleOwnerBeforeBrowsing() passed after 0.012 seconds.
✔ Test restoredControllerIsInertUntilExplicitReconnect() passed after 0.012 seconds.
✔ Test selectedReturnBoundsResolutionAndRejectsNonmatchingBaseline() passed after 0.012 seconds.
✔ Test selectedReturnEquivalentRemovalFromOldBrowserCannotRemoveCurrentService() passed after 0.012 seconds.
✔ Test modalSelectionAndBondRecheckCannotCommitStaleResults() passed after 0.012 seconds.
✔ Test mirroredRemovalRequiresTheSamePeerAndNotificationKey() passed after 0.013 seconds.
✔ Test recoveryWaitsForEligibilityAndConsumesOnlyOnce() passed after 0.012 seconds.
✔ Test selectedReturnUsesConditionalAppDispatchOnceAndPreservesConnectedState() passed after 0.012 seconds.
✔ Test chooserAndShortcutUseSameValidatedCommitPath() passed after 0.012 seconds.
✔ Test catalogDeduplicatesCanonicalAddressesButNeverNames() passed after 0.012 seconds.
✔ Test replacedDiscoveryIgnoresOldFindResolveAndTimerCallbacks() passed after 0.013 seconds.
✔ Test explicitExactNameSetupCommitsOnceAfterCatalogAndKeepsSingleFlight() passed after 0.012 seconds.
✔ Test selectedReturnRechecksAppGateAndDropsBusyWorkWithoutRetry() passed after 0.013 seconds.
✔ Test changedEnvironmentRejectsQueuedRecoveryFromOldGeneration() passed after 0.012 seconds.
✔ Test heldSetupRejectsStaleOrCancelledCompletion(reason:) with 6 test cases passed after 0.012 seconds.
✔ Test selectedReturnDeadlineBelongsToMatchingCandidate(rejected:) with 3 test cases passed after 0.012 seconds.
✔ Test lifecycleDiscoveryStopDoesNotBecomeUserCancellation() passed after 0.012 seconds.
✔ Test selectedReturnRejectsUntrustedOrIneligibleResolution(fault:) with 5 test cases passed after 0.012 seconds.
✔ Test queuedRecoveryRechecksLifecycleBeforeStarting(event:) with 4 test cases passed after 0.013 seconds.
✔ Test selectedReturnOriginalDeadlineExpiresDuringResolutionOrQueuedDispatch(expireWhileResolving:) with 2 test cases passed after 0.012 seconds.
✔ Test freshPairingContinuationRequiresCurrentCommittedOwner(outcome:) with 5 test cases passed after 0.012 seconds.
✔ Suite NotificationBridgeTests passed after 0.013 seconds.
✔ Test backgroundCatalogAndSavedLookupDoNotInvokeSetup() passed after 0.012 seconds.
✔ Test nonExactOrUnusableCandidatesRetainChooser(reason:) with 7 test cases passed after 0.012 seconds.
✔ Test selectedReturnInvalidationDropsHeldCallbacks(reason:whileResolving:) with 12 test cases passed after 0.012 seconds.
✔ Suite BluetoothCallControllerTests passed after 0.013 seconds.
✔ Test conditionalHandoffChecksRealCleanupAndNeverPublishesLate(event:) with 6 test cases passed after 0.015 seconds.
✔ Test deferredSendRechecksUnlockedState() passed after 0.016 seconds.
✔ Test concealedBlankAndOversizedTextAreRefused() passed after 0.016 seconds.
✔ Test staleConnectionRejectionCannotEndReplacementPreview() passed after 0.016 seconds.
✔ Test discoveryAndHandshakeCannotResetDeadlineAfterCleanup() passed after 0.016 seconds.
✔ Test heldCleanupCannotAdmitAfterAttemptExpiresOrChanges(event:) with 3 test cases passed after 0.016 seconds.
✔ Suite ReconnectLifecycleTests passed after 0.016 seconds.
✔ Test changedRevisionDiscardsRacedSnapshotAndRemoteWrite() passed after 0.016 seconds.
✔ Test syncDoesNotReplayInactiveContentAndSuppressesOnlyRemoteRevision() passed after 0.016 seconds.
✔ Test authorizationLossBehindBlockedDiscoveryPreventsNativeInputOrStart() passed after 0.017 seconds.
✔ Test pendingSendIsCanceledByLatestTextAndEveryOffState() passed after 0.017 seconds.
✔ Suite ClipboardSyncControllerTests passed after 0.017 seconds.
✔ Test beginShutdownClosesStartGateAndAsyncShutdownWaitsForTeardown() passed after 0.019 seconds.
✔ Test selectedDisconnectInvalidatesImmediatelyAndReplugNeverRestarts() passed after 0.020 seconds.
✔ Test hidingStopsSynchronouslyAndReopeningNeedsExplicitStart() passed after 0.022 seconds.
✔ Test duplicateTeardownCannotClearOrUncancelReplacementStart() passed after 0.024 seconds.
✔ Test queuedAmbiguousRejectionCannotCrossLocalStartAndQuitIsTerminal() passed after 0.024 seconds.
✔ Test configuredAfterFirstSampleAttachesButStoppedGenerationCannotAttach() passed after 0.026 seconds.
✔ Suite PixelWebcamControllerTests passed after 0.026 seconds.
✔ Test decodedPixelsDisappearImmediatelyWhenPreviewStops() passed after 0.028 seconds.
✔ Suite ScreenPreviewControllerTests passed after 0.029 seconds.
✔ Test run with 62 tests in 7 suites passed after 0.029 seconds.
◇ Test run started.
↳ Testing Library Version: 2084
↳ Target Platform: arm64e-apple-macos14.0
◇ Test monotonicSendDeadlineRejectsBoundaryAndLateSuccess() started.
◇ Test clipboardEnvelopeCreatesHandoffAction() started.
◇ Test closingSocketDuringReceiveCannotCloseReusedDescriptor() started.
◇ Test productionDecoderRejectsNonFrameInputWithoutAllocation() started.
◇ Test replyRouterRejectsTextAboveExistingLimit() started.
◇ Test preframeIdleDoesNotRenewFirstFrameLease() started.
◇ Test secureEnvelopeOpensValidMessage() started.
◇ Test sharedSenderSerializesTrafficAndPrioritizesOrdinaryWork() started.
◇ Test cancellingStalledReconnectReceiveJoinsOwnedIO() started.
◇ Test bonjourRecordRejectsUnsupportedProtocol() started.
◇ Test confirmRejectsMissingPublicKey() started.
◇ Test replyRouterBuildsPairedDeviceReplyEnvelope() started.
◇ Test emptyLengthPrefixedFrameFailsClosed() started.
◇ Test reconnectEscapedClassificationMatchesMacWirePolicy() started.
◇ Test envelopeRoundTrips() started.
◇ Test parallelReservationsAcrossStoreInstancesAreUnique() started.
◇ Test replyLengthMatchesAndroidUTF16Units(_:) started.
◇ Test reconnectOuterTimestampsMatchMacWirePolicy() started.
◇ Test stopClosesAcceptedClientAndAllowsRebind() started.
◇ Test threeOversizeResponsesStopCapture() started.
◇ Test webcamPolicyWatchdogInvalidatesLateSamplesUntilTeardownCompletes() started.
◇ Test productionDecoderRejectsMalformedAndUnsupportedImages() started.
◇ Test demoPairingCodeMatchesSharedFixture() started.
◇ Test scopedScreenCancellationAllowsOrdinaryTrafficToProgress() started.
◇ Test screenPreviewSharedContractVectors() started.
◇ Test bonjourRecordRoundTripsPairingOffer() started.
◇ Test deriveIsStable() started.
◇ Test webcamPolicyUsesOnlyCurrentExternalUniqueIDAndStopsOnSelectionChange() started.
◇ Test acceptedSocketLeaseCannotRecaptureAfterReproof() started.
◇ Test encryptedFrameRejectsUnexpectedDeviceIds() started.
◇ Test legacyTrustDoesNotAcquireDurableTransportVersion() started.
◇ Test transcriptEndpointAndTupleAreBound() started.
◇ Test conditionalReconnectSharedWireVectors() started.
◇ Test conditionalReconnectConnectWaitsForHeldOrdinaryGateAndDoesNotRetry() started.
◇ Test replacementWaitsForPredecessorShutdownCompletion() started.
◇ Test reconnectReceiveRejectsCompletionAfterReplayPersistenceDeadline(expiresAtCompletion:) started.
◇ Test candidateDeadlineClosesReverseChannelWhileBlockedCommitJoins() started.
◇ Test replyContextDerivesFromMessageEnvelope() started.
◇ Test conditionalReconnectStaleReverseCancellationPreservesReplacement() started.
◇ Test messageBookkeepingRemovesIndexesOnReplyDismissalFailureAndExpiry() started.
◇ Test replyRouterPreservesExactUTF8Bytes(_:) started.
◇ Test untrustedOrStaleMalformedFramesNeverBecomeScreenRejections() started.
◇ Test queuedScreenPayloadExpiresWhileOrdinaryWriteIsBlocked() started.
◇ Test conditionalReconnectAdmissionPreservesUntilRetirementAndFencesReplacement() started.
◇ Test decodesAndroidFractionalIsoDates() started.
◇ Test webcamCaptureGateRejectsCancelledAndCurrentAuthorizationLossBeforeNativeCalls() started.
◇ Test foundationSecureServerRejectsWrongDeviceId() started.
◇ Test replyContextRequiresReplyCapabilityAndRouteFields() started.
◇ Test conditionalReconnectAdmissionRejectsCompetingAndStaleUnadmittedCapture() started.
◇ Test replyRouterRejectsBlankReplies() started.
◇ Test codecPersistsOnlyFullyAuthenticatedFramesAndBindsScope() started.
◇ Test cancelledQueuedProducerCannotSendAfterBlockerClears() started.
◇ Test confirmWithoutOfferFailsClosed() started.
◇ Test persistenceFailurePreventsAuthenticatedDispatch() started.
◇ Test failedIVGenerationPreventsSealing() started.
◇ Test invalidLocalTextLeavesReplyContextAvailable() started.
◇ Test webcamPolicyRejectsAStaleDiscoveryResultAfterAStop() started.
◇ Test reconnectReceiveUsesOneDeadlineAcrossHeaderAndBody() started.
◇ Test acceptsManualPairingConfirmation() started.
◇ Test foundationSecureServerReceivesAndroidCompatibleFrame() started.
◇ Test expectedLengthWaitsForCompletePayload() started.
◇ Test pairingConsentRejectsLegacyUnconfirmedPayload() started.
◇ Test successorScreenExpiryAndCancellationRunWhilePredecessorIsHeld() started.
◇ Test boundedIngressReleasesFrameAndControlSlots() started.
◇ Test strongVerificationBindsPublicKeys() started.
◇ Test replyContextStoreConsumesOnce() started.
◇ Test explicitFixtureIVStillSupportsDeterministicVectors() started.
◇ Test pairingConsentProofBindsBothIdentitiesEndpointAndStage() started.
◇ Test expiredSendBurnsSequenceButWritesNoBytes() started.
◇ Test encryptedFrameRejectsTampering() started.
◇ Test pairWriteGateGrantsQueuedLeasesInFIFOOrder() started.
◇ Test secureEnvelopeRejectsTampering() started.
◇ Test failedIVGenerationBurnsReservedSequence() started.
◇ Test unsafeWebURLFailsPolicy() started.
◇ Test partialSocketDeadlineAllowsNextCompleteFrame() started.
◇ Test invalidatedPairLifetimeClosesAdmissionAndQueuedWriter() started.
◇ Test startReportsBindFailureSynchronously() started.
◇ Test reconnectEndpointVectorsUseProductionAuthenticationAndFilenameHelpers() started.
◇ Test messageEnvelopeCreatesReplyNotificationPlan() started.
◇ Test lateCleanupCannotRemoveReplacementOrSameKeyFromAnotherPeer() started.
◇ Test reconnectFixtureCasesMatchMacWirePolicy() started.
◇ Test reconnectEncryptedVectorsMatchMacWirePolicy() started.
◇ Test oldBoundClientCannotReactivateAfterSameBindingIsReproved() started.
◇ Test webcamPolicyAcceptsConfiguredAfterFirstSampleForCurrentGenerationOnly() started.
◇ Test fileTransferSharedContractVectors() started.
◇ Test pairingConsentFieldsHaveUnambiguousBoundaries() started.
◇ Test webcamCaptureGateConsumesOnlyMatchingTeardownAndPreservesReplacementWatchdog() started.
◇ Test reconnectEndpointStoreRejectsInvalidUTF8ByteLength() started.
◇ Test conditionalReconnectExchangesShareDurableReplayWindow(order:) started.
◇ Test conditionalReconnectHandshakePreservesUntilAcceptanceAndBindsAllPhases(reply:) started.
◇ Test manualPairingPayloadRoundTripsOffer() started.
◇ Test pairingNumericHighBitVectorMatchesAndroid() started.
◇ Test bonjourRecordFallsBackToResolvedEndpoint() started.
◇ Test foundationSecureServerRejectsReplay() started.
◇ Test durableFrameStateSurvivesRecreationAndAcceptsReordering() started.
◇ Test invalidateClosesAdmissionSynchronously() started.
◇ Test screenControlLimitUsesOriginalPlaintextBytes() started.
◇ Test redactionMasksSensitivePayloadValues() started.
◇ Test durableFrameStateFailsClosedOnCorruption() started.
◇ Test authenticatedMalformedScreenVectorsAreSanitizedAfterReplayAcceptance() started.
◇ Test confirmCreatesTrustedDevice() started.
◇ Test screenQueueRejectsWorkBeyondControlAndFrameCaps() started.
◇ Test webcamPolicyRequiresPermissionSelectionAndExplicitStart() started.
◇ Test lengthPrefixedFrameRoundTrips() started.
◇ Test deterministicEncryptedScreenVectorMatchesProductionCodec() started.
◇ Test encryptedFrameRoundTripsAndRejectsReplay() started.
◇ Test maximumFileChunkFitsEncryptedFrame() started.
◇ Test shutdownReturnsOnlyAfterActiveProducerCompletes() started.
◇ Test webcamPolicyInvalidatesAQueuedStartBeforeNativeConfiguration() started.
◇ Test failedSecureRandomDoesNotReturnAnIV() started.
◇ Test webcamPolicyReleasesOnlyAfterAuthorizationLossTeardownCompletes() started.
◇ Test matchingPeerStopNeverEchoesAtLeaseBoundary() started.
◇ Test deriveChangesWithNonce() started.
◇ Test replayWindowKeepsDuplicateRejectionAfterEviction() started.
◇ Test screenSessionUsesProductionDecoderAndPullCadence() started.
◇ Test reconnectNetworkFixturesUseProductionCandidatePolicy() started.
◇ Test staleTrafficAndSanitizedRejectionsRespectCurrentSession() started.
◇ Test reconnectListenerStopJoinsAuthenticatedReplayPersistence() started.
◇ Test receiveShowsKeyBoundVerificationCode() started.
◇ Test messageBookkeepingEvictsOnlyOldestMessageAtCapacity() started.
◇ Test reconnectEndpointCommitIsAuthenticatedAndStaleCommitCannotReplaceIt() started.
◇ Test inMemorySecretStoreRoundTripsSessionKey() started.
◇ Test reconnectWriteTimesOutWhenPeerStopsReading() started.
◇ Test webcamPolicyFailsClosedWhenSelectedDeviceDisappears() started.
◇ Test case passing 1 argument unit → "😀" to replyLengthMatchesAndroidUTF16Units(_:) started.
◇ Test case passing 1 argument unit → "é" to replyLengthMatchesAndroidUTF16Units(_:) started.
◇ Test case passing 1 argument expiresAtCompletion → false to reconnectReceiveRejectsCompletionAfterReplayPersistenceDeadline(expiresAtCompletion:) started.
◇ Test case passing 1 argument expiresAtCompletion → true to reconnectReceiveRejectsCompletionAfterReplayPersistenceDeadline(expiresAtCompletion:) started.
◇ Test case passing 1 argument text → "  reply  " to replyRouterPreservesExactUTF8Bytes(_:) started.
◇ Test case passing 1 argument text → "	first
second
 " to replyRouterPreservesExactUTF8Bytes(_:) started.
◇ Test case passing 1 argument text → "é|é|👩🏽‍💻|🇺🇳|終
" to replyRouterPreservesExactUTF8Bytes(_:) started.
◇ Test case passing 1 argument text → "
	 x 	
" to replyRouterPreservesExactUTF8Bytes(_:) started.
◇ Test case passing 1 argument order → "ordinary-first" to conditionalReconnectExchangesShareDurableReplayWindow(order:) started.
◇ Test case passing 1 argument reply → "conditional" to conditionalReconnectHandshakePreservesUntilAcceptanceAndBindsAllPhases(reply:) started.
◇ Test case passing 1 argument order → "hello-first" to conditionalReconnectExchangesShareDurableReplayWindow(order:) started.
◇ Test case passing 1 argument reply → "legacy" to conditionalReconnectHandshakePreservesUntilAcceptanceAndBindsAllPhases(reply:) started.
◇ Test case passing 1 argument reply → "close" to conditionalReconnectHandshakePreservesUntilAcceptanceAndBindsAllPhases(reply:) started.
◇ Test case passing 1 argument order → "boundary-accept" to conditionalReconnectExchangesShareDurableReplayWindow(order:) started.
◇ Test case passing 1 argument order → "boundary-expire" to conditionalReconnectExchangesShareDurableReplayWindow(order:) started.
✔ Test clipboardEnvelopeCreatesHandoffAction() passed after 0.053 seconds.
✔ Test monotonicSendDeadlineRejectsBoundaryAndLateSuccess() passed after 0.057 seconds.
✔ Test replyRouterRejectsTextAboveExistingLimit() passed after 0.058 seconds.
✔ Test bonjourRecordRejectsUnsupportedProtocol() passed after 0.058 seconds.
✔ Test emptyLengthPrefixedFrameFailsClosed() passed after 0.058 seconds.
✔ Test envelopeRoundTrips() passed after 0.058 seconds.
✔ Test demoPairingCodeMatchesSharedFixture() passed after 0.058 seconds.
✔ Test confirmRejectsMissingPublicKey() passed after 0.058 seconds.
✔ Test webcamPolicyWatchdogInvalidatesLateSamplesUntilTeardownCompletes() passed after 0.058 seconds.
✔ Test replyRouterBuildsPairedDeviceReplyEnvelope() passed after 0.058 seconds.
✔ Test webcamPolicyUsesOnlyCurrentExternalUniqueIDAndStopsOnSelectionChange() passed after 0.058 seconds.
✔ Test deriveIsStable() passed after 0.059 seconds.
✔ Test legacyTrustDoesNotAcquireDurableTransportVersion() passed after 0.059 seconds.
✔ Test bonjourRecordRoundTripsPairingOffer() passed after 0.059 seconds.
✔ Test replyContextDerivesFromMessageEnvelope() passed after 0.059 seconds.
✔ Test acceptedSocketLeaseCannotRecaptureAfterReproof() passed after 0.059 seconds.
✔ Test transcriptEndpointAndTupleAreBound() passed after 0.059 seconds.
✔ Test productionDecoderRejectsNonFrameInputWithoutAllocation() passed after 0.060 seconds.
✔ Test replyRouterPreservesExactUTF8Bytes(_:) with 4 test cases passed after 0.059 seconds.
✔ Test messageBookkeepingRemovesIndexesOnReplyDismissalFailureAndExpiry() passed after 0.059 seconds.
✔ Test conditionalReconnectAdmissionPreservesUntilRetirementAndFencesReplacement() passed after 0.059 seconds.
✔ Test replyLengthMatchesAndroidUTF16Units(_:) with 2 test cases passed after 0.060 seconds.
✔ Test webcamCaptureGateRejectsCancelledAndCurrentAuthorizationLossBeforeNativeCalls() passed after 0.059 seconds.
✔ Test replyContextRequiresReplyCapabilityAndRouteFields() passed after 0.059 seconds.
✔ Test conditionalReconnectAdmissionRejectsCompetingAndStaleUnadmittedCapture() passed after 0.059 seconds.
✔ Test replyRouterRejectsBlankReplies() passed after 0.059 seconds.
✔ Test decodesAndroidFractionalIsoDates() passed after 0.059 seconds.
✔ Test encryptedFrameRejectsUnexpectedDeviceIds() passed after 0.060 seconds.
✔ Test confirmWithoutOfferFailsClosed() passed after 0.059 seconds.
✔ Test invalidLocalTextLeavesReplyContextAvailable() passed after 0.059 seconds.
✔ Test secureEnvelopeOpensValidMessage() passed after 0.060 seconds.
✔ Test webcamPolicyRejectsAStaleDiscoveryResultAfterAStop() passed after 0.059 seconds.
✔ Test preframeIdleDoesNotRenewFirstFrameLease() passed after 0.060 seconds.
✔ Test expectedLengthWaitsForCompletePayload() passed after 0.059 seconds.
✔ Test acceptsManualPairingConfirmation() passed after 0.059 seconds.
✔ Test strongVerificationBindsPublicKeys() passed after 0.059 seconds.
✔ Test replyContextStoreConsumesOnce() passed after 0.059 seconds.
✔ Test pairingConsentRejectsLegacyUnconfirmedPayload() passed after 0.059 seconds.
✔ Test pairingConsentProofBindsBothIdentitiesEndpointAndStage() passed after 0.059 seconds.
✔ Test failedIVGenerationPreventsSealing() passed after 0.059 seconds.
✔ Test threeOversizeResponsesStopCapture() passed after 0.060 seconds.
✔ Test parallelReservationsAcrossStoreInstancesAreUnique() passed after 0.060 seconds.
✔ Test failedIVGenerationBurnsReservedSequence() passed after 0.059 seconds.
✔ Test encryptedFrameRejectsTampering() passed after 0.059 seconds.
✔ Test secureEnvelopeRejectsTampering() passed after 0.059 seconds.
✔ Test messageEnvelopeCreatesReplyNotificationPlan() passed after 0.059 seconds.
✔ Test unsafeWebURLFailsPolicy() passed after 0.059 seconds.
✔ Test lateCleanupCannotRemoveReplacementOrSameKeyFromAnotherPeer() passed after 0.059 seconds.
✔ Test reconnectEndpointVectorsUseProductionAuthenticationAndFilenameHelpers() passed after 0.059 seconds.
✔ Test persistenceFailurePreventsAuthenticatedDispatch() passed after 0.060 seconds.
✔ Test oldBoundClientCannotReactivateAfterSameBindingIsReproved() passed after 0.059 seconds.
✔ Test webcamPolicyAcceptsConfiguredAfterFirstSampleForCurrentGenerationOnly() passed after 0.059 seconds.
✔ Test explicitFixtureIVStillSupportsDeterministicVectors() passed after 0.060 seconds.
✔ Test pairingConsentFieldsHaveUnambiguousBoundaries() passed after 0.059 seconds.
✔ Test webcamCaptureGateConsumesOnlyMatchingTeardownAndPreservesReplacementWatchdog() passed after 0.059 seconds.
✔ Test reconnectEndpointStoreRejectsInvalidUTF8ByteLength() passed after 0.059 seconds.
✔ Test manualPairingPayloadRoundTripsOffer() passed after 0.059 seconds.
✔ Test codecPersistsOnlyFullyAuthenticatedFramesAndBindsScope() passed after 0.060 seconds.
✔ Test pairingNumericHighBitVectorMatchesAndroid() passed after 0.059 seconds.
✔ Test bonjourRecordFallsBackToResolvedEndpoint() passed after 0.059 seconds.
✔ Test stopClosesAcceptedClientAndAllowsRebind() passed after 0.080 seconds.
✔ Test durableFrameStateSurvivesRecreationAndAcceptsReordering() passed after 0.079 seconds.
✔ Test reconnectOuterTimestampsMatchMacWirePolicy() passed after 0.080 seconds.
✔ Test reconnectEscapedClassificationMatchesMacWirePolicy() passed after 0.080 seconds.
✔ Test redactionMasksSensitivePayloadValues() passed after 0.079 seconds.
✔ Test durableFrameStateFailsClosedOnCorruption() passed after 0.079 seconds.
✔ Test confirmCreatesTrustedDevice() passed after 0.079 seconds.
✔ Test webcamPolicyRequiresPermissionSelectionAndExplicitStart() passed after 0.079 seconds.
✔ Test lengthPrefixedFrameRoundTrips() passed after 0.079 seconds.
✔ Test productionDecoderRejectsMalformedAndUnsupportedImages() passed after 0.080 seconds.
✔ Test boundedIngressReleasesFrameAndControlSlots() passed after 0.079 seconds.
✔ Test untrustedOrStaleMalformedFramesNeverBecomeScreenRejections() passed after 0.080 seconds.
✔ Test webcamPolicyInvalidatesAQueuedStartBeforeNativeConfiguration() passed after 0.079 seconds.
✔ Test failedSecureRandomDoesNotReturnAnIV() passed after 0.079 seconds.
✔ Test webcamPolicyReleasesOnlyAfterAuthorizationLossTeardownCompletes() passed after 0.079 seconds.
✔ Test deriveChangesWithNonce() passed after 0.079 seconds.
✔ Test replayWindowKeepsDuplicateRejectionAfterEviction() passed after 0.079 seconds.
✔ Test matchingPeerStopNeverEchoesAtLeaseBoundary() passed after 0.079 seconds.
✔ Test reconnectNetworkFixturesUseProductionCandidatePolicy() passed after 0.079 seconds.
✔ Test staleTrafficAndSanitizedRejectionsRespectCurrentSession() passed after 0.079 seconds.
✔ Test encryptedFrameRoundTripsAndRejectsReplay() passed after 0.079 seconds.
✔ Test receiveShowsKeyBoundVerificationCode() passed after 0.079 seconds.
✔ Test messageBookkeepingEvictsOnlyOldestMessageAtCapacity() passed after 0.079 seconds.
✔ Test inMemorySecretStoreRoundTripsSessionKey() passed after 0.079 seconds.
✔ Test webcamPolicyFailsClosedWhenSelectedDeviceDisappears() passed after 0.079 seconds.
✔ Test reconnectEndpointCommitIsAuthenticatedAndStaleCommitCannotReplaceIt() passed after 0.079 seconds.
✔ Test maximumFileChunkFitsEncryptedFrame() passed after 0.079 seconds.
✔ Test screenSessionUsesProductionDecoderAndPullCadence() passed after 0.079 seconds.
✔ Test screenControlLimitUsesOriginalPlaintextBytes() passed after 0.080 seconds.
✔ Test invalidateClosesAdmissionSynchronously() passed after 0.080 seconds.
✔ Test deterministicEncryptedScreenVectorMatchesProductionCodec() passed after 0.083 seconds.
✔ Test authenticatedMalformedScreenVectorsAreSanitizedAfterReplayAcceptance() passed after 0.090 seconds.
✔ Test invalidatedPairLifetimeClosesAdmissionAndQueuedWriter() passed after 0.091 seconds.
✔ Test shutdownReturnsOnlyAfterActiveProducerCompletes() passed after 0.091 seconds.
✔ Test reconnectFixtureCasesMatchMacWirePolicy() passed after 0.097 seconds.
✔ Test pairWriteGateGrantsQueuedLeasesInFIFOOrder() passed after 0.101 seconds.
✔ Test screenPreviewSharedContractVectors() passed after 0.102 seconds.
✔ Test scopedScreenCancellationAllowsOrdinaryTrafficToProgress() passed after 0.107 seconds.
✔ Test closingSocketDuringReceiveCannotCloseReusedDescriptor() passed after 0.108 seconds.
✔ Test cancellingStalledReconnectReceiveJoinsOwnedIO() passed after 0.108 seconds.
✔ Test startReportsBindFailureSynchronously() passed after 0.115 seconds.
✔ Test reconnectReceiveRejectsCompletionAfterReplayPersistenceDeadline(expiresAtCompletion:) with 2 test cases passed after 0.116 seconds.
✔ Test conditionalReconnectConnectWaitsForHeldOrdinaryGateAndDoesNotRetry() passed after 0.116 seconds.
✔ Test screenQueueRejectsWorkBeyondControlAndFrameCaps() passed after 0.121 seconds.
✔ Test cancelledQueuedProducerCannotSendAfterBlockerClears() passed after 0.122 seconds.
✔ Test replacementWaitsForPredecessorShutdownCompletion() passed after 0.122 seconds.
✔ Test reconnectEncryptedVectorsMatchMacWirePolicy() passed after 0.131 seconds.
✔ Test reconnectListenerStopJoinsAuthenticatedReplayPersistence() passed after 0.131 seconds.
✔ Test sharedSenderSerializesTrafficAndPrioritizesOrdinaryWork() passed after 0.138 seconds.
✔ Test conditionalReconnectExchangesShareDurableReplayWindow(order:) with 4 test cases passed after 0.150 seconds.
✔ Test reconnectWriteTimesOutWhenPeerStopsReading() passed after 0.158 seconds.
✔ Test conditionalReconnectSharedWireVectors() passed after 0.185 seconds.
✔ Test fileTransferSharedContractVectors() passed after 0.207 seconds.
✔ Test foundationSecureServerRejectsWrongDeviceId() passed after 0.211 seconds.
✔ Test foundationSecureServerReceivesAndroidCompatibleFrame() passed after 0.214 seconds.
✔ Test conditionalReconnectStaleReverseCancellationPreservesReplacement() passed after 0.238 seconds.
✔ Test foundationSecureServerRejectsReplay() passed after 0.244 seconds.
✔ Test partialSocketDeadlineAllowsNextCompleteFrame() passed after 0.265 seconds.
✔ Test conditionalReconnectHandshakePreservesUntilAcceptanceAndBindsAllPhases(reply:) with 3 test cases passed after 0.266 seconds.
✔ Test reconnectReceiveUsesOneDeadlineAcrossHeaderAndBody() passed after 0.310 seconds.
✔ Test expiredSendBurnsSequenceButWritesNoBytes() passed after 1.012 seconds.
✔ Test queuedScreenPayloadExpiresWhileOrdinaryWriteIsBlocked() passed after 1.097 seconds.
✔ Test successorScreenExpiryAndCancellationRunWhilePredecessorIsHeld() passed after 1.096 seconds.
✔ Test candidateDeadlineClosesReverseChannelWhileBlockedCommitJoins() passed after 2.075 seconds.
✔ Test run with 124 tests in 0 suites passed after 2.076 seconds.
Building for debugging...
[Planning deferred tasks]
[1 / 10]
Build complete! (0.41 sec)
Building for production...
[Planning deferred tasks]
[3 / 11] PlinkCore
<workspace>/macos/Sources/PlinkCore/ReconnectEndpointStore.swift:80:14: warning: result of call to 'withLock' is unused [#NoUsage]
 78 | 
 79 |     fileprivate func invalidate(candidateID: UUID) {
 80 |         lock.withLock { candidates.removeValue(forKey: candidateID) }
    |              `- warning: result of call to 'withLock' is unused [#NoUsage]
 81 |     }
 82 | 

[#NoUsage]: <https://docs.swift.org/compiler/documentation/diagnostics/no-usage>
[5 / 12] PlinkCore
[8 / 10] PlinkMac-product
[9 / 11] PlinkMac-product
[12 / 14] PlinkMac-product
[13 / 14] PlinkMac-product
Build complete! (12.92 sec)
<workspace>/build/PlinkMac.app: replacing existing signature
<workspace>/build/PlinkMac.app
<workspace>/build/PlinkMac.app.zip
 M android/src/main/java/app/plink/android/notifications/NotificationMapper.kt
 M macos/Sources/PlinkMac/BluetoothCallController.swift
 M macos/Sources/PlinkMac/NotificationBridge.swift
 M macos/Sources/PlinkMac/PlinkMacApp.swift
?? macos/Tests/PlinkMacTests/BluetoothCallControllerTests.swift
?? macos/Tests/PlinkMacTests/NotificationBridgeTests.swift
