package:com.android.companiondevicemanager.auto_generated_characteristics_rro
package:com.android.systemui.auto_generated_rro_vendor__
package:com.google.android.providers.media.module
package:org.nsh07.pomodoro
package:com.google.android.overlay.permissioncontroller
package:com.google.android.overlay.googlewebview
package:com.android.calllogbackup
package:com.android.carrierconfig.auto_generated_rro_vendor__
package:com.android.systemui.accessibility.accessibilitymenu
package:com.google.android.nfc
package:com.android.internal.emulation.pixel_3_xl
package:com.android.providers.contacts
package:com.android.internal.emulation.pixel_4a
package:com.android.systemui.emulation.pixel_9_pro
package:com.android.dreams.basic
package:com.android.companiondevicemanager
package:com.android.cts.priv.ctsshim
package:com.google.android.calendar
package:com.google.android.networkstack.tethering.emulator
package:com.google.android.contacts
package:com.android.mms.service
package:com.google.android.cellbroadcastreceiver
package:app.plink.android
package:com.android.providers.downloads
package:com.android.bluetoothmidiservice
package:com.android.credentialmanager
package:com.google.android.photopicker
package:com.android.wallpaper
package:com.google.android.printservice.recommendation
package:com.google.android.captiveportallogin
package:com.android.storagemanager.auto_generated_rro_product__
package:com.google.android.networkstack
package:com.google.android.overlay.googleconfig
package:com.android.keychain
package:com.google.android.accessibility.switchaccess
package:com.google.android.tag
package:com.android.internal.emulation.pixel_2_xl
package:com.android.internal.emulation.pixel_7a
package:android.auto_generated_rro_vendor__
package:com.android.devicediagnostics.auto_generated_rro_product__
package:com.google.android.apps.wellbeing
package:com.android.virtualmachine.res
package:com.android.emulator.multidisplay
package:com.android.shell
package:com.google.android.adservices.api
package:com.google.android.wifi.dialog
package:com.android.inputdevices
package:com.google.android.appsearch.apk
package:com.google.android.ondevicepersonalization.services
package:com.google.android.apps.customization.pixel
package:com.android.bookmarkprovider
package:com.google.android.onetimeinitializer
package:com.google.android.permissioncontroller
package:com.android.DeviceAsWebcam
package:com.google.android.overlay.largescreenconfig
package:com.android.internal.emulation.pixel_6a
package:com.android.sharedstoragebackup
package:com.android.imsserviceentitlement
package:com.android.providers.media
package:com.android.providers.calendar
package:com.android.providers.blockednumber
package:com.google.android.documentsui
package:com.google.android.googlesdksetup
package:com.android.carrierconfig.auto_generated_rro_product__
package:com.android.proxyhandler
package:com.android.internal.ranchu.commonoverlay
package:com.android.systemui.emulation.pixel_3a
package:com.android.managedprovisioning
package:com.android.emergency
package:com.google.android.telephony.satellite
package:com.android.managedprovisioning.auto_generated_rro_product__
package:com.google.android.gm
package:com.android.carrierdefaultapp
package:com.android.backupconfirm
package:com.google.android.hotspot2.osulogin
package:com.android.networkstack.tethering.emulator
package:com.android.nfc
package:com.google.android.deskclock
package:com.android.mtp
package:com.android.systemui.emulation.pixel_4a
package:com.google.android.gsf
package:com.google.android.apps.accessibility.voiceaccess
package:com.google.android.overlay.pixelconfigcommon
package:com.android.phone.auto_generated_characteristics_rro
package:com.android.internal.display.cutout.emulation.double
package:com.android.theme.font.notoserifsource
package:com.android.traceur.auto_generated_rro_product__
package:com.google.android.health.connect.backuprestore
package:com.android.systemui.emulation.pixel_8_pro
package:com.google.android.settings.intelligence
package:com.android.systemui.emulation.pixel_3
package:com.android.systemui
package:com.android.wallpapercropper
package:com.android.internal.emulation.pixel_4
package:com.android.systemui.emulation.pixel_7
package:com.android.internal.emulation.pixel_fold
package:com.android.internal.emulation.pixel_5
package:com.android.systemui.emulation.pixel_6
package:com.android.providers.contacts.auto_generated_rro_product__
package:com.google.android.dialer
package:com.android.systemui.emulation.pixel_5
package:com.android.internal.emulation.pixel_3
package:com.android.systemui.emulation.pixel_4
package:com.android.internal.emulation.pixel_8
package:com.android.internal.emulation.pixel_9
package:com.android.internal.emulation.pixel_6
package:com.android.systemui.emulation.pixel_9
package:com.android.internal.systemui.navbar.gestural
package:com.android.internal.emulation.pixel_7
package:com.android.systemui.emulation.pixel_8
package:com.android.role.notes.enabled
package:com.google.android.apps.nexuslauncher
package:com.google.mainline.adservices
package:com.android.devicediagnostics
package:com.google.android.apps.wallpaper
package:com.android.internal.emulation.pixel_6_pro
package:com.google.android.federatedcompute
package:com.google.android.webview
package:com.google.android.sdksandbox
package:com.android.internal.emulation.pixel_3a
package:com.android.wallpaperbackup
package:com.android.systemui.emulation.pixel_6a
package:com.google.android.cellbroadcastservice
package:com.android.internal.systemui.navbar.twobutton
package:com.android.internal.systemui.navbar.threebutton
package:com.android.egg
package:com.android.systemui.emulation.pixel_fold
package:com.android.localtransport
package:com.android.internal.emulation.pixel_9_pro_fold
package:android
package:com.android.camera2
package:com.android.systemui.emulation.pixel_3a_xl
package:com.android.providers.settings.auto_generated_rro_product__
package:com.google.android.soundpicker
package:com.google.android.packageinstaller
package:com.android.se
package:com.android.systemui.emulation.pixel_7a
package:com.android.pacprocessor
package:com.google.android.uwb.resources.goldfish.overlay
package:com.google.android.connectivity.resources.goldfish.overlay
package:com.google.android.marvin.talkbackoverlay
package:com.google.android.safetycenter.resources
package:com.google.android.apps.youtube.music
package:com.android.stk
package:com.android.internal.display.cutout.emulation.hole
package:com.android.settings
package:com.android.bips
package:com.google.android.partnersetup
package:com.android.internal.display.cutout.emulation.tall
package:com.google.android.networkstack.tethering
package:com.android.systemui.emulation.pixel_7_pro
package:com.google.android.projection.gearhead
package:com.android.cameraextensions
package:com.android.systemui.emulation.pixel_8a
package:com.google.android.odad
package:com.android.carrierconfig
package:com.google.android.ext.shared
package:com.google.android.feedback
package:com.android.chrome
package:com.google.android.apps.maps
package:com.android.systemui.emulation.pixel_9a
package:com.android.devicelockcontroller
package:com.google.android.as
package:android.auto_generated_rro_product__
package:com.android.musicfx
package:android.auto_generated_characteristics_rro
package:com.android.internal.systemui.navbar.transparent
package:com.android.server.telecom.auto_generated_rro_product__
package:com.google.android.inputmethod.latin
package:com.google.android.marvin.talkback
package:com.android.systemui.emulation.pixel_9_pro_xl
package:com.google.android.uwb.resources
package:com.android.providers.downloads.ui
package:com.google.android.wifi.resources
package:com.android.ons
package:com.google.android.healthconnect.controller
package:com.android.intentresolver
package:com.google.android.apps.docs
package:com.android.phone.auto_generated_rro_vendor__
package:com.android.certinstaller
package:com.google.android.apps.safetyhub
package:com.google.android.apps.restore
package:com.android.internal.emulation.pixel_7_pro
package:com.android.internal.emulation.pixel_9_pro_xl
package:com.android.simappdialog
package:com.android.providers.telephony
package:com.android.wallpaper.livepicker
package:com.android.internal.display.cutout.emulation.emu01
package:com.android.internal.display.cutout.emulation.waterfall
package:com.android.settings.auto_generated_rro_product__
package:com.google.android.rkpdapp
package:com.android.providers.settings
package:com.android.systemui.emulation.pixel_3_xl
package:com.android.phone
package:com.android.internal.emulation.pixel_4_xl
package:com.android.traceur
package:com.google.android.as.oss
package:com.android.internal.emulation.pixel_9a
package:com.android.internal.emulation.pixel_9_pro
package:com.google.android.apps.messaging
package:com.android.systemui.emulation.pixel_6_pro
package:com.android.internal.emulation.pixel_3a_xl
package:com.android.location.fused
package:com.android.vpndialogs
package:com.android.cellbroadcastreceiver
package:com.android.systemui.plugin.globalactions.wallet
package:com.google.android.tts
package:com.android.systemui.emulation.pixel_4_xl
package:com.google.android.googlequicksearchbox
package:com.google.android.avatarpicker
package:com.google.android.modulemetadata
package:com.android.phone.auto_generated_rro_product__
package:com.android.systemui.accessibility.accessibilitymenu.auto_generated_rro_product__
package:com.android.htmlviewer
package:com.android.vending
package:com.android.internal.emulation.pixel_8a
package:com.google.android.ext.services
package:com.google.android.overlay.largescreensettingsprovider
package:com.google.android.configupdater
package:com.google.android.gms.supervision
package:com.android.providers.userdictionary
package:com.android.providers.contactkeys
package:com.google.android.server.deviceconfig.resources
package:com.android.cts.ctsshim
package:com.google.android.apps.photos
package:com.android.bluetooth
package:com.google.android.markup
package:com.android.emulator.radio.config
package:com.android.internal.display.cutout.emulation.corner
package:com.google.android.gms
package:com.android.storagemanager
package:com.android.systemui.emulation.pixel_9_pro_fold
package:com.android.printspooler
package:com.android.systemui.auto_generated_rro_product__
package:com.android.providers.partnerbookmarks
package:com.android.soundpicker
package:com.google.mainline.telemetry
package:com.android.dynsystem
package:com.android.providers.telephony.auto_generated_characteristics_rro
package:com.google.android.bluetooth
package:com.android.internal.emulation.pixel_8_pro
package:com.android.providers.telephony.auto_generated_rro_product__
package:com.google.android.connectivity.resources
package:com.android.bips.auto_generated_rro_product__
package:com.google.android.youtube
package:com.android.simappdialog.auto_generated_rro_product__
package:com.android.externalstorage
package:com.android.server.telecom
