To honour the JVM settings for this build a single-use Daemon process will be forked. For more on this, please refer to https://docs.gradle.org/9.3.1/userguide/gradle_daemon.html#sec:disabling_the_daemon in the Gradle documentation.
Daemon will be stopped at the end of the build 
Warning: SDK processing. This version only understands SDK XML versions up to 3 but an SDK XML file of version 4 was encountered. This can happen if you use versions of Android Studio and the command-line tools that were released at different times.
> Task :android:preBuild UP-TO-DATE
> Task :android:preDebugBuild UP-TO-DATE
> Task :android:mergeDebugNativeDebugMetadata NO-SOURCE
> Task :android:generateDebugResources UP-TO-DATE
> Task :android:packageDebugResources UP-TO-DATE
> Task :android:processDebugNavigationResources UP-TO-DATE
> Task :android:parseDebugLocalResources UP-TO-DATE
> Task :android:generateDebugRFile UP-TO-DATE
> Task :android:javaPreCompileDebug UP-TO-DATE
> Task :android:generateDebugAssets UP-TO-DATE
> Task :android:mergeDebugAssets UP-TO-DATE
> Task :android:compressDebugAssets UP-TO-DATE
> Task :android:desugarDebugFileDependencies UP-TO-DATE
> Task :android:checkDebugAarMetadata UP-TO-DATE
> Task :android:compileDebugNavigationResources UP-TO-DATE
> Task :android:mapDebugSourceSetPaths UP-TO-DATE
> Task :android:mergeDebugResources UP-TO-DATE
> Task :android:createDebugCompatibleScreenManifests UP-TO-DATE
> Task :android:extractDeepLinksDebug UP-TO-DATE
> Task :android:processDebugMainManifest UP-TO-DATE
> Task :android:processDebugManifest UP-TO-DATE
> Task :android:processDebugManifestForPackage UP-TO-DATE
> Task :android:processDebugResources UP-TO-DATE
> Task :android:checkDebugDuplicateClasses UP-TO-DATE
> Task :android:mergeExtDexDebug UP-TO-DATE
> Task :android:mergeLibDexDebug UP-TO-DATE
> Task :android:mergeDebugJniLibFolders UP-TO-DATE
> Task :android:mergeDebugNativeLibs UP-TO-DATE
> Task :android:stripDebugDebugSymbols UP-TO-DATE
> Task :android:validateSigningDebug UP-TO-DATE
> Task :android:writeDebugAppMetadata UP-TO-DATE
> Task :android:writeDebugSigningConfigVersions UP-TO-DATE
> Task :android:preDebugAndroidTestBuild SKIPPED
> Task :android:extractProguardFiles UP-TO-DATE
> Task :android:preDebugUnitTestBuild UP-TO-DATE

> Task :android:compileDebugKotlin
w: file:///Users/michaelwong/Developer/Plink/android/src/main/java/app/plink/android/ui/ScreenPreviewControls.kt:94:34 Unnecessary safe call on a non-null receiver of type 'String'.

> Task :android:compileDebugJavaWithJavac NO-SOURCE
> Task :android:dexBuilderDebug
> Task :android:processDebugJavaRes UP-TO-DATE
> Task :android:mergeDebugJavaResource UP-TO-DATE
> Task :android:mergeDebugGlobalSynthetics
> Task :android:generateDebugLintReportModel
> Task :android:bundleDebugClassesToCompileJar
> Task :android:mergeProjectDexDebug
> Task :android:generateDebugAndroidTestLintModel
> Task :android:generateDebugUnitTestLintModel
> Task :android:packageDebug
> Task :android:createDebugApkListingFileRedirect UP-TO-DATE
> Task :android:assembleDebug
> Task :android:lintAnalyzeDebugAndroidTest
> Task :android:lintAnalyzeDebugUnitTest
> Task :android:lintAnalyzeDebug
> Task :android:lintReportDebug UP-TO-DATE
> Task :android:lintDebug

BUILD SUCCESSFUL in 24s
46 actionable tasks: 13 executed, 33 up-to-date
Consider enabling configuration cache to speed up this build: https://docs.gradle.org/9.3.1/userguide/configuration_cache_enabling.html
