To honour the JVM settings for this build a single-use Daemon process will be forked. For more on this, please refer to https://docs.gradle.org/9.3.1/userguide/gradle_daemon.html#sec:disabling_the_daemon in the Gradle documentation.
Daemon will be stopped at the end of the build 
Warning: SDK processing. This version only understands SDK XML versions up to 3 but an SDK XML file of version 4 was encountered. This can happen if you use versions of Android Studio and the command-line tools that were released at different times.
> Task :android:preBuild UP-TO-DATE
> Task :android:preDebugBuild UP-TO-DATE
> Task :android:generateDebugResources UP-TO-DATE
> Task :android:packageDebugResources UP-TO-DATE
> Task :android:processDebugNavigationResources UP-TO-DATE
> Task :android:parseDebugLocalResources UP-TO-DATE
> Task :android:generateDebugRFile UP-TO-DATE
> Task :android:compileDebugKotlin UP-TO-DATE
> Task :android:javaPreCompileDebug UP-TO-DATE
> Task :android:compileDebugJavaWithJavac NO-SOURCE
> Task :android:checkDebugAarMetadata UP-TO-DATE
> Task :android:compileDebugNavigationResources UP-TO-DATE
> Task :android:mapDebugSourceSetPaths UP-TO-DATE
> Task :android:mergeDebugResources UP-TO-DATE
> Task :android:createDebugCompatibleScreenManifests UP-TO-DATE
> Task :android:extractDeepLinksDebug UP-TO-DATE
> Task :android:processDebugMainManifest UP-TO-DATE
> Task :android:processDebugManifest UP-TO-DATE
> Task :android:processDebugManifestForPackage UP-TO-DATE
> Task :android:processDebugResources UP-TO-DATE
> Task :android:bundleDebugClassesToCompileJar UP-TO-DATE
> Task :android:preDebugAndroidTestBuild SKIPPED
> Task :android:generateDebugAndroidTestResources UP-TO-DATE
> Task :android:packageDebugAndroidTestResources UP-TO-DATE
> Task :android:processDebugAndroidTestNavigationResources UP-TO-DATE
> Task :android:parseDebugAndroidTestLocalResources UP-TO-DATE
> Task :android:generateDebugAndroidTestRFile UP-TO-DATE
> Task :android:javaPreCompileDebugAndroidTest UP-TO-DATE
> Task :android:generateDebugAndroidTestAssets UP-TO-DATE
> Task :android:mergeDebugAndroidTestAssets UP-TO-DATE
> Task :android:compressDebugAndroidTestAssets UP-TO-DATE
> Task :android:desugarDebugAndroidTestFileDependencies UP-TO-DATE
> Task :android:checkDebugAndroidTestAarMetadata UP-TO-DATE
> Task :android:compileDebugAndroidTestNavigationResources UP-TO-DATE
> Task :android:mapDebugAndroidTestSourceSetPaths UP-TO-DATE
> Task :android:mergeDebugAndroidTestResources UP-TO-DATE
> Task :android:processDebugAndroidTestManifest UP-TO-DATE
> Task :android:processDebugAndroidTestResources UP-TO-DATE
> Task :android:checkDebugAndroidTestDuplicateClasses UP-TO-DATE
> Task :android:mergeExtDexDebugAndroidTest UP-TO-DATE
> Task :android:mergeLibDexDebugAndroidTest UP-TO-DATE
> Task :android:mergeDebugAndroidTestJniLibFolders UP-TO-DATE
> Task :android:mergeDebugJniLibFolders UP-TO-DATE
> Task :android:mergeDebugNativeLibs UP-TO-DATE
> Task :android:mergeDebugAndroidTestNativeLibs NO-SOURCE
> Task :android:stripDebugAndroidTestDebugSymbols NO-SOURCE
> Task :android:validateSigningDebugAndroidTest UP-TO-DATE
> Task :android:writeDebugAndroidTestSigningConfigVersions UP-TO-DATE
> Task :android:compileDebugAndroidTestKotlin
> Task :android:compileDebugAndroidTestJavaWithJavac NO-SOURCE
> Task :android:dexBuilderDebugAndroidTest
> Task :android:mergeDebugAndroidTestGlobalSynthetics UP-TO-DATE
> Task :android:processDebugAndroidTestJavaRes UP-TO-DATE
> Task :android:mergeDebugAndroidTestJavaResource UP-TO-DATE
> Task :android:mergeProjectDexDebugAndroidTest
> Task :android:packageDebugAndroidTest
> Task :android:createDebugAndroidTestApkListingFileRedirect UP-TO-DATE
> Task :android:assembleDebugAndroidTest

BUILD SUCCESSFUL in 7s
49 actionable tasks: 4 executed, 45 up-to-date
Consider enabling configuration cache to speed up this build: https://docs.gradle.org/9.3.1/userguide/configuration_cache_enabling.html
